
===========================================================================
report_checks -path_delay max (Setup)
============================================================================
======================= nom_ss_100C_1v60 Corner ===================================

Startpoint: up_down (input port clocked by clk)
Endpoint: _114_ (rising edge-triggered flip-flop clocked by clk)
Path Group: clk
Path Type: max

Fanout         Cap        Slew       Delay        Time   Description
---------------------------------------------------------------------------------------------
                                  0.000000    0.000000   clock clk (rise edge)
                                  0.000000    0.000000   clock network delay (propagated)
                                  0.780000    0.780000 ^ input external delay
     1    0.002804    0.032278    0.015811    0.795811 ^ up_down (in)
                                                         up_down (net)
                      0.032278    0.000000    0.795811 ^ input12/A (sky130_fd_sc_hd__buf_1)
     4    0.018225    0.350553    0.333220    1.129031 ^ input12/X (sky130_fd_sc_hd__buf_1)
                                                         net12 (net)
                      0.350554    0.000415    1.129446 ^ fanout21/A (sky130_fd_sc_hd__buf_4)
    10    0.038123    0.182498    0.414452    1.543899 ^ fanout21/X (sky130_fd_sc_hd__buf_4)
                                                         net21 (net)
                      0.182503    0.001287    1.545186 ^ _062_/B (sky130_fd_sc_hd__xor2_1)
     3    0.008318    0.166256    0.225352    1.770537 v _062_/X (sky130_fd_sc_hd__xor2_1)
                                                         _015_ (net)
                      0.166256    0.000118    1.770656 v _067_/A1 (sky130_fd_sc_hd__o21a_1)
     3    0.014461    0.163734    0.474084    2.244740 v _067_/X (sky130_fd_sc_hd__o21a_1)
                                                         _019_ (net)
                      0.163734    0.000379    2.245119 v _080_/A3 (sky130_fd_sc_hd__o31ai_4)
     4    0.011876    0.362113    0.391642    2.636760 ^ _080_/Y (sky130_fd_sc_hd__o31ai_4)
                                                         _030_ (net)
                      0.362113    0.000264    2.637024 ^ _098_/A1 (sky130_fd_sc_hd__a31o_1)
     3    0.008925    0.165582    0.447524    3.084548 ^ _098_/X (sky130_fd_sc_hd__a31o_1)
                                                         _046_ (net)
                      0.165582    0.000260    3.084808 ^ rebuffer1/A (sky130_fd_sc_hd__dlymetal6s4s_1)
     1    0.002764    0.086416    0.359345    3.444154 ^ rebuffer1/X (sky130_fd_sc_hd__dlymetal6s4s_1)
                                                         net22 (net)
                      0.086416    0.000054    3.444208 ^ _099_/B (sky130_fd_sc_hd__nand2_1)
     1    0.003039    0.105217    0.114244    3.558452 v _099_/Y (sky130_fd_sc_hd__nand2_1)
                                                         _047_ (net)
                      0.105217    0.000090    3.558542 v _102_/A2 (sky130_fd_sc_hd__a31o_1)
     1    0.003521    0.072492    0.387424    3.945966 v _102_/X (sky130_fd_sc_hd__a31o_1)
                                                         _006_ (net)
                      0.072492    0.000119    3.946084 v _114_/D (sky130_fd_sc_hd__dfrtp_1)
                                              3.946084   data arrival time

                                  3.900000    3.900000   clock clk (rise edge)
                                  0.000000    3.900000   clock source latency
     1    0.011271    0.089832    0.058757    3.958757 ^ clk (in)
                                                         clk (net)
                      0.089833    0.000000    3.958757 ^ clkbuf_0_clk/A (sky130_fd_sc_hd__clkbuf_16)
     2    0.018597    0.065678    0.228586    4.187343 ^ clkbuf_0_clk/X (sky130_fd_sc_hd__clkbuf_16)
                                                         clknet_0_clk (net)
                      0.065678    0.000321    4.187664 ^ clkbuf_1_0__f_clk/A (sky130_fd_sc_hd__clkbuf_16)
     5    0.014802    0.060957    0.212232    4.399896 ^ clkbuf_1_0__f_clk/X (sky130_fd_sc_hd__clkbuf_16)
                                                         clknet_1_0__leaf_clk (net)
                      0.060957    0.000293    4.400188 ^ _114_/CLK (sky130_fd_sc_hd__dfrtp_1)
                                 -0.250000    4.150188   clock uncertainty
                                  0.000000    4.150188   clock reconvergence pessimism
                                 -0.280014    3.870174   library setup time
                                              3.870174   data required time
---------------------------------------------------------------------------------------------
                                              3.870174   data required time
                                             -3.946084   data arrival time
---------------------------------------------------------------------------------------------
                                             -0.075910   slack (VIOLATED)


Startpoint: up_down (input port clocked by clk)
Endpoint: _115_ (rising edge-triggered flip-flop clocked by clk)
Path Group: clk
Path Type: max

Fanout         Cap        Slew       Delay        Time   Description
---------------------------------------------------------------------------------------------
                                  0.000000    0.000000   clock clk (rise edge)
                                  0.000000    0.000000   clock network delay (propagated)
                                  0.780000    0.780000 ^ input external delay
     1    0.002804    0.032278    0.015811    0.795811 ^ up_down (in)
                                                         up_down (net)
                      0.032278    0.000000    0.795811 ^ input12/A (sky130_fd_sc_hd__buf_1)
     4    0.018225    0.350553    0.333220    1.129031 ^ input12/X (sky130_fd_sc_hd__buf_1)
                                                         net12 (net)
                      0.350554    0.000415    1.129446 ^ fanout21/A (sky130_fd_sc_hd__buf_4)
    10    0.038123    0.182498    0.414452    1.543899 ^ fanout21/X (sky130_fd_sc_hd__buf_4)
                                                         net21 (net)
                      0.182503    0.001287    1.545186 ^ _062_/B (sky130_fd_sc_hd__xor2_1)
     3    0.008947    0.358962    0.422920    1.968105 ^ _062_/X (sky130_fd_sc_hd__xor2_1)
                                                         _015_ (net)
                      0.358962    0.000127    1.968233 ^ _067_/A1 (sky130_fd_sc_hd__o21a_1)
     3    0.015914    0.256455    0.482441    2.450674 ^ _067_/X (sky130_fd_sc_hd__o21a_1)
                                                         _019_ (net)
                      0.256455    0.000422    2.451096 ^ _080_/A3 (sky130_fd_sc_hd__o31ai_4)
     4    0.011428    0.150264    0.184675    2.635771 v _080_/Y (sky130_fd_sc_hd__o31ai_4)
                                                         _030_ (net)
                      0.150264    0.000253    2.636024 v _098_/A1 (sky130_fd_sc_hd__a31o_1)
     3    0.008499    0.112823    0.403215    3.039239 v _098_/X (sky130_fd_sc_hd__a31o_1)
                                                         _046_ (net)
                      0.112823    0.000340    3.039579 v _103_/A2 (sky130_fd_sc_hd__a21oi_1)
     1    0.005361    0.242668    0.303869    3.343448 ^ _103_/Y (sky130_fd_sc_hd__a21oi_1)
                                                         _050_ (net)
                      0.242668    0.000126    3.343574 ^ _105_/A (sky130_fd_sc_hd__xnor2_1)
     1    0.002509    0.089616    0.195417    3.538990 v _105_/Y (sky130_fd_sc_hd__xnor2_1)
                                                         _052_ (net)
                      0.089616    0.000071    3.539062 v _107_/A2 (sky130_fd_sc_hd__a21o_1)
     1    0.003011    0.061595    0.323597    3.862659 v _107_/X (sky130_fd_sc_hd__a21o_1)
                                                         _007_ (net)
                      0.061595    0.000090    3.862748 v _115_/D (sky130_fd_sc_hd__dfrtp_1)
                                              3.862748   data arrival time

                                  3.900000    3.900000   clock clk (rise edge)
                                  0.000000    3.900000   clock source latency
     1    0.011271    0.089832    0.058757    3.958757 ^ clk (in)
                                                         clk (net)
                      0.089833    0.000000    3.958757 ^ clkbuf_0_clk/A (sky130_fd_sc_hd__clkbuf_16)
     2    0.018597    0.065678    0.228586    4.187343 ^ clkbuf_0_clk/X (sky130_fd_sc_hd__clkbuf_16)
                                                         clknet_0_clk (net)
                      0.065678    0.000321    4.187664 ^ clkbuf_1_0__f_clk/A (sky130_fd_sc_hd__clkbuf_16)
     5    0.014802    0.060957    0.212232    4.399896 ^ clkbuf_1_0__f_clk/X (sky130_fd_sc_hd__clkbuf_16)
                                                         clknet_1_0__leaf_clk (net)
                      0.060957    0.000285    4.400181 ^ _115_/CLK (sky130_fd_sc_hd__dfrtp_1)
                                 -0.250000    4.150181   clock uncertainty
                                  0.000000    4.150181   clock reconvergence pessimism
                                 -0.275468    3.874713   library setup time
                                              3.874713   data required time
---------------------------------------------------------------------------------------------
                                              3.874713   data required time
                                             -3.862748   data arrival time
---------------------------------------------------------------------------------------------
                                              0.011964   slack (MET)


Startpoint: up_down (input port clocked by clk)
Endpoint: _113_ (rising edge-triggered flip-flop clocked by clk)
Path Group: clk
Path Type: max

Fanout         Cap        Slew       Delay        Time   Description
---------------------------------------------------------------------------------------------
                                  0.000000    0.000000   clock clk (rise edge)
                                  0.000000    0.000000   clock network delay (propagated)
                                  0.780000    0.780000 ^ input external delay
     1    0.002804    0.032278    0.015811    0.795811 ^ up_down (in)
                                                         up_down (net)
                      0.032278    0.000000    0.795811 ^ input12/A (sky130_fd_sc_hd__buf_1)
     4    0.018225    0.350553    0.333220    1.129031 ^ input12/X (sky130_fd_sc_hd__buf_1)
                                                         net12 (net)
                      0.350554    0.000415    1.129446 ^ fanout21/A (sky130_fd_sc_hd__buf_4)
    10    0.038123    0.182498    0.414452    1.543899 ^ fanout21/X (sky130_fd_sc_hd__buf_4)
                                                         net21 (net)
                      0.182503    0.001287    1.545186 ^ _062_/B (sky130_fd_sc_hd__xor2_1)
     3    0.008947    0.358962    0.422920    1.968105 ^ _062_/X (sky130_fd_sc_hd__xor2_1)
                                                         _015_ (net)
                      0.358962    0.000127    1.968233 ^ _067_/A1 (sky130_fd_sc_hd__o21a_1)
     3    0.015914    0.256455    0.482441    2.450674 ^ _067_/X (sky130_fd_sc_hd__o21a_1)
                                                         _019_ (net)
                      0.256455    0.000422    2.451096 ^ _080_/A3 (sky130_fd_sc_hd__o31ai_4)
     4    0.011428    0.150264    0.184675    2.635771 v _080_/Y (sky130_fd_sc_hd__o31ai_4)
                                                         _030_ (net)
                      0.150264    0.000259    2.636030 v _089_/A1 (sky130_fd_sc_hd__a21o_1)
     2    0.004987    0.077906    0.339214    2.975243 v _089_/X (sky130_fd_sc_hd__a21o_1)
                                                         _038_ (net)
                      0.077946    0.000129    2.975372 v _091_/B (sky130_fd_sc_hd__or2_1)
     1    0.002538    0.093753    0.453888    3.429260 v _091_/X (sky130_fd_sc_hd__or2_1)
                                                         _040_ (net)
                      0.093753    0.000050    3.429310 v _093_/A3 (sky130_fd_sc_hd__a31o_1)
     1    0.002042    0.059402    0.383612    3.812922 v _093_/X (sky130_fd_sc_hd__a31o_1)
                                                         _005_ (net)
                      0.059402    0.000057    3.812980 v _113_/D (sky130_fd_sc_hd__dfrtp_1)
                                              3.812980   data arrival time

                                  3.900000    3.900000   clock clk (rise edge)
                                  0.000000    3.900000   clock source latency
     1    0.011271    0.089832    0.058757    3.958757 ^ clk (in)
                                                         clk (net)
                      0.089833    0.000000    3.958757 ^ clkbuf_0_clk/A (sky130_fd_sc_hd__clkbuf_16)
     2    0.018597    0.065678    0.228586    4.187343 ^ clkbuf_0_clk/X (sky130_fd_sc_hd__clkbuf_16)
                                                         clknet_0_clk (net)
                      0.065678    0.000411    4.187754 ^ clkbuf_1_1__f_clk/A (sky130_fd_sc_hd__clkbuf_16)
     4    0.012225    0.057736    0.208561    4.396315 ^ clkbuf_1_1__f_clk/X (sky130_fd_sc_hd__clkbuf_16)
                                                         clknet_1_1__leaf_clk (net)
                      0.057736    0.000297    4.396612 ^ _113_/CLK (sky130_fd_sc_hd__dfrtp_1)
                                 -0.250000    4.146612   clock uncertainty
                                  0.000000    4.146612   clock reconvergence pessimism
                                 -0.275412    3.871200   library setup time
                                              3.871200   data required time
---------------------------------------------------------------------------------------------
                                              3.871200   data required time
                                             -3.812980   data arrival time
---------------------------------------------------------------------------------------------
                                              0.058221   slack (MET)


Startpoint: up_down (input port clocked by clk)
Endpoint: _111_ (rising edge-triggered flip-flop clocked by clk)
Path Group: clk
Path Type: max

Fanout         Cap        Slew       Delay        Time   Description
---------------------------------------------------------------------------------------------
                                  0.000000    0.000000   clock clk (rise edge)
                                  0.000000    0.000000   clock network delay (propagated)
                                  0.780000    0.780000 ^ input external delay
     1    0.002804    0.032278    0.015811    0.795811 ^ up_down (in)
                                                         up_down (net)
                      0.032278    0.000000    0.795811 ^ input12/A (sky130_fd_sc_hd__buf_1)
     4    0.018225    0.350553    0.333220    1.129031 ^ input12/X (sky130_fd_sc_hd__buf_1)
                                                         net12 (net)
                      0.350554    0.000415    1.129446 ^ fanout21/A (sky130_fd_sc_hd__buf_4)
    10    0.038123    0.182498    0.414452    1.543899 ^ fanout21/X (sky130_fd_sc_hd__buf_4)
                                                         net21 (net)
                      0.182503    0.001287    1.545186 ^ _062_/B (sky130_fd_sc_hd__xor2_1)
     3    0.008947    0.358962    0.422920    1.968105 ^ _062_/X (sky130_fd_sc_hd__xor2_1)
                                                         _015_ (net)
                      0.358962    0.000127    1.968233 ^ _067_/A1 (sky130_fd_sc_hd__o21a_1)
     3    0.015914    0.256455    0.482441    2.450674 ^ _067_/X (sky130_fd_sc_hd__o21a_1)
                                                         _019_ (net)
                      0.256455    0.000459    2.451133 ^ _070_/A (sky130_fd_sc_hd__or2_1)
     2    0.005676    0.108010    0.273298    2.724431 ^ _070_/X (sky130_fd_sc_hd__or2_1)
                                                         _022_ (net)
                      0.108010    0.000119    2.724551 ^ _075_/B1 (sky130_fd_sc_hd__o21ai_1)
     2    0.006433    0.146028    0.179626    2.904177 v _075_/Y (sky130_fd_sc_hd__o21ai_1)
                                                         _026_ (net)
                      0.146028    0.000138    2.904315 v _076_/A2 (sky130_fd_sc_hd__o21ai_1)
     1    0.003653    0.186352    0.239591    3.143906 ^ _076_/Y (sky130_fd_sc_hd__o21ai_1)
                                                         _027_ (net)
                      0.186352    0.000112    3.144018 ^ _077_/B1 (sky130_fd_sc_hd__a21oi_1)
     1    0.002573    0.134344    0.112207    3.256225 v _077_/Y (sky130_fd_sc_hd__a21oi_1)
                                                         _028_ (net)
                      0.134344    0.000074    3.256299 v _078_/C1 (sky130_fd_sc_hd__a221o_1)
     1    0.002285    0.086619    0.501901    3.758200 v _078_/X (sky130_fd_sc_hd__a221o_1)
                                                         _003_ (net)
                      0.086619    0.000044    3.758244 v _111_/D (sky130_fd_sc_hd__dfrtp_1)
                                              3.758244   data arrival time

                                  3.900000    3.900000   clock clk (rise edge)
                                  0.000000    3.900000   clock source latency
     1    0.011271    0.089832    0.058757    3.958757 ^ clk (in)
                                                         clk (net)
                      0.089833    0.000000    3.958757 ^ clkbuf_0_clk/A (sky130_fd_sc_hd__clkbuf_16)
     2    0.018597    0.065678    0.228586    4.187343 ^ clkbuf_0_clk/X (sky130_fd_sc_hd__clkbuf_16)
                                                         clknet_0_clk (net)
                      0.065678    0.000321    4.187664 ^ clkbuf_1_0__f_clk/A (sky130_fd_sc_hd__clkbuf_16)
     5    0.014802    0.060957    0.212232    4.399896 ^ clkbuf_1_0__f_clk/X (sky130_fd_sc_hd__clkbuf_16)
                                                         clknet_1_0__leaf_clk (net)
                      0.060957    0.000205    4.400100 ^ _111_/CLK (sky130_fd_sc_hd__dfrtp_1)
                                 -0.250000    4.150100   clock uncertainty
                                  0.000000    4.150100   clock reconvergence pessimism
                                 -0.285906    3.864194   library setup time
                                              3.864194   data required time
---------------------------------------------------------------------------------------------
                                              3.864194   data required time
                                             -3.758244   data arrival time
---------------------------------------------------------------------------------------------
                                              0.105950   slack (MET)


Startpoint: up_down (input port clocked by clk)
Endpoint: _112_ (rising edge-triggered flip-flop clocked by clk)
Path Group: clk
Path Type: max

Fanout         Cap        Slew       Delay        Time   Description
---------------------------------------------------------------------------------------------
                                  0.000000    0.000000   clock clk (rise edge)
                                  0.000000    0.000000   clock network delay (propagated)
                                  0.780000    0.780000 ^ input external delay
     1    0.002804    0.032278    0.015811    0.795811 ^ up_down (in)
                                                         up_down (net)
                      0.032278    0.000000    0.795811 ^ input12/A (sky130_fd_sc_hd__buf_1)
     4    0.018225    0.350553    0.333220    1.129031 ^ input12/X (sky130_fd_sc_hd__buf_1)
                                                         net12 (net)
                      0.350554    0.000415    1.129446 ^ fanout21/A (sky130_fd_sc_hd__buf_4)
    10    0.038123    0.182498    0.414452    1.543899 ^ fanout21/X (sky130_fd_sc_hd__buf_4)
                                                         net21 (net)
                      0.182503    0.001287    1.545186 ^ _062_/B (sky130_fd_sc_hd__xor2_1)
     3    0.008947    0.358962    0.422920    1.968105 ^ _062_/X (sky130_fd_sc_hd__xor2_1)
                                                         _015_ (net)
                      0.358962    0.000127    1.968233 ^ _067_/A1 (sky130_fd_sc_hd__o21a_1)
     3    0.015914    0.256455    0.482441    2.450674 ^ _067_/X (sky130_fd_sc_hd__o21a_1)
                                                         _019_ (net)
                      0.256455    0.000422    2.451096 ^ _080_/A3 (sky130_fd_sc_hd__o31ai_4)
     4    0.011428    0.150264    0.184675    2.635771 v _080_/Y (sky130_fd_sc_hd__o31ai_4)
                                                         _030_ (net)
                      0.150264    0.000262    2.636033 v _084_/A (sky130_fd_sc_hd__or2_1)
     1    0.002877    0.096915    0.526754    3.162787 v _084_/X (sky130_fd_sc_hd__or2_1)
                                                         _034_ (net)
                      0.096915    0.000085    3.162872 v _087_/A2 (sky130_fd_sc_hd__a31o_1)
     1    0.002784    0.065649    0.375094    3.537965 v _087_/X (sky130_fd_sc_hd__a31o_1)
                                                         _004_ (net)
                      0.065649    0.000083    3.538048 v _112_/D (sky130_fd_sc_hd__dfrtp_1)
                                              3.538048   data arrival time

                                  3.900000    3.900000   clock clk (rise edge)
                                  0.000000    3.900000   clock source latency
     1    0.011271    0.089832    0.058757    3.958757 ^ clk (in)
                                                         clk (net)
                      0.089833    0.000000    3.958757 ^ clkbuf_0_clk/A (sky130_fd_sc_hd__clkbuf_16)
     2    0.018597    0.065678    0.228586    4.187343 ^ clkbuf_0_clk/X (sky130_fd_sc_hd__clkbuf_16)
                                                         clknet_0_clk (net)
                      0.065678    0.000411    4.187754 ^ clkbuf_1_1__f_clk/A (sky130_fd_sc_hd__clkbuf_16)
     4    0.012225    0.057736    0.208561    4.396315 ^ clkbuf_1_1__f_clk/X (sky130_fd_sc_hd__clkbuf_16)
                                                         clknet_1_1__leaf_clk (net)
                      0.057736    0.000250    4.396565 ^ _112_/CLK (sky130_fd_sc_hd__dfrtp_1)
                                 -0.250000    4.146565   clock uncertainty
                                  0.000000    4.146565   clock reconvergence pessimism
                                 -0.278018    3.868547   library setup time
                                              3.868547   data required time
---------------------------------------------------------------------------------------------
                                              3.868547   data required time
                                             -3.538048   data arrival time
---------------------------------------------------------------------------------------------
                                              0.330499   slack (MET)


Startpoint: up_down (input port clocked by clk)
Endpoint: _110_ (rising edge-triggered flip-flop clocked by clk)
Path Group: clk
Path Type: max

Fanout         Cap        Slew       Delay        Time   Description
---------------------------------------------------------------------------------------------
                                  0.000000    0.000000   clock clk (rise edge)
                                  0.000000    0.000000   clock network delay (propagated)
                                  0.780000    0.780000 ^ input external delay
     1    0.002804    0.032278    0.015811    0.795811 ^ up_down (in)
                                                         up_down (net)
                      0.032278    0.000000    0.795811 ^ input12/A (sky130_fd_sc_hd__buf_1)
     4    0.018225    0.350553    0.333220    1.129031 ^ input12/X (sky130_fd_sc_hd__buf_1)
                                                         net12 (net)
                      0.350554    0.000415    1.129446 ^ fanout21/A (sky130_fd_sc_hd__buf_4)
    10    0.038123    0.182498    0.414452    1.543899 ^ fanout21/X (sky130_fd_sc_hd__buf_4)
                                                         net21 (net)
                      0.182503    0.001287    1.545186 ^ _062_/B (sky130_fd_sc_hd__xor2_1)
     3    0.008318    0.166256    0.225352    1.770537 v _062_/X (sky130_fd_sc_hd__xor2_1)
                                                         _015_ (net)
                      0.166256    0.000118    1.770656 v _067_/A1 (sky130_fd_sc_hd__o21a_1)
     3    0.014461    0.163734    0.474084    2.244740 v _067_/X (sky130_fd_sc_hd__o21a_1)
                                                         _019_ (net)
                      0.163734    0.000423    2.245163 v _070_/A (sky130_fd_sc_hd__or2_1)
     2    0.005444    0.121407    0.565740    2.810903 v _070_/X (sky130_fd_sc_hd__or2_1)
                                                         _022_ (net)
                      0.121407    0.000130    2.811033 v _072_/A3 (sky130_fd_sc_hd__a31o_1)
     1    0.002571    0.063832    0.402292    3.213325 v _072_/X (sky130_fd_sc_hd__a31o_1)
                                                         _002_ (net)
                      0.063832    0.000073    3.213398 v _110_/D (sky130_fd_sc_hd__dfrtp_2)
                                              3.213398   data arrival time

                                  3.900000    3.900000   clock clk (rise edge)
                                  0.000000    3.900000   clock source latency
     1    0.011271    0.089832    0.058757    3.958757 ^ clk (in)
                                                         clk (net)
                      0.089833    0.000000    3.958757 ^ clkbuf_0_clk/A (sky130_fd_sc_hd__clkbuf_16)
     2    0.018597    0.065678    0.228586    4.187343 ^ clkbuf_0_clk/X (sky130_fd_sc_hd__clkbuf_16)
                                                         clknet_0_clk (net)
                      0.065678    0.000321    4.187664 ^ clkbuf_1_0__f_clk/A (sky130_fd_sc_hd__clkbuf_16)
     5    0.014802    0.060957    0.212232    4.399896 ^ clkbuf_1_0__f_clk/X (sky130_fd_sc_hd__clkbuf_16)
                                                         clknet_1_0__leaf_clk (net)
                      0.060957    0.000318    4.400213 ^ _110_/CLK (sky130_fd_sc_hd__dfrtp_2)
                                 -0.250000    4.150213   clock uncertainty
                                  0.000000    4.150213   clock reconvergence pessimism
                                 -0.276441    3.873772   library setup time
                                              3.873772   data required time
---------------------------------------------------------------------------------------------
                                              3.873772   data required time
                                             -3.213398   data arrival time
---------------------------------------------------------------------------------------------
                                              0.660374   slack (MET)


Startpoint: _110_ (rising edge-triggered flip-flop clocked by clk)
Endpoint: count[2] (output port clocked by clk)
Path Group: clk
Path Type: max

Fanout         Cap        Slew       Delay        Time   Description
---------------------------------------------------------------------------------------------
                                  0.000000    0.000000   clock clk (rise edge)
                                  0.000000    0.000000   clock source latency
     1    0.011271    0.089832    0.058757    0.058757 ^ clk (in)
                                                         clk (net)
                      0.089833    0.000000    0.058757 ^ clkbuf_0_clk/A (sky130_fd_sc_hd__clkbuf_16)
     2    0.018597    0.065678    0.228586    0.287343 ^ clkbuf_0_clk/X (sky130_fd_sc_hd__clkbuf_16)
                                                         clknet_0_clk (net)
                      0.065678    0.000321    0.287664 ^ clkbuf_1_0__f_clk/A (sky130_fd_sc_hd__clkbuf_16)
     5    0.014802    0.060957    0.212232    0.499896 ^ clkbuf_1_0__f_clk/X (sky130_fd_sc_hd__clkbuf_16)
                                                         clknet_1_0__leaf_clk (net)
                      0.060957    0.000317    0.500213 ^ _110_/CLK (sky130_fd_sc_hd__dfrtp_2)
     5    0.017958    0.145174    0.889451    1.389664 v _110_/Q (sky130_fd_sc_hd__dfrtp_2)
                                                         net15 (net)
                      0.145174    0.000310    1.389974 v output15/A (sky130_fd_sc_hd__buf_2)
     1    0.034078    0.165215    0.379960    1.769934 v output15/X (sky130_fd_sc_hd__buf_2)
                                                         count[2] (net)
                      0.165216    0.000705    1.770640 v count[2] (out)
                                              1.770640   data arrival time

                                  3.900000    3.900000   clock clk (rise edge)
                                  0.000000    3.900000   clock network delay (propagated)
                                 -0.250000    3.650000   clock uncertainty
                                  0.000000    3.650000   clock reconvergence pessimism
                                 -0.780000    2.870000   output external delay
                                              2.870000   data required time
---------------------------------------------------------------------------------------------
                                              2.870000   data required time
                                             -1.770640   data arrival time
---------------------------------------------------------------------------------------------
                                              1.099360   slack (MET)


Startpoint: _111_ (rising edge-triggered flip-flop clocked by clk)
Endpoint: count[3] (output port clocked by clk)
Path Group: clk
Path Type: max

Fanout         Cap        Slew       Delay        Time   Description
---------------------------------------------------------------------------------------------
                                  0.000000    0.000000   clock clk (rise edge)
                                  0.000000    0.000000   clock source latency
     1    0.011271    0.089832    0.058757    0.058757 ^ clk (in)
                                                         clk (net)
                      0.089833    0.000000    0.058757 ^ clkbuf_0_clk/A (sky130_fd_sc_hd__clkbuf_16)
     2    0.018597    0.065678    0.228586    0.287343 ^ clkbuf_0_clk/X (sky130_fd_sc_hd__clkbuf_16)
                                                         clknet_0_clk (net)
                      0.065678    0.000321    0.287664 ^ clkbuf_1_0__f_clk/A (sky130_fd_sc_hd__clkbuf_16)
     5    0.014802    0.060957    0.212232    0.499896 ^ clkbuf_1_0__f_clk/X (sky130_fd_sc_hd__clkbuf_16)
                                                         clknet_1_0__leaf_clk (net)
                      0.060957    0.000205    0.500100 ^ _111_/CLK (sky130_fd_sc_hd__dfrtp_1)
     4    0.015260    0.178604    0.843862    1.343962 v _111_/Q (sky130_fd_sc_hd__dfrtp_1)
                                                         net16 (net)
                      0.178604    0.000331    1.344293 v output16/A (sky130_fd_sc_hd__buf_2)
     1    0.034256    0.165964    0.396652    1.740946 v output16/X (sky130_fd_sc_hd__buf_2)
                                                         count[3] (net)
                      0.165964    0.000701    1.741646 v count[3] (out)
                                              1.741646   data arrival time

                                  3.900000    3.900000   clock clk (rise edge)
                                  0.000000    3.900000   clock network delay (propagated)
                                 -0.250000    3.650000   clock uncertainty
                                  0.000000    3.650000   clock reconvergence pessimism
                                 -0.780000    2.870000   output external delay
                                              2.870000   data required time
---------------------------------------------------------------------------------------------
                                              2.870000   data required time
                                             -1.741646   data arrival time
---------------------------------------------------------------------------------------------
                                              1.128353   slack (MET)


Startpoint: _113_ (rising edge-triggered flip-flop clocked by clk)
Endpoint: count[5] (output port clocked by clk)
Path Group: clk
Path Type: max

Fanout         Cap        Slew       Delay        Time   Description
---------------------------------------------------------------------------------------------
                                  0.000000    0.000000   clock clk (rise edge)
                                  0.000000    0.000000   clock source latency
     1    0.011271    0.089832    0.058757    0.058757 ^ clk (in)
                                                         clk (net)
                      0.089833    0.000000    0.058757 ^ clkbuf_0_clk/A (sky130_fd_sc_hd__clkbuf_16)
     2    0.018597    0.065678    0.228586    0.287343 ^ clkbuf_0_clk/X (sky130_fd_sc_hd__clkbuf_16)
                                                         clknet_0_clk (net)
                      0.065678    0.000411    0.287754 ^ clkbuf_1_1__f_clk/A (sky130_fd_sc_hd__clkbuf_16)
     4    0.012225    0.057736    0.208561    0.496315 ^ clkbuf_1_1__f_clk/X (sky130_fd_sc_hd__clkbuf_16)
                                                         clknet_1_1__leaf_clk (net)
                      0.057736    0.000297    0.496612 ^ _113_/CLK (sky130_fd_sc_hd__dfrtp_1)
     4    0.014611    0.173261    0.837779    1.334391 v _113_/Q (sky130_fd_sc_hd__dfrtp_1)
                                                         net18 (net)
                      0.173261    0.000252    1.334644 v output18/A (sky130_fd_sc_hd__buf_2)
     1    0.033975    0.164825    0.393225    1.727869 v output18/X (sky130_fd_sc_hd__buf_2)
                                                         count[5] (net)
                      0.164825    0.000632    1.728501 v count[5] (out)
                                              1.728501   data arrival time

                                  3.900000    3.900000   clock clk (rise edge)
                                  0.000000    3.900000   clock network delay (propagated)
                                 -0.250000    3.650000   clock uncertainty
                                  0.000000    3.650000   clock reconvergence pessimism
                                 -0.780000    2.870000   output external delay
                                              2.870000   data required time
---------------------------------------------------------------------------------------------
                                              2.870000   data required time
                                             -1.728501   data arrival time
---------------------------------------------------------------------------------------------
                                              1.141499   slack (MET)


Startpoint: _109_ (rising edge-triggered flip-flop clocked by clk)
Endpoint: count[1] (output port clocked by clk)
Path Group: clk
Path Type: max

Fanout         Cap        Slew       Delay        Time   Description
---------------------------------------------------------------------------------------------
                                  0.000000    0.000000   clock clk (rise edge)
                                  0.000000    0.000000   clock source latency
     1    0.011271    0.089832    0.058757    0.058757 ^ clk (in)
                                                         clk (net)
                      0.089833    0.000000    0.058757 ^ clkbuf_0_clk/A (sky130_fd_sc_hd__clkbuf_16)
     2    0.018597    0.065678    0.228586    0.287343 ^ clkbuf_0_clk/X (sky130_fd_sc_hd__clkbuf_16)
                                                         clknet_0_clk (net)
                      0.065678    0.000411    0.287754 ^ clkbuf_1_1__f_clk/A (sky130_fd_sc_hd__clkbuf_16)
     4    0.012225    0.057736    0.208561    0.496315 ^ clkbuf_1_1__f_clk/X (sky130_fd_sc_hd__clkbuf_16)
                                                         clknet_1_1__leaf_clk (net)
                      0.057736    0.000332    0.496646 ^ _109_/CLK (sky130_fd_sc_hd__dfrtp_1)
     4    0.014127    0.169240    0.834420    1.331067 v _109_/Q (sky130_fd_sc_hd__dfrtp_1)
                                                         net14 (net)
                      0.169240    0.000288    1.331355 v output14/A (sky130_fd_sc_hd__buf_2)
     1    0.035224    0.169850    0.395076    1.726431 v output14/X (sky130_fd_sc_hd__buf_2)
                                                         count[1] (net)
                      0.169853    0.000932    1.727363 v count[1] (out)
                                              1.727363   data arrival time

                                  3.900000    3.900000   clock clk (rise edge)
                                  0.000000    3.900000   clock network delay (propagated)
                                 -0.250000    3.650000   clock uncertainty
                                  0.000000    3.650000   clock reconvergence pessimism
                                 -0.780000    2.870000   output external delay
                                              2.870000   data required time
---------------------------------------------------------------------------------------------
                                              2.870000   data required time
                                             -1.727363   data arrival time
---------------------------------------------------------------------------------------------
                                              1.142637   slack (MET)


Startpoint: _112_ (rising edge-triggered flip-flop clocked by clk)
Endpoint: count[4] (output port clocked by clk)
Path Group: clk
Path Type: max

Fanout         Cap        Slew       Delay        Time   Description
---------------------------------------------------------------------------------------------
                                  0.000000    0.000000   clock clk (rise edge)
                                  0.000000    0.000000   clock source latency
     1    0.011271    0.089832    0.058757    0.058757 ^ clk (in)
                                                         clk (net)
                      0.089833    0.000000    0.058757 ^ clkbuf_0_clk/A (sky130_fd_sc_hd__clkbuf_16)
     2    0.018597    0.065678    0.228586    0.287343 ^ clkbuf_0_clk/X (sky130_fd_sc_hd__clkbuf_16)
                                                         clknet_0_clk (net)
                      0.065678    0.000411    0.287754 ^ clkbuf_1_1__f_clk/A (sky130_fd_sc_hd__clkbuf_16)
     4    0.012225    0.057736    0.208561    0.496315 ^ clkbuf_1_1__f_clk/X (sky130_fd_sc_hd__clkbuf_16)
                                                         clknet_1_1__leaf_clk (net)
                      0.057736    0.000250    0.496565 ^ _112_/CLK (sky130_fd_sc_hd__dfrtp_1)
     5    0.014264    0.170387    0.835347    1.331912 v _112_/Q (sky130_fd_sc_hd__dfrtp_1)
                                                         net17 (net)
                      0.170387    0.000330    1.332242 v output17/A (sky130_fd_sc_hd__buf_2)
     1    0.033912    0.164566    0.391651    1.723893 v output17/X (sky130_fd_sc_hd__buf_2)
                                                         count[4] (net)
                      0.164566    0.000612    1.724504 v count[4] (out)
                                              1.724504   data arrival time

                                  3.900000    3.900000   clock clk (rise edge)
                                  0.000000    3.900000   clock network delay (propagated)
                                 -0.250000    3.650000   clock uncertainty
                                  0.000000    3.650000   clock reconvergence pessimism
                                 -0.780000    2.870000   output external delay
                                              2.870000   data required time
---------------------------------------------------------------------------------------------
                                              2.870000   data required time
                                             -1.724504   data arrival time
---------------------------------------------------------------------------------------------
                                              1.145496   slack (MET)


Startpoint: _108_ (rising edge-triggered flip-flop clocked by clk)
Endpoint: count[0] (output port clocked by clk)
Path Group: clk
Path Type: max

Fanout         Cap        Slew       Delay        Time   Description
---------------------------------------------------------------------------------------------
                                  0.000000    0.000000   clock clk (rise edge)
                                  0.000000    0.000000   clock source latency
     1    0.011271    0.089832    0.058757    0.058757 ^ clk (in)
                                                         clk (net)
                      0.089833    0.000000    0.058757 ^ clkbuf_0_clk/A (sky130_fd_sc_hd__clkbuf_16)
     2    0.018597    0.065678    0.228586    0.287343 ^ clkbuf_0_clk/X (sky130_fd_sc_hd__clkbuf_16)
                                                         clknet_0_clk (net)
                      0.065678    0.000411    0.287754 ^ clkbuf_1_1__f_clk/A (sky130_fd_sc_hd__clkbuf_16)
     4    0.012225    0.057736    0.208561    0.496315 ^ clkbuf_1_1__f_clk/X (sky130_fd_sc_hd__clkbuf_16)
                                                         clknet_1_1__leaf_clk (net)
                      0.057736    0.000295    0.496610 ^ _108_/CLK (sky130_fd_sc_hd__dfrtp_1)
     3    0.010157    0.139767    0.798819    1.295429 v _108_/Q (sky130_fd_sc_hd__dfrtp_1)
                                                         net13 (net)
                      0.139767    0.000162    1.295591 v output13/A (sky130_fd_sc_hd__buf_2)
     1    0.034306    0.166093    0.378123    1.673715 v output13/X (sky130_fd_sc_hd__buf_2)
                                                         count[0] (net)
                      0.166093    0.000646    1.674361 v count[0] (out)
                                              1.674361   data arrival time

                                  3.900000    3.900000   clock clk (rise edge)
                                  0.000000    3.900000   clock network delay (propagated)
                                 -0.250000    3.650000   clock uncertainty
                                  0.000000    3.650000   clock reconvergence pessimism
                                 -0.780000    2.870000   output external delay
                                              2.870000   data required time
---------------------------------------------------------------------------------------------
                                              2.870000   data required time
                                             -1.674361   data arrival time
---------------------------------------------------------------------------------------------
                                              1.195639   slack (MET)


Startpoint: _115_ (rising edge-triggered flip-flop clocked by clk)
Endpoint: count[7] (output port clocked by clk)
Path Group: clk
Path Type: max

Fanout         Cap        Slew       Delay        Time   Description
---------------------------------------------------------------------------------------------
                                  0.000000    0.000000   clock clk (rise edge)
                                  0.000000    0.000000   clock source latency
     1    0.011271    0.089832    0.058757    0.058757 ^ clk (in)
                                                         clk (net)
                      0.089833    0.000000    0.058757 ^ clkbuf_0_clk/A (sky130_fd_sc_hd__clkbuf_16)
     2    0.018597    0.065678    0.228586    0.287343 ^ clkbuf_0_clk/X (sky130_fd_sc_hd__clkbuf_16)
                                                         clknet_0_clk (net)
                      0.065678    0.000321    0.287664 ^ clkbuf_1_0__f_clk/A (sky130_fd_sc_hd__clkbuf_16)
     5    0.014802    0.060957    0.212232    0.499896 ^ clkbuf_1_0__f_clk/X (sky130_fd_sc_hd__clkbuf_16)
                                                         clknet_1_0__leaf_clk (net)
                      0.060957    0.000285    0.500181 ^ _115_/CLK (sky130_fd_sc_hd__dfrtp_1)
     3    0.009611    0.134786    0.795260    1.295441 v _115_/Q (sky130_fd_sc_hd__dfrtp_1)
                                                         net20 (net)
                      0.134786    0.000243    1.295684 v output20/A (sky130_fd_sc_hd__buf_2)
     1    0.033987    0.164816    0.374714    1.670398 v output20/X (sky130_fd_sc_hd__buf_2)
                                                         count[7] (net)
                      0.164816    0.000624    1.671022 v count[7] (out)
                                              1.671022   data arrival time

                                  3.900000    3.900000   clock clk (rise edge)
                                  0.000000    3.900000   clock network delay (propagated)
                                 -0.250000    3.650000   clock uncertainty
                                  0.000000    3.650000   clock reconvergence pessimism
                                 -0.780000    2.870000   output external delay
                                              2.870000   data required time
---------------------------------------------------------------------------------------------
                                              2.870000   data required time
                                             -1.671022   data arrival time
---------------------------------------------------------------------------------------------
                                              1.198978   slack (MET)


Startpoint: _114_ (rising edge-triggered flip-flop clocked by clk)
Endpoint: count[6] (output port clocked by clk)
Path Group: clk
Path Type: max

Fanout         Cap        Slew       Delay        Time   Description
---------------------------------------------------------------------------------------------
                                  0.000000    0.000000   clock clk (rise edge)
                                  0.000000    0.000000   clock source latency
     1    0.011271    0.089832    0.058757    0.058757 ^ clk (in)
                                                         clk (net)
                      0.089833    0.000000    0.058757 ^ clkbuf_0_clk/A (sky130_fd_sc_hd__clkbuf_16)
     2    0.018597    0.065678    0.228586    0.287343 ^ clkbuf_0_clk/X (sky130_fd_sc_hd__clkbuf_16)
                                                         clknet_0_clk (net)
                      0.065678    0.000321    0.287664 ^ clkbuf_1_0__f_clk/A (sky130_fd_sc_hd__clkbuf_16)
     5    0.014802    0.060957    0.212232    0.499896 ^ clkbuf_1_0__f_clk/X (sky130_fd_sc_hd__clkbuf_16)
                                                         clknet_1_0__leaf_clk (net)
                      0.060957    0.000292    0.500188 ^ _114_/CLK (sky130_fd_sc_hd__dfrtp_1)
     4    0.009845    0.136882    0.797452    1.297641 v _114_/Q (sky130_fd_sc_hd__dfrtp_1)
                                                         net19 (net)
                      0.136882    0.000208    1.297848 v output19/A (sky130_fd_sc_hd__clkbuf_4)
     1    0.034404    0.139520    0.357042    1.654890 v output19/X (sky130_fd_sc_hd__clkbuf_4)
                                                         count[6] (net)
                      0.139522    0.000796    1.655686 v count[6] (out)
                                              1.655686   data arrival time

                                  3.900000    3.900000   clock clk (rise edge)
                                  0.000000    3.900000   clock network delay (propagated)
                                 -0.250000    3.650000   clock uncertainty
                                  0.000000    3.650000   clock reconvergence pessimism
                                 -0.780000    2.870000   output external delay
                                              2.870000   data required time
---------------------------------------------------------------------------------------------
                                              2.870000   data required time
                                             -1.655686   data arrival time
---------------------------------------------------------------------------------------------
                                              1.214314   slack (MET)


Startpoint: _108_ (rising edge-triggered flip-flop clocked by clk)
Endpoint: _108_ (rising edge-triggered flip-flop clocked by clk)
Path Group: clk
Path Type: max

Fanout         Cap        Slew       Delay        Time   Description
---------------------------------------------------------------------------------------------
                                  0.000000    0.000000   clock clk (rise edge)
                                  0.000000    0.000000   clock source latency
     1    0.011271    0.089832    0.058757    0.058757 ^ clk (in)
                                                         clk (net)
                      0.089833    0.000000    0.058757 ^ clkbuf_0_clk/A (sky130_fd_sc_hd__clkbuf_16)
     2    0.018597    0.065678    0.228586    0.287343 ^ clkbuf_0_clk/X (sky130_fd_sc_hd__clkbuf_16)
                                                         clknet_0_clk (net)
                      0.065678    0.000411    0.287754 ^ clkbuf_1_1__f_clk/A (sky130_fd_sc_hd__clkbuf_16)
     4    0.012225    0.057736    0.208561    0.496315 ^ clkbuf_1_1__f_clk/X (sky130_fd_sc_hd__clkbuf_16)
                                                         clknet_1_1__leaf_clk (net)
                      0.057736    0.000295    0.496610 ^ _108_/CLK (sky130_fd_sc_hd__dfrtp_1)
     3    0.010157    0.139767    0.798819    1.295429 v _108_/Q (sky130_fd_sc_hd__dfrtp_1)
                                                         net13 (net)
                      0.139767    0.000139    1.295568 v hold3/A (sky130_fd_sc_hd__dlygate4sd3_1)
     1    0.003104    0.108510    1.161956    2.457523 v hold3/X (sky130_fd_sc_hd__dlygate4sd3_1)
                                                         net24 (net)
                      0.108510    0.000067    2.457590 v _060_/A1 (sky130_fd_sc_hd__a21oi_1)
     1    0.002351    0.154237    0.205693    2.663283 ^ _060_/Y (sky130_fd_sc_hd__a21oi_1)
                                                         _000_ (net)
                      0.154237    0.000066    2.663349 ^ _108_/D (sky130_fd_sc_hd__dfrtp_1)
                                              2.663349   data arrival time

                                  3.900000    3.900000   clock clk (rise edge)
                                  0.000000    3.900000   clock source latency
     1    0.011271    0.089832    0.058757    3.958757 ^ clk (in)
                                                         clk (net)
                      0.089833    0.000000    3.958757 ^ clkbuf_0_clk/A (sky130_fd_sc_hd__clkbuf_16)
     2    0.018597    0.065678    0.228586    4.187343 ^ clkbuf_0_clk/X (sky130_fd_sc_hd__clkbuf_16)
                                                         clknet_0_clk (net)
                      0.065678    0.000411    4.187754 ^ clkbuf_1_1__f_clk/A (sky130_fd_sc_hd__clkbuf_16)
     4    0.012225    0.057736    0.208561    4.396315 ^ clkbuf_1_1__f_clk/X (sky130_fd_sc_hd__clkbuf_16)
                                                         clknet_1_1__leaf_clk (net)
                      0.057736    0.000295    4.396610 ^ _108_/CLK (sky130_fd_sc_hd__dfrtp_1)
                                 -0.250000    4.146610   clock uncertainty
                                  0.000000    4.146610   clock reconvergence pessimism
                                 -0.156419    3.990191   library setup time
                                              3.990191   data required time
---------------------------------------------------------------------------------------------
                                              3.990191   data required time
                                             -2.663349   data arrival time
---------------------------------------------------------------------------------------------
                                              1.326842   slack (MET)


Startpoint: up_down (input port clocked by clk)
Endpoint: _109_ (rising edge-triggered flip-flop clocked by clk)
Path Group: clk
Path Type: max

Fanout         Cap        Slew       Delay        Time   Description
---------------------------------------------------------------------------------------------
                                  0.000000    0.000000   clock clk (rise edge)
                                  0.000000    0.000000   clock network delay (propagated)
                                  0.780000    0.780000 ^ input external delay
     1    0.002804    0.032278    0.015811    0.795811 ^ up_down (in)
                                                         up_down (net)
                      0.032278    0.000000    0.795811 ^ input12/A (sky130_fd_sc_hd__buf_1)
     4    0.018225    0.350553    0.333220    1.129031 ^ input12/X (sky130_fd_sc_hd__buf_1)
                                                         net12 (net)
                      0.350554    0.000415    1.129446 ^ fanout21/A (sky130_fd_sc_hd__buf_4)
    10    0.038123    0.182498    0.414452    1.543899 ^ fanout21/X (sky130_fd_sc_hd__buf_4)
                                                         net21 (net)
                      0.182503    0.001287    1.545186 ^ _062_/B (sky130_fd_sc_hd__xor2_1)
     3    0.008947    0.358962    0.422920    1.968105 ^ _062_/X (sky130_fd_sc_hd__xor2_1)
                                                         _015_ (net)
                      0.358962    0.000217    1.968322 ^ _063_/B (sky130_fd_sc_hd__nand2_1)
     1    0.003658    0.104379    0.212275    2.180598 v _063_/Y (sky130_fd_sc_hd__nand2_1)
                                                         _016_ (net)
                      0.104379    0.000118    2.180716 v _066_/A1 (sky130_fd_sc_hd__a21o_1)
     1    0.002184    0.055087    0.290647    2.471363 v _066_/X (sky130_fd_sc_hd__a21o_1)
                                                         _001_ (net)
                      0.055087    0.000061    2.471424 v _109_/D (sky130_fd_sc_hd__dfrtp_1)
                                              2.471424   data arrival time

                                  3.900000    3.900000   clock clk (rise edge)
                                  0.000000    3.900000   clock source latency
     1    0.011271    0.089832    0.058757    3.958757 ^ clk (in)
                                                         clk (net)
                      0.089833    0.000000    3.958757 ^ clkbuf_0_clk/A (sky130_fd_sc_hd__clkbuf_16)
     2    0.018597    0.065678    0.228586    4.187343 ^ clkbuf_0_clk/X (sky130_fd_sc_hd__clkbuf_16)
                                                         clknet_0_clk (net)
                      0.065678    0.000411    4.187754 ^ clkbuf_1_1__f_clk/A (sky130_fd_sc_hd__clkbuf_16)
     4    0.012225    0.057736    0.208561    4.396315 ^ clkbuf_1_1__f_clk/X (sky130_fd_sc_hd__clkbuf_16)
                                                         clknet_1_1__leaf_clk (net)
                      0.057736    0.000331    4.396646 ^ _109_/CLK (sky130_fd_sc_hd__dfrtp_1)
                                 -0.250000    4.146646   clock uncertainty
                                  0.000000    4.146646   clock reconvergence pessimism
                                 -0.273612    3.873035   library setup time
                                              3.873035   data required time
---------------------------------------------------------------------------------------------
                                              3.873035   data required time
                                             -2.471424   data arrival time
---------------------------------------------------------------------------------------------
                                              1.401611   slack (MET)


Startpoint: resetn (input port clocked by clk)
Endpoint: _110_ (recovery check against rising-edge clock clk)
Path Group: asynchronous
Path Type: max

Fanout         Cap        Slew       Delay        Time   Description
---------------------------------------------------------------------------------------------
                                  0.000000    0.000000   clock clk (rise edge)
                                  0.000000    0.000000   clock network delay (propagated)
                                  0.780000    0.780000 ^ input external delay
     1    0.002997    0.033557    0.016840    0.796840 ^ resetn (in)
                                                         resetn (net)
                      0.033557    0.000000    0.796840 ^ hold2/A (sky130_fd_sc_hd__dlygate4sd3_1)
     1    0.002906    0.092731    1.026592    1.823431 ^ hold2/X (sky130_fd_sc_hd__dlygate4sd3_1)
                                                         net23 (net)
                      0.092731    0.000087    1.823519 ^ input11/A (sky130_fd_sc_hd__buf_2)
     8    0.040277    0.316884    0.385643    2.209162 ^ input11/X (sky130_fd_sc_hd__buf_2)
                                                         net11 (net)
                      0.316884    0.000749    2.209910 ^ _110_/RESET_B (sky130_fd_sc_hd__dfrtp_2)
                                              2.209910   data arrival time

                                  3.900000    3.900000   clock clk (rise edge)
                                  0.000000    3.900000   clock source latency
     1    0.011271    0.089832    0.058757    3.958757 ^ clk (in)
                                                         clk (net)
                      0.089833    0.000000    3.958757 ^ clkbuf_0_clk/A (sky130_fd_sc_hd__clkbuf_16)
     2    0.018597    0.065678    0.228586    4.187343 ^ clkbuf_0_clk/X (sky130_fd_sc_hd__clkbuf_16)
                                                         clknet_0_clk (net)
                      0.065678    0.000321    4.187664 ^ clkbuf_1_0__f_clk/A (sky130_fd_sc_hd__clkbuf_16)
     5    0.014802    0.060957    0.212232    4.399896 ^ clkbuf_1_0__f_clk/X (sky130_fd_sc_hd__clkbuf_16)
                                                         clknet_1_0__leaf_clk (net)
                      0.060957    0.000318    4.400213 ^ _110_/CLK (sky130_fd_sc_hd__dfrtp_2)
                                 -0.250000    4.150213   clock uncertainty
                                  0.000000    4.150213   clock reconvergence pessimism
                                  0.335939    4.486152   library recovery time
                                              4.486152   data required time
---------------------------------------------------------------------------------------------
                                              4.486152   data required time
                                             -2.209910   data arrival time
---------------------------------------------------------------------------------------------
                                              2.276242   slack (MET)


Startpoint: resetn (input port clocked by clk)
Endpoint: _113_ (recovery check against rising-edge clock clk)
Path Group: asynchronous
Path Type: max

Fanout         Cap        Slew       Delay        Time   Description
---------------------------------------------------------------------------------------------
                                  0.000000    0.000000   clock clk (rise edge)
                                  0.000000    0.000000   clock network delay (propagated)
                                  0.780000    0.780000 ^ input external delay
     1    0.002997    0.033557    0.016840    0.796840 ^ resetn (in)
                                                         resetn (net)
                      0.033557    0.000000    0.796840 ^ hold2/A (sky130_fd_sc_hd__dlygate4sd3_1)
     1    0.002906    0.092731    1.026592    1.823431 ^ hold2/X (sky130_fd_sc_hd__dlygate4sd3_1)
                                                         net23 (net)
                      0.092731    0.000087    1.823519 ^ input11/A (sky130_fd_sc_hd__buf_2)
     8    0.040277    0.316884    0.385643    2.209162 ^ input11/X (sky130_fd_sc_hd__buf_2)
                                                         net11 (net)
                      0.316884    0.001165    2.210327 ^ _113_/RESET_B (sky130_fd_sc_hd__dfrtp_1)
                                              2.210327   data arrival time

                                  3.900000    3.900000   clock clk (rise edge)
                                  0.000000    3.900000   clock source latency
     1    0.011271    0.089832    0.058757    3.958757 ^ clk (in)
                                                         clk (net)
                      0.089833    0.000000    3.958757 ^ clkbuf_0_clk/A (sky130_fd_sc_hd__clkbuf_16)
     2    0.018597    0.065678    0.228586    4.187343 ^ clkbuf_0_clk/X (sky130_fd_sc_hd__clkbuf_16)
                                                         clknet_0_clk (net)
                      0.065678    0.000411    4.187754 ^ clkbuf_1_1__f_clk/A (sky130_fd_sc_hd__clkbuf_16)
     4    0.012225    0.057736    0.208561    4.396315 ^ clkbuf_1_1__f_clk/X (sky130_fd_sc_hd__clkbuf_16)
                                                         clknet_1_1__leaf_clk (net)
                      0.057736    0.000297    4.396612 ^ _113_/CLK (sky130_fd_sc_hd__dfrtp_1)
                                 -0.250000    4.146612   clock uncertainty
                                  0.000000    4.146612   clock reconvergence pessimism
                                  0.366967    4.513579   library recovery time
                                              4.513579   data required time
---------------------------------------------------------------------------------------------
                                              4.513579   data required time
                                             -2.210327   data arrival time
---------------------------------------------------------------------------------------------
                                              2.303252   slack (MET)


Startpoint: resetn (input port clocked by clk)
Endpoint: _112_ (recovery check against rising-edge clock clk)
Path Group: asynchronous
Path Type: max

Fanout         Cap        Slew       Delay        Time   Description
---------------------------------------------------------------------------------------------
                                  0.000000    0.000000   clock clk (rise edge)
                                  0.000000    0.000000   clock network delay (propagated)
                                  0.780000    0.780000 ^ input external delay
     1    0.002997    0.033557    0.016840    0.796840 ^ resetn (in)
                                                         resetn (net)
                      0.033557    0.000000    0.796840 ^ hold2/A (sky130_fd_sc_hd__dlygate4sd3_1)
     1    0.002906    0.092731    1.026592    1.823431 ^ hold2/X (sky130_fd_sc_hd__dlygate4sd3_1)
                                                         net23 (net)
                      0.092731    0.000087    1.823519 ^ input11/A (sky130_fd_sc_hd__buf_2)
     8    0.040277    0.316884    0.385643    2.209162 ^ input11/X (sky130_fd_sc_hd__buf_2)
                                                         net11 (net)
                      0.316884    0.000785    2.209946 ^ _112_/RESET_B (sky130_fd_sc_hd__dfrtp_1)
                                              2.209946   data arrival time

                                  3.900000    3.900000   clock clk (rise edge)
                                  0.000000    3.900000   clock source latency
     1    0.011271    0.089832    0.058757    3.958757 ^ clk (in)
                                                         clk (net)
                      0.089833    0.000000    3.958757 ^ clkbuf_0_clk/A (sky130_fd_sc_hd__clkbuf_16)
     2    0.018597    0.065678    0.228586    4.187343 ^ clkbuf_0_clk/X (sky130_fd_sc_hd__clkbuf_16)
                                                         clknet_0_clk (net)
                      0.065678    0.000411    4.187754 ^ clkbuf_1_1__f_clk/A (sky130_fd_sc_hd__clkbuf_16)
     4    0.012225    0.057736    0.208561    4.396315 ^ clkbuf_1_1__f_clk/X (sky130_fd_sc_hd__clkbuf_16)
                                                         clknet_1_1__leaf_clk (net)
                      0.057736    0.000250    4.396565 ^ _112_/CLK (sky130_fd_sc_hd__dfrtp_1)
                                 -0.250000    4.146565   clock uncertainty
                                  0.000000    4.146565   clock reconvergence pessimism
                                  0.366967    4.513533   library recovery time
                                              4.513533   data required time
---------------------------------------------------------------------------------------------
                                              4.513533   data required time
                                             -2.209946   data arrival time
---------------------------------------------------------------------------------------------
                                              2.303586   slack (MET)


Startpoint: resetn (input port clocked by clk)
Endpoint: _109_ (recovery check against rising-edge clock clk)
Path Group: asynchronous
Path Type: max

Fanout         Cap        Slew       Delay        Time   Description
---------------------------------------------------------------------------------------------
                                  0.000000    0.000000   clock clk (rise edge)
                                  0.000000    0.000000   clock network delay (propagated)
                                  0.780000    0.780000 ^ input external delay
     1    0.002997    0.033557    0.016840    0.796840 ^ resetn (in)
                                                         resetn (net)
                      0.033557    0.000000    0.796840 ^ hold2/A (sky130_fd_sc_hd__dlygate4sd3_1)
     1    0.002906    0.092731    1.026592    1.823431 ^ hold2/X (sky130_fd_sc_hd__dlygate4sd3_1)
                                                         net23 (net)
                      0.092731    0.000087    1.823519 ^ input11/A (sky130_fd_sc_hd__buf_2)
     8    0.040277    0.316884    0.385643    2.209162 ^ input11/X (sky130_fd_sc_hd__buf_2)
                                                         net11 (net)
                      0.316884    0.000736    2.209897 ^ _109_/RESET_B (sky130_fd_sc_hd__dfrtp_1)
                                              2.209897   data arrival time

                                  3.900000    3.900000   clock clk (rise edge)
                                  0.000000    3.900000   clock source latency
     1    0.011271    0.089832    0.058757    3.958757 ^ clk (in)
                                                         clk (net)
                      0.089833    0.000000    3.958757 ^ clkbuf_0_clk/A (sky130_fd_sc_hd__clkbuf_16)
     2    0.018597    0.065678    0.228586    4.187343 ^ clkbuf_0_clk/X (sky130_fd_sc_hd__clkbuf_16)
                                                         clknet_0_clk (net)
                      0.065678    0.000411    4.187754 ^ clkbuf_1_1__f_clk/A (sky130_fd_sc_hd__clkbuf_16)
     4    0.012225    0.057736    0.208561    4.396315 ^ clkbuf_1_1__f_clk/X (sky130_fd_sc_hd__clkbuf_16)
                                                         clknet_1_1__leaf_clk (net)
                      0.057736    0.000331    4.396646 ^ _109_/CLK (sky130_fd_sc_hd__dfrtp_1)
                                 -0.250000    4.146646   clock uncertainty
                                  0.000000    4.146646   clock reconvergence pessimism
                                  0.366967    4.513614   library recovery time
                                              4.513614   data required time
---------------------------------------------------------------------------------------------
                                              4.513614   data required time
                                             -2.209897   data arrival time
---------------------------------------------------------------------------------------------
                                              2.303716   slack (MET)


Startpoint: resetn (input port clocked by clk)
Endpoint: _108_ (recovery check against rising-edge clock clk)
Path Group: asynchronous
Path Type: max

Fanout         Cap        Slew       Delay        Time   Description
---------------------------------------------------------------------------------------------
                                  0.000000    0.000000   clock clk (rise edge)
                                  0.000000    0.000000   clock network delay (propagated)
                                  0.780000    0.780000 ^ input external delay
     1    0.002997    0.033557    0.016840    0.796840 ^ resetn (in)
                                                         resetn (net)
                      0.033557    0.000000    0.796840 ^ hold2/A (sky130_fd_sc_hd__dlygate4sd3_1)
     1    0.002906    0.092731    1.026592    1.823431 ^ hold2/X (sky130_fd_sc_hd__dlygate4sd3_1)
                                                         net23 (net)
                      0.092731    0.000087    1.823519 ^ input11/A (sky130_fd_sc_hd__buf_2)
     8    0.040277    0.316884    0.385643    2.209162 ^ input11/X (sky130_fd_sc_hd__buf_2)
                                                         net11 (net)
                      0.316884    0.000663    2.209824 ^ _108_/RESET_B (sky130_fd_sc_hd__dfrtp_1)
                                              2.209824   data arrival time

                                  3.900000    3.900000   clock clk (rise edge)
                                  0.000000    3.900000   clock source latency
     1    0.011271    0.089832    0.058757    3.958757 ^ clk (in)
                                                         clk (net)
                      0.089833    0.000000    3.958757 ^ clkbuf_0_clk/A (sky130_fd_sc_hd__clkbuf_16)
     2    0.018597    0.065678    0.228586    4.187343 ^ clkbuf_0_clk/X (sky130_fd_sc_hd__clkbuf_16)
                                                         clknet_0_clk (net)
                      0.065678    0.000411    4.187754 ^ clkbuf_1_1__f_clk/A (sky130_fd_sc_hd__clkbuf_16)
     4    0.012225    0.057736    0.208561    4.396315 ^ clkbuf_1_1__f_clk/X (sky130_fd_sc_hd__clkbuf_16)
                                                         clknet_1_1__leaf_clk (net)
                      0.057736    0.000295    4.396610 ^ _108_/CLK (sky130_fd_sc_hd__dfrtp_1)
                                 -0.250000    4.146610   clock uncertainty
                                  0.000000    4.146610   clock reconvergence pessimism
                                  0.366967    4.513577   library recovery time
                                              4.513577   data required time
---------------------------------------------------------------------------------------------
                                              4.513577   data required time
                                             -2.209824   data arrival time
---------------------------------------------------------------------------------------------
                                              2.303753   slack (MET)


Startpoint: resetn (input port clocked by clk)
Endpoint: _111_ (recovery check against rising-edge clock clk)
Path Group: asynchronous
Path Type: max

Fanout         Cap        Slew       Delay        Time   Description
---------------------------------------------------------------------------------------------
                                  0.000000    0.000000   clock clk (rise edge)
                                  0.000000    0.000000   clock network delay (propagated)
                                  0.780000    0.780000 ^ input external delay
     1    0.002997    0.033557    0.016840    0.796840 ^ resetn (in)
                                                         resetn (net)
                      0.033557    0.000000    0.796840 ^ hold2/A (sky130_fd_sc_hd__dlygate4sd3_1)
     1    0.002906    0.092731    1.026592    1.823431 ^ hold2/X (sky130_fd_sc_hd__dlygate4sd3_1)
                                                         net23 (net)
                      0.092731    0.000087    1.823519 ^ input11/A (sky130_fd_sc_hd__buf_2)
     8    0.040277    0.316884    0.385643    2.209162 ^ input11/X (sky130_fd_sc_hd__buf_2)
                                                         net11 (net)
                      0.316887    0.001547    2.210708 ^ _111_/RESET_B (sky130_fd_sc_hd__dfrtp_1)
                                              2.210708   data arrival time

                                  3.900000    3.900000   clock clk (rise edge)
                                  0.000000    3.900000   clock source latency
     1    0.011271    0.089832    0.058757    3.958757 ^ clk (in)
                                                         clk (net)
                      0.089833    0.000000    3.958757 ^ clkbuf_0_clk/A (sky130_fd_sc_hd__clkbuf_16)
     2    0.018597    0.065678    0.228586    4.187343 ^ clkbuf_0_clk/X (sky130_fd_sc_hd__clkbuf_16)
                                                         clknet_0_clk (net)
                      0.065678    0.000321    4.187664 ^ clkbuf_1_0__f_clk/A (sky130_fd_sc_hd__clkbuf_16)
     5    0.014802    0.060957    0.212232    4.399896 ^ clkbuf_1_0__f_clk/X (sky130_fd_sc_hd__clkbuf_16)
                                                         clknet_1_0__leaf_clk (net)
                      0.060957    0.000205    4.400100 ^ _111_/CLK (sky130_fd_sc_hd__dfrtp_1)
                                 -0.250000    4.150100   clock uncertainty
                                  0.000000    4.150100   clock reconvergence pessimism
                                  0.368059    4.518159   library recovery time
                                              4.518159   data required time
---------------------------------------------------------------------------------------------
                                              4.518159   data required time
                                             -2.210708   data arrival time
---------------------------------------------------------------------------------------------
                                              2.307451   slack (MET)


Startpoint: resetn (input port clocked by clk)
Endpoint: _115_ (recovery check against rising-edge clock clk)
Path Group: asynchronous
Path Type: max

Fanout         Cap        Slew       Delay        Time   Description
---------------------------------------------------------------------------------------------
                                  0.000000    0.000000   clock clk (rise edge)
                                  0.000000    0.000000   clock network delay (propagated)
                                  0.780000    0.780000 ^ input external delay
     1    0.002997    0.033557    0.016840    0.796840 ^ resetn (in)
                                                         resetn (net)
                      0.033557    0.000000    0.796840 ^ hold2/A (sky130_fd_sc_hd__dlygate4sd3_1)
     1    0.002906    0.092731    1.026592    1.823431 ^ hold2/X (sky130_fd_sc_hd__dlygate4sd3_1)
                                                         net23 (net)
                      0.092731    0.000087    1.823519 ^ input11/A (sky130_fd_sc_hd__buf_2)
     8    0.040277    0.316884    0.385643    2.209162 ^ input11/X (sky130_fd_sc_hd__buf_2)
                                                         net11 (net)
                      0.316888    0.001618    2.210780 ^ _115_/RESET_B (sky130_fd_sc_hd__dfrtp_1)
                                              2.210780   data arrival time

                                  3.900000    3.900000   clock clk (rise edge)
                                  0.000000    3.900000   clock source latency
     1    0.011271    0.089832    0.058757    3.958757 ^ clk (in)
                                                         clk (net)
                      0.089833    0.000000    3.958757 ^ clkbuf_0_clk/A (sky130_fd_sc_hd__clkbuf_16)
     2    0.018597    0.065678    0.228586    4.187343 ^ clkbuf_0_clk/X (sky130_fd_sc_hd__clkbuf_16)
                                                         clknet_0_clk (net)
                      0.065678    0.000321    4.187664 ^ clkbuf_1_0__f_clk/A (sky130_fd_sc_hd__clkbuf_16)
     5    0.014802    0.060957    0.212232    4.399896 ^ clkbuf_1_0__f_clk/X (sky130_fd_sc_hd__clkbuf_16)
                                                         clknet_1_0__leaf_clk (net)
                      0.060957    0.000285    4.400181 ^ _115_/CLK (sky130_fd_sc_hd__dfrtp_1)
                                 -0.250000    4.150181   clock uncertainty
                                  0.000000    4.150181   clock reconvergence pessimism
                                  0.368058    4.518239   library recovery time
                                              4.518239   data required time
---------------------------------------------------------------------------------------------
                                              4.518239   data required time
                                             -2.210780   data arrival time
---------------------------------------------------------------------------------------------
                                              2.307460   slack (MET)


Startpoint: resetn (input port clocked by clk)
Endpoint: _114_ (recovery check against rising-edge clock clk)
Path Group: asynchronous
Path Type: max

Fanout         Cap        Slew       Delay        Time   Description
---------------------------------------------------------------------------------------------
                                  0.000000    0.000000   clock clk (rise edge)
                                  0.000000    0.000000   clock network delay (propagated)
                                  0.780000    0.780000 ^ input external delay
     1    0.002997    0.033557    0.016840    0.796840 ^ resetn (in)
                                                         resetn (net)
                      0.033557    0.000000    0.796840 ^ hold2/A (sky130_fd_sc_hd__dlygate4sd3_1)
     1    0.002906    0.092731    1.026592    1.823431 ^ hold2/X (sky130_fd_sc_hd__dlygate4sd3_1)
                                                         net23 (net)
                      0.092731    0.000087    1.823519 ^ input11/A (sky130_fd_sc_hd__buf_2)
     8    0.040277    0.316884    0.385643    2.209162 ^ input11/X (sky130_fd_sc_hd__buf_2)
                                                         net11 (net)
                      0.316886    0.001400    2.210562 ^ _114_/RESET_B (sky130_fd_sc_hd__dfrtp_1)
                                              2.210562   data arrival time

                                  3.900000    3.900000   clock clk (rise edge)
                                  0.000000    3.900000   clock source latency
     1    0.011271    0.089832    0.058757    3.958757 ^ clk (in)
                                                         clk (net)
                      0.089833    0.000000    3.958757 ^ clkbuf_0_clk/A (sky130_fd_sc_hd__clkbuf_16)
     2    0.018597    0.065678    0.228586    4.187343 ^ clkbuf_0_clk/X (sky130_fd_sc_hd__clkbuf_16)
                                                         clknet_0_clk (net)
                      0.065678    0.000321    4.187664 ^ clkbuf_1_0__f_clk/A (sky130_fd_sc_hd__clkbuf_16)
     5    0.014802    0.060957    0.212232    4.399896 ^ clkbuf_1_0__f_clk/X (sky130_fd_sc_hd__clkbuf_16)
                                                         clknet_1_0__leaf_clk (net)
                      0.060957    0.000293    4.400188 ^ _114_/CLK (sky130_fd_sc_hd__dfrtp_1)
                                 -0.250000    4.150188   clock uncertainty
                                  0.000000    4.150188   clock reconvergence pessimism
                                  0.368059    4.518247   library recovery time
                                              4.518247   data required time
---------------------------------------------------------------------------------------------
                                              4.518247   data required time
                                             -2.210562   data arrival time
---------------------------------------------------------------------------------------------
                                              2.307686   slack (MET)



