
===========================================================================
 report_power
============================================================================
======================= nom_tt_025C_1v80 Corner ===================================

Group                    Internal    Switching      Leakage        Total
                            Power        Power        Power        Power (Watts)
------------------------------------------------------------------------
Sequential           8.848085e-05 4.083247e-05 8.666587e-11 1.293134e-04  60.8%
Combinational        4.980180e-05 3.363083e-05 2.044930e-10 8.343284e-05  39.2%
Clock                0.000000e+00 0.000000e+00 8.424099e-11 8.424099e-11   0.0%
Macro                0.000000e+00 0.000000e+00 0.000000e+00 0.000000e+00   0.0%
Pad                  0.000000e+00 0.000000e+00 0.000000e+00 0.000000e+00   0.0%
------------------------------------------------------------------------
Total                1.382827e-04 7.446329e-05 3.754001e-10 2.127463e-04 100.0%
                            65.0%        35.0%         0.0%
Writing metric power__internal__total: 0.00013828265946358442
Writing metric power__switching__total: 7.446329254889861e-5
Writing metric power__leakage__total: 3.754000998945628e-10
Writing metric power__total: 0.00021274632308632135

