
===========================================================================
report_checks -path_delay max (Setup)
============================================================================
======================= max_ff_n40C_1v95 Corner ===================================

Startpoint: up_down (input port clocked by clk)
Endpoint: _115_ (rising edge-triggered flip-flop clocked by clk)
Path Group: clk
Path Type: max

Fanout         Cap        Slew       Delay        Time   Description
---------------------------------------------------------------------------------------------
                                  0.000000    0.000000   clock clk (rise edge)
                                  0.000000    0.000000   clock network delay (propagated)
                                  0.860000    0.860000 ^ input external delay
     1    0.002877    0.014193    0.007483    0.867483 ^ up_down (in)
                                                         up_down (net)
                      0.014195    0.000000    0.867483 ^ input12/A (sky130_fd_sc_hd__buf_1)
     4    0.013314    0.120795    0.108970    0.976453 ^ input12/X (sky130_fd_sc_hd__buf_1)
                                                         net12 (net)
                      0.120797    0.000382    0.976835 ^ fanout21/A (sky130_fd_sc_hd__clkbuf_4)
    10    0.044070    0.105671    0.164824    1.141659 ^ fanout21/X (sky130_fd_sc_hd__clkbuf_4)
                                                         net21 (net)
                      0.105861    0.003146    1.144806 ^ _062_/B (sky130_fd_sc_hd__xor2_1)
     3    0.009496    0.061614    0.068882    1.213687 v _062_/X (sky130_fd_sc_hd__xor2_1)
                                                         _015_ (net)
                      0.061647    0.000664    1.214352 v _067_/A2 (sky130_fd_sc_hd__o21a_1)
     3    0.011162    0.049874    0.141288    1.355639 v _067_/X (sky130_fd_sc_hd__o21a_1)
                                                         _019_ (net)
                      0.049884    0.000699    1.356338 v _080_/A1 (sky130_fd_sc_hd__o31ai_2)
     4    0.013841    0.249968    0.259197    1.615536 ^ _080_/Y (sky130_fd_sc_hd__o31ai_2)
                                                         _030_ (net)
                      0.249975    0.001051    1.616587 ^ _098_/A1 (sky130_fd_sc_hd__a31o_1)
     3    0.010640    0.082961    0.133109    1.749696 ^ _098_/X (sky130_fd_sc_hd__a31o_1)
                                                         _046_ (net)
                      0.082969    0.000868    1.750563 ^ _103_/A2 (sky130_fd_sc_hd__a21oi_1)
     1    0.005129    0.051320    0.053142    1.803706 v _103_/Y (sky130_fd_sc_hd__a21oi_1)
                                                         _050_ (net)
                      0.051321    0.000240    1.803945 v _105_/A (sky130_fd_sc_hd__xnor2_1)
     1    0.002558    0.035447    0.084052    1.887998 v _105_/Y (sky130_fd_sc_hd__xnor2_1)
                                                         _052_ (net)
                      0.035448    0.000187    1.888185 v _107_/A2 (sky130_fd_sc_hd__a21o_1)
     1    0.003622    0.026472    0.114378    2.002563 v _107_/X (sky130_fd_sc_hd__a21o_1)
                                                         _007_ (net)
                      0.026490    0.000223    2.002786 v _115_/D (sky130_fd_sc_hd__dfrtp_1)
                                              2.002786   data arrival time

                                  4.300000    4.300000   clock clk (rise edge)
                                  0.000000    4.300000   clock source latency
     1    0.013031    0.048826    0.032663    4.332663 ^ clk (in)
                                                         clk (net)
                      0.048837    0.000000    4.332663 ^ clkbuf_0_clk/A (sky130_fd_sc_hd__clkbuf_16)
     2    0.020930    0.031850    0.089956    4.422619 ^ clkbuf_0_clk/X (sky130_fd_sc_hd__clkbuf_16)
                                                         clknet_0_clk (net)
                      0.031877    0.001093    4.423712 ^ clkbuf_1_1__f_clk/A (sky130_fd_sc_hd__clkbuf_16)
     4    0.012822    0.026414    0.079672    4.503384 ^ clkbuf_1_1__f_clk/X (sky130_fd_sc_hd__clkbuf_16)
                                                         clknet_1_1__leaf_clk (net)
                      0.026420    0.000972    4.504356 ^ _115_/CLK (sky130_fd_sc_hd__dfrtp_1)
                                 -0.250000    4.254355   clock uncertainty
                                  0.000000    4.254355   clock reconvergence pessimism
                                 -0.071013    4.183342   library setup time
                                              4.183342   data required time
---------------------------------------------------------------------------------------------
                                              4.183342   data required time
                                             -2.002786   data arrival time
---------------------------------------------------------------------------------------------
                                              2.180557   slack (MET)


Startpoint: up_down (input port clocked by clk)
Endpoint: _114_ (rising edge-triggered flip-flop clocked by clk)
Path Group: clk
Path Type: max

Fanout         Cap        Slew       Delay        Time   Description
---------------------------------------------------------------------------------------------
                                  0.000000    0.000000   clock clk (rise edge)
                                  0.000000    0.000000   clock network delay (propagated)
                                  0.860000    0.860000 ^ input external delay
     1    0.002877    0.014193    0.007483    0.867483 ^ up_down (in)
                                                         up_down (net)
                      0.014195    0.000000    0.867483 ^ input12/A (sky130_fd_sc_hd__buf_1)
     4    0.013314    0.120795    0.108970    0.976453 ^ input12/X (sky130_fd_sc_hd__buf_1)
                                                         net12 (net)
                      0.120797    0.000382    0.976835 ^ fanout21/A (sky130_fd_sc_hd__clkbuf_4)
    10    0.044070    0.105671    0.164824    1.141659 ^ fanout21/X (sky130_fd_sc_hd__clkbuf_4)
                                                         net21 (net)
                      0.105861    0.003146    1.144806 ^ _062_/B (sky130_fd_sc_hd__xor2_1)
     3    0.009496    0.061614    0.068882    1.213687 v _062_/X (sky130_fd_sc_hd__xor2_1)
                                                         _015_ (net)
                      0.061647    0.000664    1.214352 v _067_/A2 (sky130_fd_sc_hd__o21a_1)
     3    0.011162    0.049874    0.141288    1.355639 v _067_/X (sky130_fd_sc_hd__o21a_1)
                                                         _019_ (net)
                      0.049884    0.000699    1.356338 v _080_/A1 (sky130_fd_sc_hd__o31ai_2)
     4    0.013841    0.249968    0.259197    1.615536 ^ _080_/Y (sky130_fd_sc_hd__o31ai_2)
                                                         _030_ (net)
                      0.249975    0.001051    1.616587 ^ _098_/A1 (sky130_fd_sc_hd__a31o_1)
     3    0.010640    0.082961    0.133109    1.749696 ^ _098_/X (sky130_fd_sc_hd__a31o_1)
                                                         _046_ (net)
                      0.082966    0.000766    1.750461 ^ _099_/B (sky130_fd_sc_hd__nand2_1)
     1    0.004363    0.043708    0.041123    1.791584 v _099_/Y (sky130_fd_sc_hd__nand2_1)
                                                         _047_ (net)
                      0.043717    0.000285    1.791869 v _102_/A2 (sky130_fd_sc_hd__a31o_1)
     1    0.004280    0.032252    0.137871    1.929740 v _102_/X (sky130_fd_sc_hd__a31o_1)
                                                         _006_ (net)
                      0.032252    0.000266    1.930006 v _114_/D (sky130_fd_sc_hd__dfrtp_1)
                                              1.930006   data arrival time

                                  4.300000    4.300000   clock clk (rise edge)
                                  0.000000    4.300000   clock source latency
     1    0.013031    0.048826    0.032663    4.332663 ^ clk (in)
                                                         clk (net)
                      0.048837    0.000000    4.332663 ^ clkbuf_0_clk/A (sky130_fd_sc_hd__clkbuf_16)
     2    0.020930    0.031850    0.089956    4.422619 ^ clkbuf_0_clk/X (sky130_fd_sc_hd__clkbuf_16)
                                                         clknet_0_clk (net)
                      0.031877    0.001093    4.423712 ^ clkbuf_1_1__f_clk/A (sky130_fd_sc_hd__clkbuf_16)
     4    0.012822    0.026414    0.079672    4.503384 ^ clkbuf_1_1__f_clk/X (sky130_fd_sc_hd__clkbuf_16)
                                                         clknet_1_1__leaf_clk (net)
                      0.026416    0.000621    4.504005 ^ _114_/CLK (sky130_fd_sc_hd__dfrtp_1)
                                 -0.250000    4.254005   clock uncertainty
                                  0.000000    4.254005   clock reconvergence pessimism
                                 -0.073072    4.180933   library setup time
                                              4.180933   data required time
---------------------------------------------------------------------------------------------
                                              4.180933   data required time
                                             -1.930006   data arrival time
---------------------------------------------------------------------------------------------
                                              2.250927   slack (MET)


Startpoint: up_down (input port clocked by clk)
Endpoint: _113_ (rising edge-triggered flip-flop clocked by clk)
Path Group: clk
Path Type: max

Fanout         Cap        Slew       Delay        Time   Description
---------------------------------------------------------------------------------------------
                                  0.000000    0.000000   clock clk (rise edge)
                                  0.000000    0.000000   clock network delay (propagated)
                                  0.860000    0.860000 ^ input external delay
     1    0.002877    0.014193    0.007483    0.867483 ^ up_down (in)
                                                         up_down (net)
                      0.014195    0.000000    0.867483 ^ input12/A (sky130_fd_sc_hd__buf_1)
     4    0.013314    0.120795    0.108970    0.976453 ^ input12/X (sky130_fd_sc_hd__buf_1)
                                                         net12 (net)
                      0.120797    0.000382    0.976835 ^ fanout21/A (sky130_fd_sc_hd__clkbuf_4)
    10    0.044070    0.105671    0.164824    1.141659 ^ fanout21/X (sky130_fd_sc_hd__clkbuf_4)
                                                         net21 (net)
                      0.105861    0.003146    1.144806 ^ _062_/B (sky130_fd_sc_hd__xor2_1)
     3    0.009496    0.061614    0.068882    1.213687 v _062_/X (sky130_fd_sc_hd__xor2_1)
                                                         _015_ (net)
                      0.061647    0.000664    1.214352 v _067_/A2 (sky130_fd_sc_hd__o21a_1)
     3    0.011162    0.049874    0.141288    1.355639 v _067_/X (sky130_fd_sc_hd__o21a_1)
                                                         _019_ (net)
                      0.049884    0.000699    1.356338 v _080_/A1 (sky130_fd_sc_hd__o31ai_2)
     4    0.013841    0.249968    0.259197    1.615536 ^ _080_/Y (sky130_fd_sc_hd__o31ai_2)
                                                         _030_ (net)
                      0.249973    0.000856    1.616392 ^ _089_/A1 (sky130_fd_sc_hd__a21o_1)
     2    0.007454    0.056534    0.099633    1.716025 ^ _089_/X (sky130_fd_sc_hd__a21o_1)
                                                         _038_ (net)
                      0.056536    0.000456    1.716480 ^ _090_/B (sky130_fd_sc_hd__nand2_1)
     1    0.004736    0.054349    0.039577    1.756058 v _090_/Y (sky130_fd_sc_hd__nand2_1)
                                                         _039_ (net)
                      0.054352    0.000334    1.756392 v _093_/A2 (sky130_fd_sc_hd__a31o_1)
     1    0.002423    0.026406    0.133713    1.890105 v _093_/X (sky130_fd_sc_hd__a31o_1)
                                                         _005_ (net)
                      0.026406    0.000171    1.890276 v _113_/D (sky130_fd_sc_hd__dfrtp_1)
                                              1.890276   data arrival time

                                  4.300000    4.300000   clock clk (rise edge)
                                  0.000000    4.300000   clock source latency
     1    0.013031    0.048826    0.032663    4.332663 ^ clk (in)
                                                         clk (net)
                      0.048837    0.000000    4.332663 ^ clkbuf_0_clk/A (sky130_fd_sc_hd__clkbuf_16)
     2    0.020930    0.031850    0.089956    4.422619 ^ clkbuf_0_clk/X (sky130_fd_sc_hd__clkbuf_16)
                                                         clknet_0_clk (net)
                      0.031877    0.001093    4.423712 ^ clkbuf_1_1__f_clk/A (sky130_fd_sc_hd__clkbuf_16)
     4    0.012822    0.026414    0.079672    4.503384 ^ clkbuf_1_1__f_clk/X (sky130_fd_sc_hd__clkbuf_16)
                                                         clknet_1_1__leaf_clk (net)
                      0.026417    0.000762    4.504146 ^ _113_/CLK (sky130_fd_sc_hd__dfrtp_1)
                                 -0.250000    4.254146   clock uncertainty
                                  0.000000    4.254146   clock reconvergence pessimism
                                 -0.070984    4.183162   library setup time
                                              4.183162   data required time
---------------------------------------------------------------------------------------------
                                              4.183162   data required time
                                             -1.890276   data arrival time
---------------------------------------------------------------------------------------------
                                              2.292886   slack (MET)


Startpoint: up_down (input port clocked by clk)
Endpoint: _112_ (rising edge-triggered flip-flop clocked by clk)
Path Group: clk
Path Type: max

Fanout         Cap        Slew       Delay        Time   Description
---------------------------------------------------------------------------------------------
                                  0.000000    0.000000   clock clk (rise edge)
                                  0.000000    0.000000   clock network delay (propagated)
                                  0.860000    0.860000 ^ input external delay
     1    0.002877    0.014193    0.007483    0.867483 ^ up_down (in)
                                                         up_down (net)
                      0.014195    0.000000    0.867483 ^ input12/A (sky130_fd_sc_hd__buf_1)
     4    0.013314    0.120795    0.108970    0.976453 ^ input12/X (sky130_fd_sc_hd__buf_1)
                                                         net12 (net)
                      0.120797    0.000382    0.976835 ^ fanout21/A (sky130_fd_sc_hd__clkbuf_4)
    10    0.044070    0.105671    0.164824    1.141659 ^ fanout21/X (sky130_fd_sc_hd__clkbuf_4)
                                                         net21 (net)
                      0.105861    0.003146    1.144806 ^ _062_/B (sky130_fd_sc_hd__xor2_1)
     3    0.009496    0.061614    0.068882    1.213687 v _062_/X (sky130_fd_sc_hd__xor2_1)
                                                         _015_ (net)
                      0.061647    0.000664    1.214352 v _067_/A2 (sky130_fd_sc_hd__o21a_1)
     3    0.011162    0.049874    0.141288    1.355639 v _067_/X (sky130_fd_sc_hd__o21a_1)
                                                         _019_ (net)
                      0.049884    0.000699    1.356338 v _080_/A1 (sky130_fd_sc_hd__o31ai_2)
     4    0.013841    0.249968    0.259197    1.615536 ^ _080_/Y (sky130_fd_sc_hd__o31ai_2)
                                                         _030_ (net)
                      0.249973    0.000907    1.616443 ^ _085_/A (sky130_fd_sc_hd__nand2_1)
     1    0.002948    0.054282    0.030325    1.646768 v _085_/Y (sky130_fd_sc_hd__nand2_1)
                                                         _035_ (net)
                      0.054282    0.000199    1.646968 v _087_/A3 (sky130_fd_sc_hd__a31o_1)
     1    0.002905    0.027662    0.142959    1.789927 v _087_/X (sky130_fd_sc_hd__a31o_1)
                                                         _004_ (net)
                      0.027662    0.000190    1.790117 v _112_/D (sky130_fd_sc_hd__dfrtp_1)
                                              1.790117   data arrival time

                                  4.300000    4.300000   clock clk (rise edge)
                                  0.000000    4.300000   clock source latency
     1    0.013031    0.048826    0.032663    4.332663 ^ clk (in)
                                                         clk (net)
                      0.048837    0.000000    4.332663 ^ clkbuf_0_clk/A (sky130_fd_sc_hd__clkbuf_16)
     2    0.020930    0.031850    0.089956    4.422619 ^ clkbuf_0_clk/X (sky130_fd_sc_hd__clkbuf_16)
                                                         clknet_0_clk (net)
                      0.031880    0.001129    4.423748 ^ clkbuf_1_0__f_clk/A (sky130_fd_sc_hd__clkbuf_16)
     5    0.017599    0.029583    0.082859    4.506608 ^ clkbuf_1_0__f_clk/X (sky130_fd_sc_hd__clkbuf_16)
                                                         clknet_1_0__leaf_clk (net)
                      0.029595    0.000941    4.507548 ^ _112_/CLK (sky130_fd_sc_hd__dfrtp_1)
                                 -0.250000    4.257548   clock uncertainty
                                  0.000000    4.257548   clock reconvergence pessimism
                                 -0.071127    4.186421   library setup time
                                              4.186421   data required time
---------------------------------------------------------------------------------------------
                                              4.186421   data required time
                                             -1.790117   data arrival time
---------------------------------------------------------------------------------------------
                                              2.396305   slack (MET)


Startpoint: up_down (input port clocked by clk)
Endpoint: _111_ (rising edge-triggered flip-flop clocked by clk)
Path Group: clk
Path Type: max

Fanout         Cap        Slew       Delay        Time   Description
---------------------------------------------------------------------------------------------
                                  0.000000    0.000000   clock clk (rise edge)
                                  0.000000    0.000000   clock network delay (propagated)
                                  0.860000    0.860000 ^ input external delay
     1    0.002877    0.014193    0.007483    0.867483 ^ up_down (in)
                                                         up_down (net)
                      0.014195    0.000000    0.867483 ^ input12/A (sky130_fd_sc_hd__buf_1)
     4    0.013314    0.120795    0.108970    0.976453 ^ input12/X (sky130_fd_sc_hd__buf_1)
                                                         net12 (net)
                      0.120797    0.000382    0.976835 ^ fanout21/A (sky130_fd_sc_hd__clkbuf_4)
    10    0.044070    0.105671    0.164824    1.141659 ^ fanout21/X (sky130_fd_sc_hd__clkbuf_4)
                                                         net21 (net)
                      0.105861    0.003146    1.144806 ^ _062_/B (sky130_fd_sc_hd__xor2_1)
     3    0.010301    0.176652    0.165184    1.309989 ^ _062_/X (sky130_fd_sc_hd__xor2_1)
                                                         _015_ (net)
                      0.176657    0.000725    1.310714 ^ _067_/A2 (sky130_fd_sc_hd__o21a_1)
     3    0.011854    0.088540    0.119611    1.430326 ^ _067_/X (sky130_fd_sc_hd__o21a_1)
                                                         _019_ (net)
                      0.088543    0.000655    1.430981 ^ _070_/A (sky130_fd_sc_hd__or2_1)
     2    0.005688    0.049301    0.085383    1.516364 ^ _070_/X (sky130_fd_sc_hd__or2_1)
                                                         _022_ (net)
                      0.049301    0.000195    1.516559 ^ _075_/B1 (sky130_fd_sc_hd__o21ai_1)
     2    0.006247    0.049504    0.037773    1.554332 v _075_/Y (sky130_fd_sc_hd__o21ai_1)
                                                         _026_ (net)
                      0.049528    0.000398    1.554731 v _076_/A2 (sky130_fd_sc_hd__o21ai_1)
     1    0.002646    0.068874    0.079924    1.634655 ^ _076_/Y (sky130_fd_sc_hd__o21ai_1)
                                                         _027_ (net)
                      0.068874    0.000123    1.634777 ^ _077_/B1 (sky130_fd_sc_hd__a21oi_1)
     1    0.004545    0.060771    0.031437    1.666214 v _077_/Y (sky130_fd_sc_hd__a21oi_1)
                                                         _028_ (net)
                      0.060771    0.000311    1.666525 v _078_/C1 (sky130_fd_sc_hd__a221o_1)
     1    0.003681    0.036478    0.106642    1.773167 v _078_/X (sky130_fd_sc_hd__a221o_1)
                                                         _003_ (net)
                      0.036478    0.000155    1.773321 v _111_/D (sky130_fd_sc_hd__dfrtp_1)
                                              1.773321   data arrival time

                                  4.300000    4.300000   clock clk (rise edge)
                                  0.000000    4.300000   clock source latency
     1    0.013031    0.048826    0.032663    4.332663 ^ clk (in)
                                                         clk (net)
                      0.048837    0.000000    4.332663 ^ clkbuf_0_clk/A (sky130_fd_sc_hd__clkbuf_16)
     2    0.020930    0.031850    0.089956    4.422619 ^ clkbuf_0_clk/X (sky130_fd_sc_hd__clkbuf_16)
                                                         clknet_0_clk (net)
                      0.031877    0.001093    4.423712 ^ clkbuf_1_1__f_clk/A (sky130_fd_sc_hd__clkbuf_16)
     4    0.012822    0.026414    0.079672    4.503384 ^ clkbuf_1_1__f_clk/X (sky130_fd_sc_hd__clkbuf_16)
                                                         clknet_1_1__leaf_clk (net)
                      0.026419    0.000859    4.504243 ^ _111_/CLK (sky130_fd_sc_hd__dfrtp_1)
                                 -0.250000    4.254243   clock uncertainty
                                  0.000000    4.254243   clock reconvergence pessimism
                                 -0.074582    4.179661   library setup time
                                              4.179661   data required time
---------------------------------------------------------------------------------------------
                                              4.179661   data required time
                                             -1.773321   data arrival time
---------------------------------------------------------------------------------------------
                                              2.406340   slack (MET)


Startpoint: up_down (input port clocked by clk)
Endpoint: _110_ (rising edge-triggered flip-flop clocked by clk)
Path Group: clk
Path Type: max

Fanout         Cap        Slew       Delay        Time   Description
---------------------------------------------------------------------------------------------
                                  0.000000    0.000000   clock clk (rise edge)
                                  0.000000    0.000000   clock network delay (propagated)
                                  0.860000    0.860000 ^ input external delay
     1    0.002877    0.014193    0.007483    0.867483 ^ up_down (in)
                                                         up_down (net)
                      0.014195    0.000000    0.867483 ^ input12/A (sky130_fd_sc_hd__buf_1)
     4    0.013314    0.120795    0.108970    0.976453 ^ input12/X (sky130_fd_sc_hd__buf_1)
                                                         net12 (net)
                      0.120797    0.000382    0.976835 ^ fanout21/A (sky130_fd_sc_hd__clkbuf_4)
    10    0.044070    0.105671    0.164824    1.141659 ^ fanout21/X (sky130_fd_sc_hd__clkbuf_4)
                                                         net21 (net)
                      0.105861    0.003146    1.144806 ^ _062_/B (sky130_fd_sc_hd__xor2_1)
     3    0.009496    0.061614    0.068882    1.213687 v _062_/X (sky130_fd_sc_hd__xor2_1)
                                                         _015_ (net)
                      0.061647    0.000664    1.214352 v _067_/A2 (sky130_fd_sc_hd__o21a_1)
     3    0.011162    0.049874    0.141288    1.355639 v _067_/X (sky130_fd_sc_hd__o21a_1)
                                                         _019_ (net)
                      0.049881    0.000614    1.356253 v _070_/A (sky130_fd_sc_hd__or2_1)
     2    0.005350    0.040755    0.147344    1.503597 v _070_/X (sky130_fd_sc_hd__or2_1)
                                                         _022_ (net)
                      0.040756    0.000265    1.503861 v _072_/A3 (sky130_fd_sc_hd__a31o_1)
     1    0.002724    0.027217    0.136803    1.640664 v _072_/X (sky130_fd_sc_hd__a31o_1)
                                                         _002_ (net)
                      0.027217    0.000181    1.640845 v _110_/D (sky130_fd_sc_hd__dfrtp_2)
                                              1.640845   data arrival time

                                  4.300000    4.300000   clock clk (rise edge)
                                  0.000000    4.300000   clock source latency
     1    0.013031    0.048826    0.032663    4.332663 ^ clk (in)
                                                         clk (net)
                      0.048837    0.000000    4.332663 ^ clkbuf_0_clk/A (sky130_fd_sc_hd__clkbuf_16)
     2    0.020930    0.031850    0.089956    4.422619 ^ clkbuf_0_clk/X (sky130_fd_sc_hd__clkbuf_16)
                                                         clknet_0_clk (net)
                      0.031880    0.001129    4.423748 ^ clkbuf_1_0__f_clk/A (sky130_fd_sc_hd__clkbuf_16)
     5    0.017599    0.029583    0.082859    4.506608 ^ clkbuf_1_0__f_clk/X (sky130_fd_sc_hd__clkbuf_16)
                                                         clknet_1_0__leaf_clk (net)
                      0.029598    0.001048    4.507655 ^ _110_/CLK (sky130_fd_sc_hd__dfrtp_2)
                                 -0.250000    4.257655   clock uncertainty
                                  0.000000    4.257655   clock reconvergence pessimism
                                 -0.072188    4.185467   library setup time
                                              4.185467   data required time
---------------------------------------------------------------------------------------------
                                              4.185467   data required time
                                             -1.640845   data arrival time
---------------------------------------------------------------------------------------------
                                              2.544621   slack (MET)


Startpoint: _113_ (rising edge-triggered flip-flop clocked by clk)
Endpoint: count[5] (output port clocked by clk)
Path Group: clk
Path Type: max

Fanout         Cap        Slew       Delay        Time   Description
---------------------------------------------------------------------------------------------
                                  0.000000    0.000000   clock clk (rise edge)
                                  0.000000    0.000000   clock source latency
     1    0.013031    0.048826    0.032663    0.032663 ^ clk (in)
                                                         clk (net)
                      0.048837    0.000000    0.032663 ^ clkbuf_0_clk/A (sky130_fd_sc_hd__clkbuf_16)
     2    0.020930    0.031850    0.089956    0.122619 ^ clkbuf_0_clk/X (sky130_fd_sc_hd__clkbuf_16)
                                                         clknet_0_clk (net)
                      0.031877    0.001093    0.123712 ^ clkbuf_1_1__f_clk/A (sky130_fd_sc_hd__clkbuf_16)
     4    0.012822    0.026414    0.079672    0.203384 ^ clkbuf_1_1__f_clk/X (sky130_fd_sc_hd__clkbuf_16)
                                                         clknet_1_1__leaf_clk (net)
                      0.026417    0.000762    0.204146 ^ _113_/CLK (sky130_fd_sc_hd__dfrtp_1)
     4    0.018481    0.127606    0.268688    0.472834 ^ _113_/Q (sky130_fd_sc_hd__dfrtp_1)
                                                         net18 (net)
                      0.127619    0.001357    0.474190 ^ output18/A (sky130_fd_sc_hd__buf_2)
     1    0.034001    0.126910    0.159118    0.633308 ^ output18/X (sky130_fd_sc_hd__buf_2)
                                                         count[5] (net)
                      0.126981    0.001611    0.634919 ^ count[5] (out)
                                              0.634919   data arrival time

                                  4.300000    4.300000   clock clk (rise edge)
                                  0.000000    4.300000   clock network delay (propagated)
                                 -0.250000    4.050000   clock uncertainty
                                  0.000000    4.050000   clock reconvergence pessimism
                                 -0.860000    3.190000   output external delay
                                              3.190000   data required time
---------------------------------------------------------------------------------------------
                                              3.190000   data required time
                                             -0.634919   data arrival time
---------------------------------------------------------------------------------------------
                                              2.555081   slack (MET)


Startpoint: _109_ (rising edge-triggered flip-flop clocked by clk)
Endpoint: count[1] (output port clocked by clk)
Path Group: clk
Path Type: max

Fanout         Cap        Slew       Delay        Time   Description
---------------------------------------------------------------------------------------------
                                  0.000000    0.000000   clock clk (rise edge)
                                  0.000000    0.000000   clock source latency
     1    0.013031    0.048826    0.032663    0.032663 ^ clk (in)
                                                         clk (net)
                      0.048837    0.000000    0.032663 ^ clkbuf_0_clk/A (sky130_fd_sc_hd__clkbuf_16)
     2    0.020930    0.031850    0.089956    0.122619 ^ clkbuf_0_clk/X (sky130_fd_sc_hd__clkbuf_16)
                                                         clknet_0_clk (net)
                      0.031880    0.001129    0.123749 ^ clkbuf_1_0__f_clk/A (sky130_fd_sc_hd__clkbuf_16)
     5    0.017599    0.029583    0.082859    0.206608 ^ clkbuf_1_0__f_clk/X (sky130_fd_sc_hd__clkbuf_16)
                                                         clknet_1_0__leaf_clk (net)
                      0.029597    0.000996    0.207604 ^ _109_/CLK (sky130_fd_sc_hd__dfrtp_1)
     4    0.015155    0.106430    0.254908    0.462512 ^ _109_/Q (sky130_fd_sc_hd__dfrtp_1)
                                                         net14 (net)
                      0.106431    0.000550    0.463062 ^ output14/A (sky130_fd_sc_hd__buf_2)
     1    0.034435    0.128826    0.155926    0.618988 ^ output14/X (sky130_fd_sc_hd__buf_2)
                                                         count[1] (net)
                      0.128854    0.001598    0.620586 ^ count[1] (out)
                                              0.620586   data arrival time

                                  4.300000    4.300000   clock clk (rise edge)
                                  0.000000    4.300000   clock network delay (propagated)
                                 -0.250000    4.050000   clock uncertainty
                                  0.000000    4.050000   clock reconvergence pessimism
                                 -0.860000    3.190000   output external delay
                                              3.190000   data required time
---------------------------------------------------------------------------------------------
                                              3.190000   data required time
                                             -0.620586   data arrival time
---------------------------------------------------------------------------------------------
                                              2.569414   slack (MET)


Startpoint: _111_ (rising edge-triggered flip-flop clocked by clk)
Endpoint: count[3] (output port clocked by clk)
Path Group: clk
Path Type: max

Fanout         Cap        Slew       Delay        Time   Description
---------------------------------------------------------------------------------------------
                                  0.000000    0.000000   clock clk (rise edge)
                                  0.000000    0.000000   clock source latency
     1    0.013031    0.048826    0.032663    0.032663 ^ clk (in)
                                                         clk (net)
                      0.048837    0.000000    0.032663 ^ clkbuf_0_clk/A (sky130_fd_sc_hd__clkbuf_16)
     2    0.020930    0.031850    0.089956    0.122619 ^ clkbuf_0_clk/X (sky130_fd_sc_hd__clkbuf_16)
                                                         clknet_0_clk (net)
                      0.031877    0.001093    0.123712 ^ clkbuf_1_1__f_clk/A (sky130_fd_sc_hd__clkbuf_16)
     4    0.012822    0.026414    0.079672    0.203384 ^ clkbuf_1_1__f_clk/X (sky130_fd_sc_hd__clkbuf_16)
                                                         clknet_1_1__leaf_clk (net)
                      0.026419    0.000859    0.204243 ^ _111_/CLK (sky130_fd_sc_hd__dfrtp_1)
     4    0.015911    0.111245    0.257265    0.461507 ^ _111_/Q (sky130_fd_sc_hd__dfrtp_1)
                                                         net16 (net)
                      0.111248    0.000693    0.462200 ^ output16/A (sky130_fd_sc_hd__buf_2)
     1    0.033982    0.126820    0.155976    0.618176 ^ output16/X (sky130_fd_sc_hd__buf_2)
                                                         count[3] (net)
                      0.126889    0.001590    0.619767 ^ count[3] (out)
                                              0.619767   data arrival time

                                  4.300000    4.300000   clock clk (rise edge)
                                  0.000000    4.300000   clock network delay (propagated)
                                 -0.250000    4.050000   clock uncertainty
                                  0.000000    4.050000   clock reconvergence pessimism
                                 -0.860000    3.190000   output external delay
                                              3.190000   data required time
---------------------------------------------------------------------------------------------
                                              3.190000   data required time
                                             -0.619767   data arrival time
---------------------------------------------------------------------------------------------
                                              2.570233   slack (MET)


Startpoint: _110_ (rising edge-triggered flip-flop clocked by clk)
Endpoint: count[2] (output port clocked by clk)
Path Group: clk
Path Type: max

Fanout         Cap        Slew       Delay        Time   Description
---------------------------------------------------------------------------------------------
                                  0.000000    0.000000   clock clk (rise edge)
                                  0.000000    0.000000   clock source latency
     1    0.013031    0.048826    0.032663    0.032663 ^ clk (in)
                                                         clk (net)
                      0.048837    0.000000    0.032663 ^ clkbuf_0_clk/A (sky130_fd_sc_hd__clkbuf_16)
     2    0.020930    0.031850    0.089956    0.122619 ^ clkbuf_0_clk/X (sky130_fd_sc_hd__clkbuf_16)
                                                         clknet_0_clk (net)
                      0.031880    0.001129    0.123749 ^ clkbuf_1_0__f_clk/A (sky130_fd_sc_hd__clkbuf_16)
     5    0.017599    0.029583    0.082859    0.206608 ^ clkbuf_1_0__f_clk/X (sky130_fd_sc_hd__clkbuf_16)
                                                         clknet_1_0__leaf_clk (net)
                      0.029598    0.001048    0.207655 ^ _110_/CLK (sky130_fd_sc_hd__dfrtp_2)
     5    0.021037    0.083896    0.256740    0.464395 ^ _110_/Q (sky130_fd_sc_hd__dfrtp_2)
                                                         net15 (net)
                      0.083905    0.000922    0.465317 ^ output15/A (sky130_fd_sc_hd__buf_2)
     1    0.034119    0.127341    0.149961    0.615278 ^ output15/X (sky130_fd_sc_hd__buf_2)
                                                         count[2] (net)
                      0.127374    0.001701    0.616979 ^ count[2] (out)
                                              0.616979   data arrival time

                                  4.300000    4.300000   clock clk (rise edge)
                                  0.000000    4.300000   clock network delay (propagated)
                                 -0.250000    4.050000   clock uncertainty
                                  0.000000    4.050000   clock reconvergence pessimism
                                 -0.860000    3.190000   output external delay
                                              3.190000   data required time
---------------------------------------------------------------------------------------------
                                              3.190000   data required time
                                             -0.616979   data arrival time
---------------------------------------------------------------------------------------------
                                              2.573021   slack (MET)


Startpoint: _112_ (rising edge-triggered flip-flop clocked by clk)
Endpoint: count[4] (output port clocked by clk)
Path Group: clk
Path Type: max

Fanout         Cap        Slew       Delay        Time   Description
---------------------------------------------------------------------------------------------
                                  0.000000    0.000000   clock clk (rise edge)
                                  0.000000    0.000000   clock source latency
     1    0.013031    0.048826    0.032663    0.032663 ^ clk (in)
                                                         clk (net)
                      0.048837    0.000000    0.032663 ^ clkbuf_0_clk/A (sky130_fd_sc_hd__clkbuf_16)
     2    0.020930    0.031850    0.089956    0.122619 ^ clkbuf_0_clk/X (sky130_fd_sc_hd__clkbuf_16)
                                                         clknet_0_clk (net)
                      0.031880    0.001129    0.123749 ^ clkbuf_1_0__f_clk/A (sky130_fd_sc_hd__clkbuf_16)
     5    0.017599    0.029583    0.082859    0.206608 ^ clkbuf_1_0__f_clk/X (sky130_fd_sc_hd__clkbuf_16)
                                                         clknet_1_0__leaf_clk (net)
                      0.029595    0.000940    0.207548 ^ _112_/CLK (sky130_fd_sc_hd__dfrtp_1)
     5    0.014295    0.101013    0.250842    0.458390 ^ _112_/Q (sky130_fd_sc_hd__dfrtp_1)
                                                         net17 (net)
                      0.101018    0.000839    0.459229 ^ output17/A (sky130_fd_sc_hd__buf_2)
     1    0.034114    0.127325    0.153921    0.613150 ^ output17/X (sky130_fd_sc_hd__buf_2)
                                                         count[4] (net)
                      0.127356    0.001639    0.614789 ^ count[4] (out)
                                              0.614789   data arrival time

                                  4.300000    4.300000   clock clk (rise edge)
                                  0.000000    4.300000   clock network delay (propagated)
                                 -0.250000    4.050000   clock uncertainty
                                  0.000000    4.050000   clock reconvergence pessimism
                                 -0.860000    3.190000   output external delay
                                              3.190000   data required time
---------------------------------------------------------------------------------------------
                                              3.190000   data required time
                                             -0.614789   data arrival time
---------------------------------------------------------------------------------------------
                                              2.575211   slack (MET)


Startpoint: _108_ (rising edge-triggered flip-flop clocked by clk)
Endpoint: count[0] (output port clocked by clk)
Path Group: clk
Path Type: max

Fanout         Cap        Slew       Delay        Time   Description
---------------------------------------------------------------------------------------------
                                  0.000000    0.000000   clock clk (rise edge)
                                  0.000000    0.000000   clock source latency
     1    0.013031    0.048826    0.032663    0.032663 ^ clk (in)
                                                         clk (net)
                      0.048837    0.000000    0.032663 ^ clkbuf_0_clk/A (sky130_fd_sc_hd__clkbuf_16)
     2    0.020930    0.031850    0.089956    0.122619 ^ clkbuf_0_clk/X (sky130_fd_sc_hd__clkbuf_16)
                                                         clknet_0_clk (net)
                      0.031880    0.001129    0.123749 ^ clkbuf_1_0__f_clk/A (sky130_fd_sc_hd__clkbuf_16)
     5    0.017599    0.029583    0.082859    0.206608 ^ clkbuf_1_0__f_clk/X (sky130_fd_sc_hd__clkbuf_16)
                                                         clknet_1_0__leaf_clk (net)
                      0.029597    0.001015    0.207623 ^ _108_/CLK (sky130_fd_sc_hd__dfrtp_1)
     3    0.010982    0.079994    0.236012    0.443635 ^ _108_/Q (sky130_fd_sc_hd__dfrtp_1)
                                                         net13 (net)
                      0.079998    0.000654    0.444289 ^ output13/A (sky130_fd_sc_hd__buf_2)
     1    0.034592    0.129017    0.150271    0.594561 ^ output13/X (sky130_fd_sc_hd__buf_2)
                                                         count[0] (net)
                      0.129047    0.001650    0.596211 ^ count[0] (out)
                                              0.596211   data arrival time

                                  4.300000    4.300000   clock clk (rise edge)
                                  0.000000    4.300000   clock network delay (propagated)
                                 -0.250000    4.050000   clock uncertainty
                                  0.000000    4.050000   clock reconvergence pessimism
                                 -0.860000    3.190000   output external delay
                                              3.190000   data required time
---------------------------------------------------------------------------------------------
                                              3.190000   data required time
                                             -0.596211   data arrival time
---------------------------------------------------------------------------------------------
                                              2.593789   slack (MET)


Startpoint: _115_ (rising edge-triggered flip-flop clocked by clk)
Endpoint: count[7] (output port clocked by clk)
Path Group: clk
Path Type: max

Fanout         Cap        Slew       Delay        Time   Description
---------------------------------------------------------------------------------------------
                                  0.000000    0.000000   clock clk (rise edge)
                                  0.000000    0.000000   clock source latency
     1    0.013031    0.048826    0.032663    0.032663 ^ clk (in)
                                                         clk (net)
                      0.048837    0.000000    0.032663 ^ clkbuf_0_clk/A (sky130_fd_sc_hd__clkbuf_16)
     2    0.020930    0.031850    0.089956    0.122619 ^ clkbuf_0_clk/X (sky130_fd_sc_hd__clkbuf_16)
                                                         clknet_0_clk (net)
                      0.031877    0.001093    0.123712 ^ clkbuf_1_1__f_clk/A (sky130_fd_sc_hd__clkbuf_16)
     4    0.012822    0.026414    0.079672    0.203384 ^ clkbuf_1_1__f_clk/X (sky130_fd_sc_hd__clkbuf_16)
                                                         clknet_1_1__leaf_clk (net)
                      0.026420    0.000972    0.204356 ^ _115_/CLK (sky130_fd_sc_hd__dfrtp_1)
     3    0.010424    0.076735    0.232502    0.436858 ^ _115_/Q (sky130_fd_sc_hd__dfrtp_1)
                                                         net20 (net)
                      0.076735    0.000304    0.437161 ^ output20/A (sky130_fd_sc_hd__buf_2)
     1    0.034070    0.127175    0.148262    0.585424 ^ output20/X (sky130_fd_sc_hd__buf_2)
                                                         count[7] (net)
                      0.127204    0.001605    0.587028 ^ count[7] (out)
                                              0.587028   data arrival time

                                  4.300000    4.300000   clock clk (rise edge)
                                  0.000000    4.300000   clock network delay (propagated)
                                 -0.250000    4.050000   clock uncertainty
                                  0.000000    4.050000   clock reconvergence pessimism
                                 -0.860000    3.190000   output external delay
                                              3.190000   data required time
---------------------------------------------------------------------------------------------
                                              3.190000   data required time
                                             -0.587028   data arrival time
---------------------------------------------------------------------------------------------
                                              2.602972   slack (MET)


Startpoint: _114_ (rising edge-triggered flip-flop clocked by clk)
Endpoint: count[6] (output port clocked by clk)
Path Group: clk
Path Type: max

Fanout         Cap        Slew       Delay        Time   Description
---------------------------------------------------------------------------------------------
                                  0.000000    0.000000   clock clk (rise edge)
                                  0.000000    0.000000   clock source latency
     1    0.013031    0.048826    0.032663    0.032663 ^ clk (in)
                                                         clk (net)
                      0.048837    0.000000    0.032663 ^ clkbuf_0_clk/A (sky130_fd_sc_hd__clkbuf_16)
     2    0.020930    0.031850    0.089956    0.122619 ^ clkbuf_0_clk/X (sky130_fd_sc_hd__clkbuf_16)
                                                         clknet_0_clk (net)
                      0.031877    0.001093    0.123712 ^ clkbuf_1_1__f_clk/A (sky130_fd_sc_hd__clkbuf_16)
     4    0.012822    0.026414    0.079672    0.203384 ^ clkbuf_1_1__f_clk/X (sky130_fd_sc_hd__clkbuf_16)
                                                         clknet_1_1__leaf_clk (net)
                      0.026416    0.000621    0.204005 ^ _114_/CLK (sky130_fd_sc_hd__dfrtp_1)
     4    0.010123    0.051397    0.246715    0.450720 v _114_/Q (sky130_fd_sc_hd__dfrtp_1)
                                                         net19 (net)
                      0.051402    0.000535    0.451255 v output19/A (sky130_fd_sc_hd__clkbuf_4)
     1    0.034538    0.056916    0.131006    0.582261 v output19/X (sky130_fd_sc_hd__clkbuf_4)
                                                         count[6] (net)
                      0.056978    0.001677    0.583938 v count[6] (out)
                                              0.583938   data arrival time

                                  4.300000    4.300000   clock clk (rise edge)
                                  0.000000    4.300000   clock network delay (propagated)
                                 -0.250000    4.050000   clock uncertainty
                                  0.000000    4.050000   clock reconvergence pessimism
                                 -0.860000    3.190000   output external delay
                                              3.190000   data required time
---------------------------------------------------------------------------------------------
                                              3.190000   data required time
                                             -0.583938   data arrival time
---------------------------------------------------------------------------------------------
                                              2.606062   slack (MET)


Startpoint: up_down (input port clocked by clk)
Endpoint: _109_ (rising edge-triggered flip-flop clocked by clk)
Path Group: clk
Path Type: max

Fanout         Cap        Slew       Delay        Time   Description
---------------------------------------------------------------------------------------------
                                  0.000000    0.000000   clock clk (rise edge)
                                  0.000000    0.000000   clock network delay (propagated)
                                  0.860000    0.860000 ^ input external delay
     1    0.002877    0.014193    0.007483    0.867483 ^ up_down (in)
                                                         up_down (net)
                      0.014195    0.000000    0.867483 ^ input12/A (sky130_fd_sc_hd__buf_1)
     4    0.013314    0.120795    0.108970    0.976453 ^ input12/X (sky130_fd_sc_hd__buf_1)
                                                         net12 (net)
                      0.120797    0.000382    0.976835 ^ fanout21/A (sky130_fd_sc_hd__clkbuf_4)
    10    0.044070    0.105671    0.164824    1.141659 ^ fanout21/X (sky130_fd_sc_hd__clkbuf_4)
                                                         net21 (net)
                      0.105861    0.003146    1.144806 ^ _062_/B (sky130_fd_sc_hd__xor2_1)
     3    0.010301    0.176652    0.165184    1.309989 ^ _062_/X (sky130_fd_sc_hd__xor2_1)
                                                         _015_ (net)
                      0.176655    0.000533    1.310522 ^ _063_/B (sky130_fd_sc_hd__nand2_1)
     1    0.003738    0.044126    0.042364    1.352886 v _063_/Y (sky130_fd_sc_hd__nand2_1)
                                                         _016_ (net)
                      0.044127    0.000270    1.353157 v _066_/A1 (sky130_fd_sc_hd__a21o_1)
     1    0.002646    0.023330    0.098656    1.451812 v _066_/X (sky130_fd_sc_hd__a21o_1)
                                                         _001_ (net)
                      0.023343    0.000181    1.451993 v _109_/D (sky130_fd_sc_hd__dfrtp_1)
                                              1.451993   data arrival time

                                  4.300000    4.300000   clock clk (rise edge)
                                  0.000000    4.300000   clock source latency
     1    0.013031    0.048826    0.032663    4.332663 ^ clk (in)
                                                         clk (net)
                      0.048837    0.000000    4.332663 ^ clkbuf_0_clk/A (sky130_fd_sc_hd__clkbuf_16)
     2    0.020930    0.031850    0.089956    4.422619 ^ clkbuf_0_clk/X (sky130_fd_sc_hd__clkbuf_16)
                                                         clknet_0_clk (net)
                      0.031880    0.001129    4.423748 ^ clkbuf_1_0__f_clk/A (sky130_fd_sc_hd__clkbuf_16)
     5    0.017599    0.029583    0.082859    4.506608 ^ clkbuf_1_0__f_clk/X (sky130_fd_sc_hd__clkbuf_16)
                                                         clknet_1_0__leaf_clk (net)
                      0.029597    0.000997    4.507604 ^ _109_/CLK (sky130_fd_sc_hd__dfrtp_1)
                                 -0.250000    4.257604   clock uncertainty
                                  0.000000    4.257604   clock reconvergence pessimism
                                 -0.069584    4.188020   library setup time
                                              4.188020   data required time
---------------------------------------------------------------------------------------------
                                              4.188020   data required time
                                             -1.451993   data arrival time
---------------------------------------------------------------------------------------------
                                              2.736027   slack (MET)


Startpoint: preload (input port clocked by clk)
Endpoint: _108_ (rising edge-triggered flip-flop clocked by clk)
Path Group: clk
Path Type: max

Fanout         Cap        Slew       Delay        Time   Description
---------------------------------------------------------------------------------------------
                                  0.000000    0.000000   clock clk (rise edge)
                                  0.000000    0.000000   clock network delay (propagated)
                                  0.860000    0.860000 v input external delay
     1    0.002388    0.004114    0.001948    0.861948 v preload (in)
                                                         preload (net)
                      0.004117    0.000000    0.861948 v input10/A (sky130_fd_sc_hd__buf_2)
    10    0.043176    0.076721    0.117111    0.979060 v input10/X (sky130_fd_sc_hd__buf_2)
                                                         net10 (net)
                      0.077137    0.004482    0.983542 v _057_/A (sky130_fd_sc_hd__nor2_2)
     8    0.039791    0.312807    0.271897    1.255439 ^ _057_/Y (sky130_fd_sc_hd__nor2_2)
                                                         _011_ (net)
                      0.313009    0.006577    1.262017 ^ _059_/B1 (sky130_fd_sc_hd__a22o_1)
     1    0.003891    0.040627    0.088278    1.350295 ^ _059_/X (sky130_fd_sc_hd__a22o_1)
                                                         _013_ (net)
                      0.040629    0.000271    1.350566 ^ _060_/B1 (sky130_fd_sc_hd__a21oi_1)
     1    0.002749    0.038483    0.022741    1.373307 v _060_/Y (sky130_fd_sc_hd__a21oi_1)
                                                         _000_ (net)
                      0.038484    0.000187    1.373493 v _108_/D (sky130_fd_sc_hd__dfrtp_1)
                                              1.373493   data arrival time

                                  4.300000    4.300000   clock clk (rise edge)
                                  0.000000    4.300000   clock source latency
     1    0.013031    0.048826    0.032663    4.332663 ^ clk (in)
                                                         clk (net)
                      0.048837    0.000000    4.332663 ^ clkbuf_0_clk/A (sky130_fd_sc_hd__clkbuf_16)
     2    0.020930    0.031850    0.089956    4.422619 ^ clkbuf_0_clk/X (sky130_fd_sc_hd__clkbuf_16)
                                                         clknet_0_clk (net)
                      0.031880    0.001129    4.423748 ^ clkbuf_1_0__f_clk/A (sky130_fd_sc_hd__clkbuf_16)
     5    0.017599    0.029583    0.082859    4.506608 ^ clkbuf_1_0__f_clk/X (sky130_fd_sc_hd__clkbuf_16)
                                                         clknet_1_0__leaf_clk (net)
                      0.029597    0.001015    4.507623 ^ _108_/CLK (sky130_fd_sc_hd__dfrtp_1)
                                 -0.250000    4.257623   clock uncertainty
                                  0.000000    4.257623   clock reconvergence pessimism
                                 -0.074992    4.182631   library setup time
                                              4.182631   data required time
---------------------------------------------------------------------------------------------
                                              4.182631   data required time
                                             -1.373493   data arrival time
---------------------------------------------------------------------------------------------
                                              2.809138   slack (MET)


Startpoint: resetn (input port clocked by clk)
Endpoint: _110_ (recovery check against rising-edge clock clk)
Path Group: asynchronous
Path Type: max

Fanout         Cap        Slew       Delay        Time   Description
---------------------------------------------------------------------------------------------
                                  0.000000    0.000000   clock clk (rise edge)
                                  0.000000    0.000000   clock network delay (propagated)
                                  0.860000    0.860000 ^ input external delay
     1    0.003291    0.015678    0.008571    0.868571 ^ resetn (in)
                                                         resetn (net)
                      0.015679    0.000000    0.868571 ^ hold1/A (sky130_fd_sc_hd__dlygate4sd3_1)
     1    0.002497    0.035440    0.365275    1.233846 ^ hold1/X (sky130_fd_sc_hd__dlygate4sd3_1)
                                                         net22 (net)
                      0.035440    0.000169    1.234014 ^ input11/A (sky130_fd_sc_hd__buf_2)
     8    0.042949    0.159448    0.157689    1.391704 ^ input11/X (sky130_fd_sc_hd__buf_2)
                                                         net11 (net)
                      0.159679    0.004981    1.396685 ^ _110_/RESET_B (sky130_fd_sc_hd__dfrtp_2)
                                              1.396685   data arrival time

                                  4.300000    4.300000   clock clk (rise edge)
                                  0.000000    4.300000   clock source latency
     1    0.013031    0.048826    0.032663    4.332663 ^ clk (in)
                                                         clk (net)
                      0.048837    0.000000    4.332663 ^ clkbuf_0_clk/A (sky130_fd_sc_hd__clkbuf_16)
     2    0.020930    0.031850    0.089956    4.422619 ^ clkbuf_0_clk/X (sky130_fd_sc_hd__clkbuf_16)
                                                         clknet_0_clk (net)
                      0.031880    0.001129    4.423748 ^ clkbuf_1_0__f_clk/A (sky130_fd_sc_hd__clkbuf_16)
     5    0.017599    0.029583    0.082859    4.506608 ^ clkbuf_1_0__f_clk/X (sky130_fd_sc_hd__clkbuf_16)
                                                         clknet_1_0__leaf_clk (net)
                      0.029598    0.001048    4.507655 ^ _110_/CLK (sky130_fd_sc_hd__dfrtp_2)
                                 -0.250000    4.257655   clock uncertainty
                                  0.000000    4.257655   clock reconvergence pessimism
                                  0.100451    4.358106   library recovery time
                                              4.358106   data required time
---------------------------------------------------------------------------------------------
                                              4.358106   data required time
                                             -1.396685   data arrival time
---------------------------------------------------------------------------------------------
                                              2.961421   slack (MET)


Startpoint: resetn (input port clocked by clk)
Endpoint: _111_ (recovery check against rising-edge clock clk)
Path Group: asynchronous
Path Type: max

Fanout         Cap        Slew       Delay        Time   Description
---------------------------------------------------------------------------------------------
                                  0.000000    0.000000   clock clk (rise edge)
                                  0.000000    0.000000   clock network delay (propagated)
                                  0.860000    0.860000 ^ input external delay
     1    0.003291    0.015678    0.008571    0.868571 ^ resetn (in)
                                                         resetn (net)
                      0.015679    0.000000    0.868571 ^ hold1/A (sky130_fd_sc_hd__dlygate4sd3_1)
     1    0.002497    0.035440    0.365275    1.233846 ^ hold1/X (sky130_fd_sc_hd__dlygate4sd3_1)
                                                         net22 (net)
                      0.035440    0.000169    1.234014 ^ input11/A (sky130_fd_sc_hd__buf_2)
     8    0.042949    0.159448    0.157689    1.391704 ^ input11/X (sky130_fd_sc_hd__buf_2)
                                                         net11 (net)
                      0.159655    0.004718    1.396422 ^ _111_/RESET_B (sky130_fd_sc_hd__dfrtp_1)
                                              1.396422   data arrival time

                                  4.300000    4.300000   clock clk (rise edge)
                                  0.000000    4.300000   clock source latency
     1    0.013031    0.048826    0.032663    4.332663 ^ clk (in)
                                                         clk (net)
                      0.048837    0.000000    4.332663 ^ clkbuf_0_clk/A (sky130_fd_sc_hd__clkbuf_16)
     2    0.020930    0.031850    0.089956    4.422619 ^ clkbuf_0_clk/X (sky130_fd_sc_hd__clkbuf_16)
                                                         clknet_0_clk (net)
                      0.031877    0.001093    4.423712 ^ clkbuf_1_1__f_clk/A (sky130_fd_sc_hd__clkbuf_16)
     4    0.012822    0.026414    0.079672    4.503384 ^ clkbuf_1_1__f_clk/X (sky130_fd_sc_hd__clkbuf_16)
                                                         clknet_1_1__leaf_clk (net)
                      0.026419    0.000859    4.504243 ^ _111_/CLK (sky130_fd_sc_hd__dfrtp_1)
                                 -0.250000    4.254243   clock uncertainty
                                  0.000000    4.254243   clock reconvergence pessimism
                                  0.118884    4.373127   library recovery time
                                              4.373127   data required time
---------------------------------------------------------------------------------------------
                                              4.373127   data required time
                                             -1.396422   data arrival time
---------------------------------------------------------------------------------------------
                                              2.976706   slack (MET)


Startpoint: resetn (input port clocked by clk)
Endpoint: _115_ (recovery check against rising-edge clock clk)
Path Group: asynchronous
Path Type: max

Fanout         Cap        Slew       Delay        Time   Description
---------------------------------------------------------------------------------------------
                                  0.000000    0.000000   clock clk (rise edge)
                                  0.000000    0.000000   clock network delay (propagated)
                                  0.860000    0.860000 ^ input external delay
     1    0.003291    0.015678    0.008571    0.868571 ^ resetn (in)
                                                         resetn (net)
                      0.015679    0.000000    0.868571 ^ hold1/A (sky130_fd_sc_hd__dlygate4sd3_1)
     1    0.002497    0.035440    0.365275    1.233846 ^ hold1/X (sky130_fd_sc_hd__dlygate4sd3_1)
                                                         net22 (net)
                      0.035440    0.000169    1.234014 ^ input11/A (sky130_fd_sc_hd__buf_2)
     8    0.042949    0.159448    0.157689    1.391704 ^ input11/X (sky130_fd_sc_hd__buf_2)
                                                         net11 (net)
                      0.159658    0.004751    1.396455 ^ _115_/RESET_B (sky130_fd_sc_hd__dfrtp_1)
                                              1.396455   data arrival time

                                  4.300000    4.300000   clock clk (rise edge)
                                  0.000000    4.300000   clock source latency
     1    0.013031    0.048826    0.032663    4.332663 ^ clk (in)
                                                         clk (net)
                      0.048837    0.000000    4.332663 ^ clkbuf_0_clk/A (sky130_fd_sc_hd__clkbuf_16)
     2    0.020930    0.031850    0.089956    4.422619 ^ clkbuf_0_clk/X (sky130_fd_sc_hd__clkbuf_16)
                                                         clknet_0_clk (net)
                      0.031877    0.001093    4.423712 ^ clkbuf_1_1__f_clk/A (sky130_fd_sc_hd__clkbuf_16)
     4    0.012822    0.026414    0.079672    4.503384 ^ clkbuf_1_1__f_clk/X (sky130_fd_sc_hd__clkbuf_16)
                                                         clknet_1_1__leaf_clk (net)
                      0.026420    0.000972    4.504356 ^ _115_/CLK (sky130_fd_sc_hd__dfrtp_1)
                                 -0.250000    4.254355   clock uncertainty
                                  0.000000    4.254355   clock reconvergence pessimism
                                  0.118884    4.373240   library recovery time
                                              4.373240   data required time
---------------------------------------------------------------------------------------------
                                              4.373240   data required time
                                             -1.396455   data arrival time
---------------------------------------------------------------------------------------------
                                              2.976785   slack (MET)


Startpoint: resetn (input port clocked by clk)
Endpoint: _114_ (recovery check against rising-edge clock clk)
Path Group: asynchronous
Path Type: max

Fanout         Cap        Slew       Delay        Time   Description
---------------------------------------------------------------------------------------------
                                  0.000000    0.000000   clock clk (rise edge)
                                  0.000000    0.000000   clock network delay (propagated)
                                  0.860000    0.860000 ^ input external delay
     1    0.003291    0.015678    0.008571    0.868571 ^ resetn (in)
                                                         resetn (net)
                      0.015679    0.000000    0.868571 ^ hold1/A (sky130_fd_sc_hd__dlygate4sd3_1)
     1    0.002497    0.035440    0.365275    1.233846 ^ hold1/X (sky130_fd_sc_hd__dlygate4sd3_1)
                                                         net22 (net)
                      0.035440    0.000169    1.234014 ^ input11/A (sky130_fd_sc_hd__buf_2)
     8    0.042949    0.159448    0.157689    1.391704 ^ input11/X (sky130_fd_sc_hd__buf_2)
                                                         net11 (net)
                      0.159602    0.004081    1.395785 ^ _114_/RESET_B (sky130_fd_sc_hd__dfrtp_1)
                                              1.395785   data arrival time

                                  4.300000    4.300000   clock clk (rise edge)
                                  0.000000    4.300000   clock source latency
     1    0.013031    0.048826    0.032663    4.332663 ^ clk (in)
                                                         clk (net)
                      0.048837    0.000000    4.332663 ^ clkbuf_0_clk/A (sky130_fd_sc_hd__clkbuf_16)
     2    0.020930    0.031850    0.089956    4.422619 ^ clkbuf_0_clk/X (sky130_fd_sc_hd__clkbuf_16)
                                                         clknet_0_clk (net)
                      0.031877    0.001093    4.423712 ^ clkbuf_1_1__f_clk/A (sky130_fd_sc_hd__clkbuf_16)
     4    0.012822    0.026414    0.079672    4.503384 ^ clkbuf_1_1__f_clk/X (sky130_fd_sc_hd__clkbuf_16)
                                                         clknet_1_1__leaf_clk (net)
                      0.026416    0.000621    4.504005 ^ _114_/CLK (sky130_fd_sc_hd__dfrtp_1)
                                 -0.250000    4.254005   clock uncertainty
                                  0.000000    4.254005   clock reconvergence pessimism
                                  0.118894    4.372899   library recovery time
                                              4.372899   data required time
---------------------------------------------------------------------------------------------
                                              4.372899   data required time
                                             -1.395785   data arrival time
---------------------------------------------------------------------------------------------
                                              2.977114   slack (MET)


Startpoint: resetn (input port clocked by clk)
Endpoint: _113_ (recovery check against rising-edge clock clk)
Path Group: asynchronous
Path Type: max

Fanout         Cap        Slew       Delay        Time   Description
---------------------------------------------------------------------------------------------
                                  0.000000    0.000000   clock clk (rise edge)
                                  0.000000    0.000000   clock network delay (propagated)
                                  0.860000    0.860000 ^ input external delay
     1    0.003291    0.015678    0.008571    0.868571 ^ resetn (in)
                                                         resetn (net)
                      0.015679    0.000000    0.868571 ^ hold1/A (sky130_fd_sc_hd__dlygate4sd3_1)
     1    0.002497    0.035440    0.365275    1.233846 ^ hold1/X (sky130_fd_sc_hd__dlygate4sd3_1)
                                                         net22 (net)
                      0.035440    0.000169    1.234014 ^ input11/A (sky130_fd_sc_hd__buf_2)
     8    0.042949    0.159448    0.157689    1.391704 ^ input11/X (sky130_fd_sc_hd__buf_2)
                                                         net11 (net)
                      0.159521    0.002843    1.394547 ^ _113_/RESET_B (sky130_fd_sc_hd__dfrtp_1)
                                              1.394547   data arrival time

                                  4.300000    4.300000   clock clk (rise edge)
                                  0.000000    4.300000   clock source latency
     1    0.013031    0.048826    0.032663    4.332663 ^ clk (in)
                                                         clk (net)
                      0.048837    0.000000    4.332663 ^ clkbuf_0_clk/A (sky130_fd_sc_hd__clkbuf_16)
     2    0.020930    0.031850    0.089956    4.422619 ^ clkbuf_0_clk/X (sky130_fd_sc_hd__clkbuf_16)
                                                         clknet_0_clk (net)
                      0.031877    0.001093    4.423712 ^ clkbuf_1_1__f_clk/A (sky130_fd_sc_hd__clkbuf_16)
     4    0.012822    0.026414    0.079672    4.503384 ^ clkbuf_1_1__f_clk/X (sky130_fd_sc_hd__clkbuf_16)
                                                         clknet_1_1__leaf_clk (net)
                      0.026417    0.000762    4.504146 ^ _113_/CLK (sky130_fd_sc_hd__dfrtp_1)
                                 -0.250000    4.254146   clock uncertainty
                                  0.000000    4.254146   clock reconvergence pessimism
                                  0.118909    4.373055   library recovery time
                                              4.373055   data required time
---------------------------------------------------------------------------------------------
                                              4.373055   data required time
                                             -1.394547   data arrival time
---------------------------------------------------------------------------------------------
                                              2.978509   slack (MET)


Startpoint: resetn (input port clocked by clk)
Endpoint: _109_ (recovery check against rising-edge clock clk)
Path Group: asynchronous
Path Type: max

Fanout         Cap        Slew       Delay        Time   Description
---------------------------------------------------------------------------------------------
                                  0.000000    0.000000   clock clk (rise edge)
                                  0.000000    0.000000   clock network delay (propagated)
                                  0.860000    0.860000 ^ input external delay
     1    0.003291    0.015678    0.008571    0.868571 ^ resetn (in)
                                                         resetn (net)
                      0.015679    0.000000    0.868571 ^ hold1/A (sky130_fd_sc_hd__dlygate4sd3_1)
     1    0.002497    0.035440    0.365275    1.233846 ^ hold1/X (sky130_fd_sc_hd__dlygate4sd3_1)
                                                         net22 (net)
                      0.035440    0.000169    1.234014 ^ input11/A (sky130_fd_sc_hd__buf_2)
     8    0.042949    0.159448    0.157689    1.391704 ^ input11/X (sky130_fd_sc_hd__buf_2)
                                                         net11 (net)
                      0.159682    0.005010    1.396714 ^ _109_/RESET_B (sky130_fd_sc_hd__dfrtp_1)
                                              1.396714   data arrival time

                                  4.300000    4.300000   clock clk (rise edge)
                                  0.000000    4.300000   clock source latency
     1    0.013031    0.048826    0.032663    4.332663 ^ clk (in)
                                                         clk (net)
                      0.048837    0.000000    4.332663 ^ clkbuf_0_clk/A (sky130_fd_sc_hd__clkbuf_16)
     2    0.020930    0.031850    0.089956    4.422619 ^ clkbuf_0_clk/X (sky130_fd_sc_hd__clkbuf_16)
                                                         clknet_0_clk (net)
                      0.031880    0.001129    4.423748 ^ clkbuf_1_0__f_clk/A (sky130_fd_sc_hd__clkbuf_16)
     5    0.017599    0.029583    0.082859    4.506608 ^ clkbuf_1_0__f_clk/X (sky130_fd_sc_hd__clkbuf_16)
                                                         clknet_1_0__leaf_clk (net)
                      0.029597    0.000997    4.507604 ^ _109_/CLK (sky130_fd_sc_hd__dfrtp_1)
                                 -0.250000    4.257604   clock uncertainty
                                  0.000000    4.257604   clock reconvergence pessimism
                                  0.119372    4.376976   library recovery time
                                              4.376976   data required time
---------------------------------------------------------------------------------------------
                                              4.376976   data required time
                                             -1.396714   data arrival time
---------------------------------------------------------------------------------------------
                                              2.980263   slack (MET)


Startpoint: resetn (input port clocked by clk)
Endpoint: _112_ (recovery check against rising-edge clock clk)
Path Group: asynchronous
Path Type: max

Fanout         Cap        Slew       Delay        Time   Description
---------------------------------------------------------------------------------------------
                                  0.000000    0.000000   clock clk (rise edge)
                                  0.000000    0.000000   clock network delay (propagated)
                                  0.860000    0.860000 ^ input external delay
     1    0.003291    0.015678    0.008571    0.868571 ^ resetn (in)
                                                         resetn (net)
                      0.015679    0.000000    0.868571 ^ hold1/A (sky130_fd_sc_hd__dlygate4sd3_1)
     1    0.002497    0.035440    0.365275    1.233846 ^ hold1/X (sky130_fd_sc_hd__dlygate4sd3_1)
                                                         net22 (net)
                      0.035440    0.000169    1.234014 ^ input11/A (sky130_fd_sc_hd__buf_2)
     8    0.042949    0.159448    0.157689    1.391704 ^ input11/X (sky130_fd_sc_hd__buf_2)
                                                         net11 (net)
                      0.159486    0.002060    1.393764 ^ _112_/RESET_B (sky130_fd_sc_hd__dfrtp_1)
                                              1.393764   data arrival time

                                  4.300000    4.300000   clock clk (rise edge)
                                  0.000000    4.300000   clock source latency
     1    0.013031    0.048826    0.032663    4.332663 ^ clk (in)
                                                         clk (net)
                      0.048837    0.000000    4.332663 ^ clkbuf_0_clk/A (sky130_fd_sc_hd__clkbuf_16)
     2    0.020930    0.031850    0.089956    4.422619 ^ clkbuf_0_clk/X (sky130_fd_sc_hd__clkbuf_16)
                                                         clknet_0_clk (net)
                      0.031880    0.001129    4.423748 ^ clkbuf_1_0__f_clk/A (sky130_fd_sc_hd__clkbuf_16)
     5    0.017599    0.029583    0.082859    4.506608 ^ clkbuf_1_0__f_clk/X (sky130_fd_sc_hd__clkbuf_16)
                                                         clknet_1_0__leaf_clk (net)
                      0.029595    0.000941    4.507548 ^ _112_/CLK (sky130_fd_sc_hd__dfrtp_1)
                                 -0.250000    4.257548   clock uncertainty
                                  0.000000    4.257548   clock reconvergence pessimism
                                  0.119409    4.376956   library recovery time
                                              4.376956   data required time
---------------------------------------------------------------------------------------------
                                              4.376956   data required time
                                             -1.393764   data arrival time
---------------------------------------------------------------------------------------------
                                              2.983192   slack (MET)


Startpoint: resetn (input port clocked by clk)
Endpoint: _108_ (recovery check against rising-edge clock clk)
Path Group: asynchronous
Path Type: max

Fanout         Cap        Slew       Delay        Time   Description
---------------------------------------------------------------------------------------------
                                  0.000000    0.000000   clock clk (rise edge)
                                  0.000000    0.000000   clock network delay (propagated)
                                  0.860000    0.860000 ^ input external delay
     1    0.003291    0.015678    0.008571    0.868571 ^ resetn (in)
                                                         resetn (net)
                      0.015679    0.000000    0.868571 ^ hold1/A (sky130_fd_sc_hd__dlygate4sd3_1)
     1    0.002497    0.035440    0.365275    1.233846 ^ hold1/X (sky130_fd_sc_hd__dlygate4sd3_1)
                                                         net22 (net)
                      0.035440    0.000169    1.234014 ^ input11/A (sky130_fd_sc_hd__buf_2)
     8    0.042949    0.159448    0.157689    1.391704 ^ input11/X (sky130_fd_sc_hd__buf_2)
                                                         net11 (net)
                      0.159476    0.001766    1.393470 ^ _108_/RESET_B (sky130_fd_sc_hd__dfrtp_1)
                                              1.393470   data arrival time

                                  4.300000    4.300000   clock clk (rise edge)
                                  0.000000    4.300000   clock source latency
     1    0.013031    0.048826    0.032663    4.332663 ^ clk (in)
                                                         clk (net)
                      0.048837    0.000000    4.332663 ^ clkbuf_0_clk/A (sky130_fd_sc_hd__clkbuf_16)
     2    0.020930    0.031850    0.089956    4.422619 ^ clkbuf_0_clk/X (sky130_fd_sc_hd__clkbuf_16)
                                                         clknet_0_clk (net)
                      0.031880    0.001129    4.423748 ^ clkbuf_1_0__f_clk/A (sky130_fd_sc_hd__clkbuf_16)
     5    0.017599    0.029583    0.082859    4.506608 ^ clkbuf_1_0__f_clk/X (sky130_fd_sc_hd__clkbuf_16)
                                                         clknet_1_0__leaf_clk (net)
                      0.029597    0.001015    4.507623 ^ _108_/CLK (sky130_fd_sc_hd__dfrtp_1)
                                 -0.250000    4.257623   clock uncertainty
                                  0.000000    4.257623   clock reconvergence pessimism
                                  0.119411    4.377034   library recovery time
                                              4.377034   data required time
---------------------------------------------------------------------------------------------
                                              4.377034   data required time
                                             -1.393470   data arrival time
---------------------------------------------------------------------------------------------
                                              2.983564   slack (MET)



