
===========================================================================
 report_power
============================================================================
======================= max_tt_025C_1v80 Corner ===================================

Group                    Internal    Switching      Leakage        Total
                            Power        Power        Power        Power (Watts)
------------------------------------------------------------------------
Sequential           9.594350e-05 1.354743e-05 9.403597e-11 1.094910e-04  25.7%
Combinational        5.700394e-05 7.755095e-05 2.546590e-10 1.345551e-04  31.5%
Clock                1.426333e-04 3.989772e-05 2.035723e-10 1.825313e-04  42.8%
Macro                0.000000e+00 0.000000e+00 0.000000e+00 0.000000e+00   0.0%
Pad                  0.000000e+00 0.000000e+00 0.000000e+00 0.000000e+00   0.0%
------------------------------------------------------------------------
Total                2.955808e-04 1.309961e-04 5.522673e-10 4.265774e-04 100.0%
                            69.3%        30.7%         0.0%

