
===========================================================================
report_checks -path_delay min (Hold)
============================================================================
======================= nom_tt_025C_1v80 Corner ===================================

Startpoint: resetn (input port clocked by clk)
Endpoint: _108_ (removal check against rising-edge clock clk)
Path Group: asynchronous
Path Type: min

Fanout         Cap        Slew       Delay        Time   Description
---------------------------------------------------------------------------------------------
                                  0.000000    0.000000   clock clk (rise edge)
                                  0.000000    0.000000   clock network delay (propagated)
                                  0.780000    0.780000 ^ input external delay
     8    0.036259    0.168166    0.116142    0.896142 ^ resetn (in)
                                                         resetn (net)
                      0.168166    0.000000    0.896142 ^ _108_/RESET_B (sky130_fd_sc_hd__dfrtp_2)
                                              0.896142   data arrival time

                                  0.000000    0.000000   clock clk (rise edge)
                                  0.000000    0.000000   clock source latency
     8    0.022358    0.106158    0.072924    0.072924 ^ clk (in)
                                                         clk (net)
                      0.106158    0.000000    0.072924 ^ _108_/CLK (sky130_fd_sc_hd__dfrtp_2)
                                  0.250000    0.322924   clock uncertainty
                                  0.000000    0.322924   clock reconvergence pessimism
                                  0.370613    0.693537   library removal time
                                              0.693537   data required time
---------------------------------------------------------------------------------------------
                                              0.693537   data required time
                                             -0.896142   data arrival time
---------------------------------------------------------------------------------------------
                                              0.202606   slack (MET)


Startpoint: resetn (input port clocked by clk)
Endpoint: _112_ (removal check against rising-edge clock clk)
Path Group: asynchronous
Path Type: min

Fanout         Cap        Slew       Delay        Time   Description
---------------------------------------------------------------------------------------------
                                  0.000000    0.000000   clock clk (rise edge)
                                  0.000000    0.000000   clock network delay (propagated)
                                  0.780000    0.780000 ^ input external delay
     8    0.036259    0.168166    0.116206    0.896206 ^ resetn (in)
                                                         resetn (net)
                      0.168166    0.000000    0.896206 ^ _112_/RESET_B (sky130_fd_sc_hd__dfrtp_2)
                                              0.896206   data arrival time

                                  0.000000    0.000000   clock clk (rise edge)
                                  0.000000    0.000000   clock source latency
     8    0.022358    0.106158    0.072947    0.072947 ^ clk (in)
                                                         clk (net)
                      0.106158    0.000000    0.072947 ^ _112_/CLK (sky130_fd_sc_hd__dfrtp_2)
                                  0.250000    0.322947   clock uncertainty
                                  0.000000    0.322947   clock reconvergence pessimism
                                  0.370613    0.693559   library removal time
                                              0.693559   data required time
---------------------------------------------------------------------------------------------
                                              0.693559   data required time
                                             -0.896206   data arrival time
---------------------------------------------------------------------------------------------
                                              0.202647   slack (MET)


Startpoint: resetn (input port clocked by clk)
Endpoint: _109_ (removal check against rising-edge clock clk)
Path Group: asynchronous
Path Type: min

Fanout         Cap        Slew       Delay        Time   Description
---------------------------------------------------------------------------------------------
                                  0.000000    0.000000   clock clk (rise edge)
                                  0.000000    0.000000   clock network delay (propagated)
                                  0.780000    0.780000 ^ input external delay
     8    0.036259    0.168166    0.116205    0.896205 ^ resetn (in)
                                                         resetn (net)
                      0.168166    0.000000    0.896205 ^ _109_/RESET_B (sky130_fd_sc_hd__dfrtp_2)
                                              0.896205   data arrival time

                                  0.000000    0.000000   clock clk (rise edge)
                                  0.000000    0.000000   clock source latency
     8    0.022358    0.106158    0.072868    0.072868 ^ clk (in)
                                                         clk (net)
                      0.106158    0.000000    0.072868 ^ _109_/CLK (sky130_fd_sc_hd__dfrtp_2)
                                  0.250000    0.322868   clock uncertainty
                                  0.000000    0.322868   clock reconvergence pessimism
                                  0.370613    0.693481   library removal time
                                              0.693481   data required time
---------------------------------------------------------------------------------------------
                                              0.693481   data required time
                                             -0.896205   data arrival time
---------------------------------------------------------------------------------------------
                                              0.202724   slack (MET)


Startpoint: resetn (input port clocked by clk)
Endpoint: _113_ (removal check against rising-edge clock clk)
Path Group: asynchronous
Path Type: min

Fanout         Cap        Slew       Delay        Time   Description
---------------------------------------------------------------------------------------------
                                  0.000000    0.000000   clock clk (rise edge)
                                  0.000000    0.000000   clock network delay (propagated)
                                  0.780000    0.780000 ^ input external delay
     8    0.036259    0.168166    0.116311    0.896311 ^ resetn (in)
                                                         resetn (net)
                      0.168167    0.000000    0.896311 ^ _113_/RESET_B (sky130_fd_sc_hd__dfrtp_2)
                                              0.896311   data arrival time

                                  0.000000    0.000000   clock clk (rise edge)
                                  0.000000    0.000000   clock source latency
     8    0.022358    0.106158    0.072961    0.072961 ^ clk (in)
                                                         clk (net)
                      0.106158    0.000000    0.072961 ^ _113_/CLK (sky130_fd_sc_hd__dfrtp_2)
                                  0.250000    0.322961   clock uncertainty
                                  0.000000    0.322961   clock reconvergence pessimism
                                  0.370613    0.693573   library removal time
                                              0.693573   data required time
---------------------------------------------------------------------------------------------
                                              0.693573   data required time
                                             -0.896311   data arrival time
---------------------------------------------------------------------------------------------
                                              0.202738   slack (MET)


Startpoint: resetn (input port clocked by clk)
Endpoint: _110_ (removal check against rising-edge clock clk)
Path Group: asynchronous
Path Type: min

Fanout         Cap        Slew       Delay        Time   Description
---------------------------------------------------------------------------------------------
                                  0.000000    0.000000   clock clk (rise edge)
                                  0.000000    0.000000   clock network delay (propagated)
                                  0.780000    0.780000 ^ input external delay
     8    0.036259    0.168166    0.116218    0.896218 ^ resetn (in)
                                                         resetn (net)
                      0.168166    0.000000    0.896218 ^ _110_/RESET_B (sky130_fd_sc_hd__dfrtp_2)
                                              0.896218   data arrival time

                                  0.000000    0.000000   clock clk (rise edge)
                                  0.000000    0.000000   clock source latency
     8    0.022358    0.106158    0.072831    0.072831 ^ clk (in)
                                                         clk (net)
                      0.106158    0.000000    0.072831 ^ _110_/CLK (sky130_fd_sc_hd__dfrtp_2)
                                  0.250000    0.322831   clock uncertainty
                                  0.000000    0.322831   clock reconvergence pessimism
                                  0.370613    0.693444   library removal time
                                              0.693444   data required time
---------------------------------------------------------------------------------------------
                                              0.693444   data required time
                                             -0.896218   data arrival time
---------------------------------------------------------------------------------------------
                                              0.202775   slack (MET)


Startpoint: resetn (input port clocked by clk)
Endpoint: _114_ (removal check against rising-edge clock clk)
Path Group: asynchronous
Path Type: min

Fanout         Cap        Slew       Delay        Time   Description
---------------------------------------------------------------------------------------------
                                  0.000000    0.000000   clock clk (rise edge)
                                  0.000000    0.000000   clock network delay (propagated)
                                  0.780000    0.780000 ^ input external delay
     8    0.036259    0.168166    0.116391    0.896391 ^ resetn (in)
                                                         resetn (net)
                      0.168167    0.000000    0.896391 ^ _114_/RESET_B (sky130_fd_sc_hd__dfrtp_2)
                                              0.896391   data arrival time

                                  0.000000    0.000000   clock clk (rise edge)
                                  0.000000    0.000000   clock source latency
     8    0.022358    0.106158    0.072853    0.072853 ^ clk (in)
                                                         clk (net)
                      0.106158    0.000000    0.072853 ^ _114_/CLK (sky130_fd_sc_hd__dfrtp_2)
                                  0.250000    0.322853   clock uncertainty
                                  0.000000    0.322853   clock reconvergence pessimism
                                  0.370613    0.693466   library removal time
                                              0.693466   data required time
---------------------------------------------------------------------------------------------
                                              0.693466   data required time
                                             -0.896391   data arrival time
---------------------------------------------------------------------------------------------
                                              0.202925   slack (MET)


Startpoint: resetn (input port clocked by clk)
Endpoint: _115_ (removal check against rising-edge clock clk)
Path Group: asynchronous
Path Type: min

Fanout         Cap        Slew       Delay        Time   Description
---------------------------------------------------------------------------------------------
                                  0.000000    0.000000   clock clk (rise edge)
                                  0.000000    0.000000   clock network delay (propagated)
                                  0.780000    0.780000 ^ input external delay
     8    0.036259    0.168166    0.116409    0.896409 ^ resetn (in)
                                                         resetn (net)
                      0.168167    0.000000    0.896409 ^ _115_/RESET_B (sky130_fd_sc_hd__dfrtp_2)
                                              0.896409   data arrival time

                                  0.000000    0.000000   clock clk (rise edge)
                                  0.000000    0.000000   clock source latency
     8    0.022358    0.106158    0.072857    0.072857 ^ clk (in)
                                                         clk (net)
                      0.106158    0.000000    0.072857 ^ _115_/CLK (sky130_fd_sc_hd__dfrtp_2)
                                  0.250000    0.322857   clock uncertainty
                                  0.000000    0.322857   clock reconvergence pessimism
                                  0.370613    0.693470   library removal time
                                              0.693470   data required time
---------------------------------------------------------------------------------------------
                                              0.693470   data required time
                                             -0.896409   data arrival time
---------------------------------------------------------------------------------------------
                                              0.202939   slack (MET)


Startpoint: resetn (input port clocked by clk)
Endpoint: _111_ (removal check against rising-edge clock clk)
Path Group: asynchronous
Path Type: min

Fanout         Cap        Slew       Delay        Time   Description
---------------------------------------------------------------------------------------------
                                  0.000000    0.000000   clock clk (rise edge)
                                  0.000000    0.000000   clock network delay (propagated)
                                  0.780000    0.780000 ^ input external delay
     8    0.036259    0.168166    0.116410    0.896410 ^ resetn (in)
                                                         resetn (net)
                      0.168167    0.000000    0.896410 ^ _111_/RESET_B (sky130_fd_sc_hd__dfrtp_2)
                                              0.896410   data arrival time

                                  0.000000    0.000000   clock clk (rise edge)
                                  0.000000    0.000000   clock source latency
     8    0.022358    0.106158    0.072838    0.072838 ^ clk (in)
                                                         clk (net)
                      0.106158    0.000000    0.072838 ^ _111_/CLK (sky130_fd_sc_hd__dfrtp_2)
                                  0.250000    0.322838   clock uncertainty
                                  0.000000    0.322838   clock reconvergence pessimism
                                  0.370613    0.693451   library removal time
                                              0.693451   data required time
---------------------------------------------------------------------------------------------
                                              0.693451   data required time
                                             -0.896410   data arrival time
---------------------------------------------------------------------------------------------
                                              0.202959   slack (MET)


Startpoint: _108_ (rising edge-triggered flip-flop clocked by clk)
Endpoint: _108_ (rising edge-triggered flip-flop clocked by clk)
Path Group: clk
Path Type: min

Fanout         Cap        Slew       Delay        Time   Description
---------------------------------------------------------------------------------------------
                                  0.000000    0.000000   clock clk (rise edge)
                                  0.000000    0.000000   clock source latency
     8    0.022358    0.106158    0.072924    0.072924 ^ clk (in)
                                                         clk (net)
                      0.106158    0.000000    0.072924 ^ _108_/CLK (sky130_fd_sc_hd__dfrtp_2)
     3    0.044047    0.215223    0.504303    0.577227 ^ _108_/Q (sky130_fd_sc_hd__dfrtp_2)
                                                         count[0] (net)
                      0.215223    0.000029    0.577255 ^ _060_/A1 (sky130_fd_sc_hd__a21oi_2)
     1    0.002024    0.018960    0.070375    0.647630 v _060_/Y (sky130_fd_sc_hd__a21oi_2)
                                                         _000_ (net)
                      0.018960    0.000000    0.647631 v _108_/D (sky130_fd_sc_hd__dfrtp_2)
                                              0.647631   data arrival time

                                  0.000000    0.000000   clock clk (rise edge)
                                  0.000000    0.000000   clock source latency
     8    0.022358    0.106158    0.072924    0.072924 ^ clk (in)
                                                         clk (net)
                      0.106158    0.000000    0.072924 ^ _108_/CLK (sky130_fd_sc_hd__dfrtp_2)
                                  0.250000    0.322924   clock uncertainty
                                  0.000000    0.322924   clock reconvergence pessimism
                                 -0.017569    0.305355   library hold time
                                              0.305355   data required time
---------------------------------------------------------------------------------------------
                                              0.305355   data required time
                                             -0.647631   data arrival time
---------------------------------------------------------------------------------------------
                                              0.342276   slack (MET)


Startpoint: _111_ (rising edge-triggered flip-flop clocked by clk)
Endpoint: _111_ (rising edge-triggered flip-flop clocked by clk)
Path Group: clk
Path Type: min

Fanout         Cap        Slew       Delay        Time   Description
---------------------------------------------------------------------------------------------
                                  0.000000    0.000000   clock clk (rise edge)
                                  0.000000    0.000000   clock source latency
     8    0.022358    0.106158    0.072838    0.072838 ^ clk (in)
                                                         clk (net)
                      0.106158    0.000000    0.072838 ^ _111_/CLK (sky130_fd_sc_hd__dfrtp_2)
     4    0.051466    0.248913    0.527961    0.600799 ^ _111_/Q (sky130_fd_sc_hd__dfrtp_2)
                                                         count[3] (net)
                      0.248913    0.000183    0.600982 ^ _078_/B2 (sky130_fd_sc_hd__a221o_2)
     1    0.002110    0.027758    0.181205    0.782188 ^ _078_/X (sky130_fd_sc_hd__a221o_2)
                                                         _003_ (net)
                      0.027758    0.000001    0.782189 ^ _111_/D (sky130_fd_sc_hd__dfrtp_2)
                                              0.782189   data arrival time

                                  0.000000    0.000000   clock clk (rise edge)
                                  0.000000    0.000000   clock source latency
     8    0.022358    0.106158    0.072838    0.072838 ^ clk (in)
                                                         clk (net)
                      0.106158    0.000000    0.072838 ^ _111_/CLK (sky130_fd_sc_hd__dfrtp_2)
                                  0.250000    0.322838   clock uncertainty
                                  0.000000    0.322838   clock reconvergence pessimism
                                 -0.022776    0.300062   library hold time
                                              0.300062   data required time
---------------------------------------------------------------------------------------------
                                              0.300062   data required time
                                             -0.782189   data arrival time
---------------------------------------------------------------------------------------------
                                              0.482127   slack (MET)


Startpoint: _108_ (rising edge-triggered flip-flop clocked by clk)
Endpoint: _109_ (rising edge-triggered flip-flop clocked by clk)
Path Group: clk
Path Type: min

Fanout         Cap        Slew       Delay        Time   Description
---------------------------------------------------------------------------------------------
                                  0.000000    0.000000   clock clk (rise edge)
                                  0.000000    0.000000   clock source latency
     8    0.022358    0.106158    0.072924    0.072924 ^ clk (in)
                                                         clk (net)
                      0.106158    0.000000    0.072924 ^ _108_/CLK (sky130_fd_sc_hd__dfrtp_2)
     3    0.044047    0.215223    0.504303    0.577227 ^ _108_/Q (sky130_fd_sc_hd__dfrtp_2)
                                                         count[0] (net)
                      0.215223    0.000030    0.577257 ^ _054_/A (sky130_fd_sc_hd__inv_2)
     4    0.011726    0.063933    0.080186    0.657444 v _054_/Y (sky130_fd_sc_hd__inv_2)
                                                         _008_ (net)
                      0.063933    0.000021    0.657464 v _063_/A (sky130_fd_sc_hd__nand2_2)
     1    0.002774    0.031863    0.054631    0.712096 ^ _063_/Y (sky130_fd_sc_hd__nand2_2)
                                                         _016_ (net)
                      0.031863    0.000005    0.712100 ^ _066_/A1 (sky130_fd_sc_hd__a21o_2)
     1    0.002682    0.026224    0.100467    0.812567 ^ _066_/X (sky130_fd_sc_hd__a21o_2)
                                                         _001_ (net)
                      0.026224    0.000007    0.812574 ^ _109_/D (sky130_fd_sc_hd__dfrtp_2)
                                              0.812574   data arrival time

                                  0.000000    0.000000   clock clk (rise edge)
                                  0.000000    0.000000   clock source latency
     8    0.022358    0.106158    0.072868    0.072868 ^ clk (in)
                                                         clk (net)
                      0.106158    0.000000    0.072868 ^ _109_/CLK (sky130_fd_sc_hd__dfrtp_2)
                                  0.250000    0.322868   clock uncertainty
                                  0.000000    0.322868   clock reconvergence pessimism
                                 -0.022461    0.300408   library hold time
                                              0.300408   data required time
---------------------------------------------------------------------------------------------
                                              0.300408   data required time
                                             -0.812574   data arrival time
---------------------------------------------------------------------------------------------
                                              0.512167   slack (MET)


Startpoint: _114_ (rising edge-triggered flip-flop clocked by clk)
Endpoint: _114_ (rising edge-triggered flip-flop clocked by clk)
Path Group: clk
Path Type: min

Fanout         Cap        Slew       Delay        Time   Description
---------------------------------------------------------------------------------------------
                                  0.000000    0.000000   clock clk (rise edge)
                                  0.000000    0.000000   clock source latency
     8    0.022358    0.106158    0.072853    0.072853 ^ clk (in)
                                                         clk (net)
                      0.106158    0.000000    0.072853 ^ _114_/CLK (sky130_fd_sc_hd__dfrtp_2)
     4    0.041211    0.202423    0.494982    0.567836 ^ _114_/Q (sky130_fd_sc_hd__dfrtp_2)
                                                         count[6] (net)
                      0.202423    0.000049    0.567885 ^ _101_/B2 (sky130_fd_sc_hd__a22o_2)
     1    0.002572    0.032625    0.160510    0.728396 ^ _101_/X (sky130_fd_sc_hd__a22o_2)
                                                         _049_ (net)
                      0.032625    0.000000    0.728397 ^ _102_/B1 (sky130_fd_sc_hd__a31o_2)
     1    0.002824    0.031353    0.084006    0.812402 ^ _102_/X (sky130_fd_sc_hd__a31o_2)
                                                         _006_ (net)
                      0.031353    0.000010    0.812412 ^ _114_/D (sky130_fd_sc_hd__dfrtp_2)
                                              0.812412   data arrival time

                                  0.000000    0.000000   clock clk (rise edge)
                                  0.000000    0.000000   clock source latency
     8    0.022358    0.106158    0.072853    0.072853 ^ clk (in)
                                                         clk (net)
                      0.106158    0.000000    0.072853 ^ _114_/CLK (sky130_fd_sc_hd__dfrtp_2)
                                  0.250000    0.322853   clock uncertainty
                                  0.000000    0.322853   clock reconvergence pessimism
                                 -0.023515    0.299338   library hold time
                                              0.299338   data required time
---------------------------------------------------------------------------------------------
                                              0.299338   data required time
                                             -0.812412   data arrival time
---------------------------------------------------------------------------------------------
                                              0.513074   slack (MET)


Startpoint: _115_ (rising edge-triggered flip-flop clocked by clk)
Endpoint: _115_ (rising edge-triggered flip-flop clocked by clk)
Path Group: clk
Path Type: min

Fanout         Cap        Slew       Delay        Time   Description
---------------------------------------------------------------------------------------------
                                  0.000000    0.000000   clock clk (rise edge)
                                  0.000000    0.000000   clock source latency
     8    0.022358    0.106158    0.072857    0.072857 ^ clk (in)
                                                         clk (net)
                      0.106158    0.000000    0.072857 ^ _115_/CLK (sky130_fd_sc_hd__dfrtp_2)
     3    0.046265    0.225318    0.511281    0.584139 ^ _115_/Q (sky130_fd_sc_hd__dfrtp_2)
                                                         count[7] (net)
                      0.225318    0.000136    0.584274 ^ _106_/B2 (sky130_fd_sc_hd__a22o_2)
     1    0.002686    0.033177    0.166777    0.751051 ^ _106_/X (sky130_fd_sc_hd__a22o_2)
                                                         _053_ (net)
                      0.033177    0.000002    0.751052 ^ _107_/B1 (sky130_fd_sc_hd__a21o_2)
     1    0.002355    0.024764    0.072860    0.823913 ^ _107_/X (sky130_fd_sc_hd__a21o_2)
                                                         _007_ (net)
                      0.024764    0.000004    0.823916 ^ _115_/D (sky130_fd_sc_hd__dfrtp_2)
                                              0.823916   data arrival time

                                  0.000000    0.000000   clock clk (rise edge)
                                  0.000000    0.000000   clock source latency
     8    0.022358    0.106158    0.072857    0.072857 ^ clk (in)
                                                         clk (net)
                      0.106158    0.000000    0.072857 ^ _115_/CLK (sky130_fd_sc_hd__dfrtp_2)
                                  0.250000    0.322857   clock uncertainty
                                  0.000000    0.322857   clock reconvergence pessimism
                                 -0.022161    0.300697   library hold time
                                              0.300697   data required time
---------------------------------------------------------------------------------------------
                                              0.300697   data required time
                                             -0.823916   data arrival time
---------------------------------------------------------------------------------------------
                                              0.523220   slack (MET)


Startpoint: _112_ (rising edge-triggered flip-flop clocked by clk)
Endpoint: _112_ (rising edge-triggered flip-flop clocked by clk)
Path Group: clk
Path Type: min

Fanout         Cap        Slew       Delay        Time   Description
---------------------------------------------------------------------------------------------
                                  0.000000    0.000000   clock clk (rise edge)
                                  0.000000    0.000000   clock source latency
     8    0.022358    0.106158    0.072947    0.072947 ^ clk (in)
                                                         clk (net)
                      0.106158    0.000000    0.072947 ^ _112_/CLK (sky130_fd_sc_hd__dfrtp_2)
     5    0.044786    0.218584    0.506631    0.579577 ^ _112_/Q (sky130_fd_sc_hd__dfrtp_2)
                                                         count[4] (net)
                      0.218584    0.000029    0.579607 ^ _086_/B2 (sky130_fd_sc_hd__a22o_2)
     1    0.002686    0.033178    0.165120    0.744727 ^ _086_/X (sky130_fd_sc_hd__a22o_2)
                                                         _036_ (net)
                      0.033178    0.000002    0.744729 ^ _087_/B1 (sky130_fd_sc_hd__a31o_2)
     1    0.002186    0.029168    0.080999    0.825728 ^ _087_/X (sky130_fd_sc_hd__a31o_2)
                                                         _004_ (net)
                      0.029168    0.000002    0.825729 ^ _112_/D (sky130_fd_sc_hd__dfrtp_2)
                                              0.825729   data arrival time

                                  0.000000    0.000000   clock clk (rise edge)
                                  0.000000    0.000000   clock source latency
     8    0.022358    0.106158    0.072947    0.072947 ^ clk (in)
                                                         clk (net)
                      0.106158    0.000000    0.072947 ^ _112_/CLK (sky130_fd_sc_hd__dfrtp_2)
                                  0.250000    0.322947   clock uncertainty
                                  0.000000    0.322947   clock reconvergence pessimism
                                 -0.023066    0.299881   library hold time
                                              0.299881   data required time
---------------------------------------------------------------------------------------------
                                              0.299881   data required time
                                             -0.825729   data arrival time
---------------------------------------------------------------------------------------------
                                              0.525849   slack (MET)


Startpoint: _113_ (rising edge-triggered flip-flop clocked by clk)
Endpoint: _113_ (rising edge-triggered flip-flop clocked by clk)
Path Group: clk
Path Type: min

Fanout         Cap        Slew       Delay        Time   Description
---------------------------------------------------------------------------------------------
                                  0.000000    0.000000   clock clk (rise edge)
                                  0.000000    0.000000   clock source latency
     8    0.022358    0.106158    0.072961    0.072961 ^ clk (in)
                                                         clk (net)
                      0.106158    0.000000    0.072961 ^ _113_/CLK (sky130_fd_sc_hd__dfrtp_2)
     4    0.049024    0.241805    0.520331    0.593292 ^ _113_/Q (sky130_fd_sc_hd__dfrtp_2)
                                                         count[5] (net)
                      0.241805    0.000044    0.593336 ^ _092_/B2 (sky130_fd_sc_hd__a22o_2)
     1    0.002692    0.033207    0.170870    0.764206 ^ _092_/X (sky130_fd_sc_hd__a22o_2)
                                                         _041_ (net)
                      0.033207    0.000002    0.764208 ^ _093_/B1 (sky130_fd_sc_hd__a31o_2)
     1    0.002175    0.029112    0.080952    0.845161 ^ _093_/X (sky130_fd_sc_hd__a31o_2)
                                                         _005_ (net)
                      0.029112    0.000002    0.845163 ^ _113_/D (sky130_fd_sc_hd__dfrtp_2)
                                              0.845163   data arrival time

                                  0.000000    0.000000   clock clk (rise edge)
                                  0.000000    0.000000   clock source latency
     8    0.022358    0.106158    0.072961    0.072961 ^ clk (in)
                                                         clk (net)
                      0.106158    0.000000    0.072961 ^ _113_/CLK (sky130_fd_sc_hd__dfrtp_2)
                                  0.250000    0.322961   clock uncertainty
                                  0.000000    0.322961   clock reconvergence pessimism
                                 -0.023054    0.299906   library hold time
                                              0.299906   data required time
---------------------------------------------------------------------------------------------
                                              0.299906   data required time
                                             -0.845163   data arrival time
---------------------------------------------------------------------------------------------
                                              0.545256   slack (MET)


Startpoint: _110_ (rising edge-triggered flip-flop clocked by clk)
Endpoint: _110_ (rising edge-triggered flip-flop clocked by clk)
Path Group: clk
Path Type: min

Fanout         Cap        Slew       Delay        Time   Description
---------------------------------------------------------------------------------------------
                                  0.000000    0.000000   clock clk (rise edge)
                                  0.000000    0.000000   clock source latency
     8    0.022358    0.106158    0.072831    0.072831 ^ clk (in)
                                                         clk (net)
                      0.106158    0.000000    0.072831 ^ _110_/CLK (sky130_fd_sc_hd__dfrtp_2)
     5    0.056728    0.272792    0.544843    0.617674 ^ _110_/Q (sky130_fd_sc_hd__dfrtp_2)
                                                         count[2] (net)
                      0.272792    0.000062    0.617736 ^ _071_/B2 (sky130_fd_sc_hd__a22o_2)
     1    0.002724    0.033360    0.178685    0.796421 ^ _071_/X (sky130_fd_sc_hd__a22o_2)
                                                         _023_ (net)
                      0.033360    0.000003    0.796425 ^ _072_/B1 (sky130_fd_sc_hd__a31o_2)
     1    0.002650    0.031497    0.083407    0.879831 ^ _072_/X (sky130_fd_sc_hd__a31o_2)
                                                         _002_ (net)
                      0.031497    0.000008    0.879839 ^ _110_/D (sky130_fd_sc_hd__dfrtp_2)
                                              0.879839   data arrival time

                                  0.000000    0.000000   clock clk (rise edge)
                                  0.000000    0.000000   clock source latency
     8    0.022358    0.106158    0.072831    0.072831 ^ clk (in)
                                                         clk (net)
                      0.106158    0.000000    0.072831 ^ _110_/CLK (sky130_fd_sc_hd__dfrtp_2)
                                  0.250000    0.322831   clock uncertainty
                                  0.000000    0.322831   clock reconvergence pessimism
                                 -0.023545    0.299287   library hold time
                                              0.299287   data required time
---------------------------------------------------------------------------------------------
                                              0.299287   data required time
                                             -0.879839   data arrival time
---------------------------------------------------------------------------------------------
                                              0.580552   slack (MET)


Startpoint: _114_ (rising edge-triggered flip-flop clocked by clk)
Endpoint: count[6] (output port clocked by clk)
Path Group: clk
Path Type: min

Fanout         Cap        Slew       Delay        Time   Description
---------------------------------------------------------------------------------------------
                                  0.000000    0.000000   clock clk (rise edge)
                                  0.000000    0.000000   clock source latency
     8    0.022358    0.106158    0.072853    0.072853 ^ clk (in)
                                                         clk (net)
                      0.106158    0.000000    0.072853 ^ _114_/CLK (sky130_fd_sc_hd__dfrtp_2)
     4    0.041211    0.202423    0.494982    0.567836 ^ _114_/Q (sky130_fd_sc_hd__dfrtp_2)
                                                         count[6] (net)
                      0.202423    0.000447    0.568283 ^ count[6] (out)
                                              0.568283   data arrival time

                                  0.000000    0.000000   clock clk (rise edge)
                                  0.000000    0.000000   clock network delay (propagated)
                                  0.250000    0.250000   clock uncertainty
                                  0.000000    0.250000   clock reconvergence pessimism
                                 -0.780000   -0.530000   output external delay
                                             -0.530000   data required time
---------------------------------------------------------------------------------------------
                                             -0.530000   data required time
                                             -0.568283   data arrival time
---------------------------------------------------------------------------------------------
                                              1.098283   slack (MET)


Startpoint: _108_ (rising edge-triggered flip-flop clocked by clk)
Endpoint: count[0] (output port clocked by clk)
Path Group: clk
Path Type: min

Fanout         Cap        Slew       Delay        Time   Description
---------------------------------------------------------------------------------------------
                                  0.000000    0.000000   clock clk (rise edge)
                                  0.000000    0.000000   clock source latency
     8    0.022358    0.106158    0.072924    0.072924 ^ clk (in)
                                                         clk (net)
                      0.106158    0.000000    0.072924 ^ _108_/CLK (sky130_fd_sc_hd__dfrtp_2)
     3    0.044047    0.215223    0.504303    0.577227 ^ _108_/Q (sky130_fd_sc_hd__dfrtp_2)
                                                         count[0] (net)
                      0.215223    0.000094    0.577321 ^ count[0] (out)
                                              0.577321   data arrival time

                                  0.000000    0.000000   clock clk (rise edge)
                                  0.000000    0.000000   clock network delay (propagated)
                                  0.250000    0.250000   clock uncertainty
                                  0.000000    0.250000   clock reconvergence pessimism
                                 -0.780000   -0.530000   output external delay
                                             -0.530000   data required time
---------------------------------------------------------------------------------------------
                                             -0.530000   data required time
                                             -0.577321   data arrival time
---------------------------------------------------------------------------------------------
                                              1.107321   slack (MET)


Startpoint: _112_ (rising edge-triggered flip-flop clocked by clk)
Endpoint: count[4] (output port clocked by clk)
Path Group: clk
Path Type: min

Fanout         Cap        Slew       Delay        Time   Description
---------------------------------------------------------------------------------------------
                                  0.000000    0.000000   clock clk (rise edge)
                                  0.000000    0.000000   clock source latency
     8    0.022358    0.106158    0.072947    0.072947 ^ clk (in)
                                                         clk (net)
                      0.106158    0.000000    0.072947 ^ _112_/CLK (sky130_fd_sc_hd__dfrtp_2)
     5    0.044786    0.218584    0.506631    0.579577 ^ _112_/Q (sky130_fd_sc_hd__dfrtp_2)
                                                         count[4] (net)
                      0.218584    0.000171    0.579748 ^ count[4] (out)
                                              0.579748   data arrival time

                                  0.000000    0.000000   clock clk (rise edge)
                                  0.000000    0.000000   clock network delay (propagated)
                                  0.250000    0.250000   clock uncertainty
                                  0.000000    0.250000   clock reconvergence pessimism
                                 -0.780000   -0.530000   output external delay
                                             -0.530000   data required time
---------------------------------------------------------------------------------------------
                                             -0.530000   data required time
                                             -0.579748   data arrival time
---------------------------------------------------------------------------------------------
                                              1.109748   slack (MET)


Startpoint: _115_ (rising edge-triggered flip-flop clocked by clk)
Endpoint: count[7] (output port clocked by clk)
Path Group: clk
Path Type: min

Fanout         Cap        Slew       Delay        Time   Description
---------------------------------------------------------------------------------------------
                                  0.000000    0.000000   clock clk (rise edge)
                                  0.000000    0.000000   clock source latency
     8    0.022358    0.106158    0.072857    0.072857 ^ clk (in)
                                                         clk (net)
                      0.106158    0.000000    0.072857 ^ _115_/CLK (sky130_fd_sc_hd__dfrtp_2)
     3    0.046265    0.225318    0.511281    0.584139 ^ _115_/Q (sky130_fd_sc_hd__dfrtp_2)
                                                         count[7] (net)
                      0.225318    0.000304    0.584442 ^ count[7] (out)
                                              0.584442   data arrival time

                                  0.000000    0.000000   clock clk (rise edge)
                                  0.000000    0.000000   clock network delay (propagated)
                                  0.250000    0.250000   clock uncertainty
                                  0.000000    0.250000   clock reconvergence pessimism
                                 -0.780000   -0.530000   output external delay
                                             -0.530000   data required time
---------------------------------------------------------------------------------------------
                                             -0.530000   data required time
                                             -0.584442   data arrival time
---------------------------------------------------------------------------------------------
                                              1.114442   slack (MET)


Startpoint: _113_ (rising edge-triggered flip-flop clocked by clk)
Endpoint: count[5] (output port clocked by clk)
Path Group: clk
Path Type: min

Fanout         Cap        Slew       Delay        Time   Description
---------------------------------------------------------------------------------------------
                                  0.000000    0.000000   clock clk (rise edge)
                                  0.000000    0.000000   clock source latency
     8    0.022358    0.106158    0.072961    0.072961 ^ clk (in)
                                                         clk (net)
                      0.106158    0.000000    0.072961 ^ _113_/CLK (sky130_fd_sc_hd__dfrtp_2)
     4    0.047970    0.137207    0.519445    0.592406 v _113_/Q (sky130_fd_sc_hd__dfrtp_2)
                                                         count[5] (net)
                      0.137207    0.000084    0.592490 v count[5] (out)
                                              0.592490   data arrival time

                                  0.000000    0.000000   clock clk (rise edge)
                                  0.000000    0.000000   clock network delay (propagated)
                                  0.250000    0.250000   clock uncertainty
                                  0.000000    0.250000   clock reconvergence pessimism
                                 -0.780000   -0.530000   output external delay
                                             -0.530000   data required time
---------------------------------------------------------------------------------------------
                                             -0.530000   data required time
                                             -0.592490   data arrival time
---------------------------------------------------------------------------------------------
                                              1.122490   slack (MET)


Startpoint: _111_ (rising edge-triggered flip-flop clocked by clk)
Endpoint: count[3] (output port clocked by clk)
Path Group: clk
Path Type: min

Fanout         Cap        Slew       Delay        Time   Description
---------------------------------------------------------------------------------------------
                                  0.000000    0.000000   clock clk (rise edge)
                                  0.000000    0.000000   clock source latency
     8    0.022358    0.106158    0.072838    0.072838 ^ clk (in)
                                                         clk (net)
                      0.106158    0.000000    0.072838 ^ _111_/CLK (sky130_fd_sc_hd__dfrtp_2)
     4    0.050149    0.141916    0.523279    0.596117 v _111_/Q (sky130_fd_sc_hd__dfrtp_2)
                                                         count[3] (net)
                      0.141916    0.000347    0.596464 v count[3] (out)
                                              0.596464   data arrival time

                                  0.000000    0.000000   clock clk (rise edge)
                                  0.000000    0.000000   clock network delay (propagated)
                                  0.250000    0.250000   clock uncertainty
                                  0.000000    0.250000   clock reconvergence pessimism
                                 -0.780000   -0.530000   output external delay
                                             -0.530000   data required time
---------------------------------------------------------------------------------------------
                                             -0.530000   data required time
                                             -0.596464   data arrival time
---------------------------------------------------------------------------------------------
                                              1.126464   slack (MET)


Startpoint: _109_ (rising edge-triggered flip-flop clocked by clk)
Endpoint: count[1] (output port clocked by clk)
Path Group: clk
Path Type: min

Fanout         Cap        Slew       Delay        Time   Description
---------------------------------------------------------------------------------------------
                                  0.000000    0.000000   clock clk (rise edge)
                                  0.000000    0.000000   clock source latency
     8    0.022358    0.106158    0.072868    0.072868 ^ clk (in)
                                                         clk (net)
                      0.106158    0.000000    0.072868 ^ _109_/CLK (sky130_fd_sc_hd__dfrtp_2)
     4    0.050174    0.141930    0.523404    0.596272 v _109_/Q (sky130_fd_sc_hd__dfrtp_2)
                                                         count[1] (net)
                      0.141930    0.000241    0.596513 v count[1] (out)
                                              0.596513   data arrival time

                                  0.000000    0.000000   clock clk (rise edge)
                                  0.000000    0.000000   clock network delay (propagated)
                                  0.250000    0.250000   clock uncertainty
                                  0.000000    0.250000   clock reconvergence pessimism
                                 -0.780000   -0.530000   output external delay
                                             -0.530000   data required time
---------------------------------------------------------------------------------------------
                                             -0.530000   data required time
                                             -0.596513   data arrival time
---------------------------------------------------------------------------------------------
                                              1.126513   slack (MET)


Startpoint: _110_ (rising edge-triggered flip-flop clocked by clk)
Endpoint: count[2] (output port clocked by clk)
Path Group: clk
Path Type: min

Fanout         Cap        Slew       Delay        Time   Description
---------------------------------------------------------------------------------------------
                                  0.000000    0.000000   clock clk (rise edge)
                                  0.000000    0.000000   clock source latency
     8    0.022358    0.106158    0.072831    0.072831 ^ clk (in)
                                                         clk (net)
                      0.106158    0.000000    0.072831 ^ _110_/CLK (sky130_fd_sc_hd__dfrtp_2)
     5    0.054924    0.152138    0.531988    0.604819 v _110_/Q (sky130_fd_sc_hd__dfrtp_2)
                                                         count[2] (net)
                      0.152138    0.000382    0.605201 v count[2] (out)
                                              0.605201   data arrival time

                                  0.000000    0.000000   clock clk (rise edge)
                                  0.000000    0.000000   clock network delay (propagated)
                                  0.250000    0.250000   clock uncertainty
                                  0.000000    0.250000   clock reconvergence pessimism
                                 -0.780000   -0.530000   output external delay
                                             -0.530000   data required time
---------------------------------------------------------------------------------------------
                                             -0.530000   data required time
                                             -0.605201   data arrival time
---------------------------------------------------------------------------------------------
                                              1.135201   slack (MET)



