
===========================================================================
 report_power
============================================================================
======================= nom_tt_025C_1v80 Corner ===================================

Group                    Internal    Switching      Leakage        Total
                            Power        Power        Power        Power (Watts)
------------------------------------------------------------------------
Sequential           8.993327e-05 1.249470e-05 8.666587e-11 1.024281e-04  55.8%
Combinational        4.961716e-05 3.148754e-05 2.044930e-10 8.110491e-05  44.2%
Clock                0.000000e+00 0.000000e+00 8.424099e-11 8.424099e-11   0.0%
Macro                0.000000e+00 0.000000e+00 0.000000e+00 0.000000e+00   0.0%
Pad                  0.000000e+00 0.000000e+00 0.000000e+00 0.000000e+00   0.0%
------------------------------------------------------------------------
Total                1.395504e-04 4.398224e-05 3.754001e-10 1.835330e-04 100.0%
                            76.0%        24.0%         0.0%
Writing metric power__internal__total: 0.00013955042231827974
Writing metric power__switching__total: 4.3982236093143e-5
Writing metric power__leakage__total: 3.754000998945628e-10
Writing metric power__total: 0.00018353303312323987

