
===========================================================================
report_checks -path_delay max (Setup)
============================================================================
======================= nom_ff_n40C_1v95 Corner ===================================

Startpoint: up_down (input port clocked by clk)
Endpoint: _114_ (rising edge-triggered flip-flop clocked by clk)
Path Group: clk
Path Type: max

Fanout         Cap        Slew       Delay        Time   Description
---------------------------------------------------------------------------------------------
                                  0.000000    0.000000   clock clk (rise edge)
                                  0.000000    0.000000   clock network delay (propagated)
                                  0.600000    0.600000 ^ input external delay
     1    0.002841    0.014063    0.007348    0.607348 ^ up_down (in)
                                                         up_down (net)
                      0.014063    0.000000    0.607348 ^ input12/A (sky130_fd_sc_hd__buf_1)
     4    0.017644    0.157657    0.134251    0.741599 ^ input12/X (sky130_fd_sc_hd__buf_1)
                                                         net12 (net)
                      0.157658    0.000320    0.741919 ^ fanout21/A (sky130_fd_sc_hd__clkbuf_4)
    10    0.042784    0.103016    0.170155    0.912074 ^ fanout21/X (sky130_fd_sc_hd__clkbuf_4)
                                                         net21 (net)
                      0.103042    0.001620    0.913694 ^ _062_/A (sky130_fd_sc_hd__xor2_1)
     3    0.009507    0.057999    0.071765    0.985459 v _062_/X (sky130_fd_sc_hd__xor2_1)
                                                         _015_ (net)
                      0.057999    0.000123    0.985581 v _067_/A1 (sky130_fd_sc_hd__o21a_1)
     2    0.010737    0.048630    0.149548    1.135129 v _067_/X (sky130_fd_sc_hd__o21a_1)
                                                         _019_ (net)
                      0.048631    0.000333    1.135462 v _080_/A3 (sky130_fd_sc_hd__o31ai_4)
     4    0.011991    0.175272    0.157633    1.293095 ^ _080_/Y (sky130_fd_sc_hd__o31ai_4)
                                                         _030_ (net)
                      0.175272    0.000247    1.293342 ^ _098_/A1 (sky130_fd_sc_hd__a31o_1)
     3    0.009217    0.073435    0.122927    1.416269 ^ _098_/X (sky130_fd_sc_hd__a31o_1)
                                                         _046_ (net)
                      0.073435    0.000252    1.416521 ^ rebuffer1/A (sky130_fd_sc_hd__dlymetal6s4s_1)
     1    0.003386    0.048814    0.127943    1.544464 ^ rebuffer1/X (sky130_fd_sc_hd__dlymetal6s4s_1)
                                                         net22 (net)
                      0.048814    0.000103    1.544568 ^ _099_/B (sky130_fd_sc_hd__nand2_1)
     1    0.002786    0.037080    0.031139    1.575706 v _099_/Y (sky130_fd_sc_hd__nand2_1)
                                                         _047_ (net)
                      0.037080    0.000057    1.575763 v _102_/A2 (sky130_fd_sc_hd__a31o_1)
     1    0.002925    0.027933    0.129469    1.705232 v _102_/X (sky130_fd_sc_hd__a31o_1)
                                                         _006_ (net)
                      0.027933    0.000085    1.705317 v _114_/D (sky130_fd_sc_hd__dfrtp_1)
                                              1.705317   data arrival time

                                  3.000000    3.000000   clock clk (rise edge)
                                  0.000000    3.000000   clock source latency
     1    0.012213    0.046019    0.030512    3.030512 ^ clk (in)
                                                         clk (net)
                      0.046022    0.000000    3.030512 ^ clkbuf_0_clk/A (sky130_fd_sc_hd__clkbuf_16)
     2    0.019410    0.030809    0.088330    3.118842 ^ clkbuf_0_clk/X (sky130_fd_sc_hd__clkbuf_16)
                                                         clknet_0_clk (net)
                      0.030811    0.000481    3.119323 ^ clkbuf_1_1__f_clk/A (sky130_fd_sc_hd__clkbuf_16)
     4    0.011007    0.025193    0.078285    3.197608 ^ clkbuf_1_1__f_clk/X (sky130_fd_sc_hd__clkbuf_16)
                                                         clknet_1_1__leaf_clk (net)
                      0.025193    0.000179    3.197787 ^ _114_/CLK (sky130_fd_sc_hd__dfrtp_1)
                                 -0.250000    2.947787   clock uncertainty
                                  0.000000    2.947787   clock reconvergence pessimism
                                 -0.071647    2.876140   library setup time
                                              2.876140   data required time
---------------------------------------------------------------------------------------------
                                              2.876140   data required time
                                             -1.705317   data arrival time
---------------------------------------------------------------------------------------------
                                              1.170823   slack (MET)


Startpoint: up_down (input port clocked by clk)
Endpoint: _113_ (rising edge-triggered flip-flop clocked by clk)
Path Group: clk
Path Type: max

Fanout         Cap        Slew       Delay        Time   Description
---------------------------------------------------------------------------------------------
                                  0.000000    0.000000   clock clk (rise edge)
                                  0.000000    0.000000   clock network delay (propagated)
                                  0.600000    0.600000 ^ input external delay
     1    0.002841    0.014063    0.007348    0.607348 ^ up_down (in)
                                                         up_down (net)
                      0.014063    0.000000    0.607348 ^ input12/A (sky130_fd_sc_hd__buf_1)
     4    0.017644    0.157657    0.134251    0.741599 ^ input12/X (sky130_fd_sc_hd__buf_1)
                                                         net12 (net)
                      0.157658    0.000320    0.741919 ^ fanout21/A (sky130_fd_sc_hd__clkbuf_4)
    10    0.042784    0.103016    0.170155    0.912074 ^ fanout21/X (sky130_fd_sc_hd__clkbuf_4)
                                                         net21 (net)
                      0.103042    0.001620    0.913694 ^ _062_/A (sky130_fd_sc_hd__xor2_1)
     3    0.010220    0.175576    0.165313    1.079007 ^ _062_/X (sky130_fd_sc_hd__xor2_1)
                                                         _015_ (net)
                      0.175576    0.000132    1.079139 ^ _067_/A1 (sky130_fd_sc_hd__o21a_1)
     2    0.012399    0.092694    0.136060    1.215199 ^ _067_/X (sky130_fd_sc_hd__o21a_1)
                                                         _019_ (net)
                      0.092694    0.000387    1.215586 ^ _080_/A3 (sky130_fd_sc_hd__o31ai_4)
     4    0.011362    0.062517    0.044383    1.259969 v _080_/Y (sky130_fd_sc_hd__o31ai_4)
                                                         _030_ (net)
                      0.062517    0.000189    1.260158 v rebuffer6/A (sky130_fd_sc_hd__clkbuf_1)
     1    0.002517    0.017957    0.067641    1.327799 v rebuffer6/X (sky130_fd_sc_hd__clkbuf_1)
                                                         net27 (net)
                      0.017957    0.000048    1.327847 v _089_/A1 (sky130_fd_sc_hd__a21o_1)
     2    0.006269    0.034084    0.101015    1.428862 v _089_/X (sky130_fd_sc_hd__a21o_1)
                                                         _038_ (net)
                      0.034084    0.000155    1.429016 v _091_/B (sky130_fd_sc_hd__or2_1)
     1    0.002526    0.031256    0.118015    1.547031 v _091_/X (sky130_fd_sc_hd__or2_1)
                                                         _040_ (net)
                      0.031256    0.000050    1.547081 v _093_/A3 (sky130_fd_sc_hd__a31o_1)
     1    0.002277    0.026019    0.130952    1.678033 v _093_/X (sky130_fd_sc_hd__a31o_1)
                                                         _005_ (net)
                      0.026019    0.000065    1.678097 v _113_/D (sky130_fd_sc_hd__dfrtp_1)
                                              1.678097   data arrival time

                                  3.000000    3.000000   clock clk (rise edge)
                                  0.000000    3.000000   clock source latency
     1    0.012213    0.046019    0.030512    3.030512 ^ clk (in)
                                                         clk (net)
                      0.046022    0.000000    3.030512 ^ clkbuf_0_clk/A (sky130_fd_sc_hd__clkbuf_16)
     2    0.019410    0.030809    0.088330    3.118842 ^ clkbuf_0_clk/X (sky130_fd_sc_hd__clkbuf_16)
                                                         clknet_0_clk (net)
                      0.030811    0.000481    3.119323 ^ clkbuf_1_1__f_clk/A (sky130_fd_sc_hd__clkbuf_16)
     4    0.011007    0.025193    0.078285    3.197608 ^ clkbuf_1_1__f_clk/X (sky130_fd_sc_hd__clkbuf_16)
                                                         clknet_1_1__leaf_clk (net)
                      0.025193    0.000159    3.197767 ^ _113_/CLK (sky130_fd_sc_hd__dfrtp_1)
                                 -0.250000    2.947767   clock uncertainty
                                  0.000000    2.947767   clock reconvergence pessimism
                                 -0.070963    2.876804   library setup time
                                              2.876804   data required time
---------------------------------------------------------------------------------------------
                                              2.876804   data required time
                                             -1.678097   data arrival time
---------------------------------------------------------------------------------------------
                                              1.198707   slack (MET)


Startpoint: up_down (input port clocked by clk)
Endpoint: _115_ (rising edge-triggered flip-flop clocked by clk)
Path Group: clk
Path Type: max

Fanout         Cap        Slew       Delay        Time   Description
---------------------------------------------------------------------------------------------
                                  0.000000    0.000000   clock clk (rise edge)
                                  0.000000    0.000000   clock network delay (propagated)
                                  0.600000    0.600000 ^ input external delay
     1    0.002841    0.014063    0.007348    0.607348 ^ up_down (in)
                                                         up_down (net)
                      0.014063    0.000000    0.607348 ^ input12/A (sky130_fd_sc_hd__buf_1)
     4    0.017644    0.157657    0.134251    0.741599 ^ input12/X (sky130_fd_sc_hd__buf_1)
                                                         net12 (net)
                      0.157658    0.000320    0.741919 ^ fanout21/A (sky130_fd_sc_hd__clkbuf_4)
    10    0.042784    0.103016    0.170155    0.912074 ^ fanout21/X (sky130_fd_sc_hd__clkbuf_4)
                                                         net21 (net)
                      0.103042    0.001620    0.913694 ^ _062_/A (sky130_fd_sc_hd__xor2_1)
     3    0.010220    0.175576    0.165313    1.079007 ^ _062_/X (sky130_fd_sc_hd__xor2_1)
                                                         _015_ (net)
                      0.175576    0.000132    1.079139 ^ _067_/A1 (sky130_fd_sc_hd__o21a_1)
     2    0.012399    0.092694    0.136060    1.215199 ^ _067_/X (sky130_fd_sc_hd__o21a_1)
                                                         _019_ (net)
                      0.092694    0.000387    1.215586 ^ _080_/A3 (sky130_fd_sc_hd__o31ai_4)
     4    0.011362    0.062517    0.044383    1.259969 v _080_/Y (sky130_fd_sc_hd__o31ai_4)
                                                         _030_ (net)
                      0.062517    0.000235    1.260203 v _098_/A1 (sky130_fd_sc_hd__a31o_1)
     3    0.008704    0.045710    0.138936    1.399139 v _098_/X (sky130_fd_sc_hd__a31o_1)
                                                         _046_ (net)
                      0.045711    0.000292    1.399431 v _103_/A1 (sky130_fd_sc_hd__a21oi_1)
     1    0.005606    0.113486    0.113240    1.512671 ^ _103_/Y (sky130_fd_sc_hd__a21oi_1)
                                                         _050_ (net)
                      0.113486    0.000135    1.512806 ^ _105_/A (sky130_fd_sc_hd__xnor2_1)
     1    0.002465    0.035369    0.047238    1.560044 v _105_/Y (sky130_fd_sc_hd__xnor2_1)
                                                         _052_ (net)
                      0.035369    0.000070    1.560114 v _107_/A2 (sky130_fd_sc_hd__a21o_1)
     1    0.002556    0.023076    0.109731    1.669844 v _107_/X (sky130_fd_sc_hd__a21o_1)
                                                         _007_ (net)
                      0.023076    0.000072    1.669917 v _115_/D (sky130_fd_sc_hd__dfrtp_1)
                                              1.669917   data arrival time

                                  3.000000    3.000000   clock clk (rise edge)
                                  0.000000    3.000000   clock source latency
     1    0.012213    0.046019    0.030512    3.030512 ^ clk (in)
                                                         clk (net)
                      0.046022    0.000000    3.030512 ^ clkbuf_0_clk/A (sky130_fd_sc_hd__clkbuf_16)
     2    0.019410    0.030809    0.088330    3.118842 ^ clkbuf_0_clk/X (sky130_fd_sc_hd__clkbuf_16)
                                                         clknet_0_clk (net)
                      0.030811    0.000481    3.119323 ^ clkbuf_1_1__f_clk/A (sky130_fd_sc_hd__clkbuf_16)
     4    0.011007    0.025193    0.078285    3.197608 ^ clkbuf_1_1__f_clk/X (sky130_fd_sc_hd__clkbuf_16)
                                                         clknet_1_1__leaf_clk (net)
                      0.025193    0.000149    3.197757 ^ _115_/CLK (sky130_fd_sc_hd__dfrtp_1)
                                 -0.250000    2.947757   clock uncertainty
                                  0.000000    2.947757   clock reconvergence pessimism
                                 -0.069912    2.877846   library setup time
                                              2.877846   data required time
---------------------------------------------------------------------------------------------
                                              2.877846   data required time
                                             -1.669917   data arrival time
---------------------------------------------------------------------------------------------
                                              1.207929   slack (MET)


Startpoint: up_down (input port clocked by clk)
Endpoint: _111_ (rising edge-triggered flip-flop clocked by clk)
Path Group: clk
Path Type: max

Fanout         Cap        Slew       Delay        Time   Description
---------------------------------------------------------------------------------------------
                                  0.000000    0.000000   clock clk (rise edge)
                                  0.000000    0.000000   clock network delay (propagated)
                                  0.600000    0.600000 ^ input external delay
     1    0.002841    0.014063    0.007348    0.607348 ^ up_down (in)
                                                         up_down (net)
                      0.014063    0.000000    0.607348 ^ input12/A (sky130_fd_sc_hd__buf_1)
     4    0.017644    0.157657    0.134251    0.741599 ^ input12/X (sky130_fd_sc_hd__buf_1)
                                                         net12 (net)
                      0.157658    0.000320    0.741919 ^ fanout21/A (sky130_fd_sc_hd__clkbuf_4)
    10    0.042784    0.103016    0.170155    0.912074 ^ fanout21/X (sky130_fd_sc_hd__clkbuf_4)
                                                         net21 (net)
                      0.103042    0.001620    0.913694 ^ _062_/A (sky130_fd_sc_hd__xor2_1)
     3    0.010220    0.175576    0.165313    1.079007 ^ _062_/X (sky130_fd_sc_hd__xor2_1)
                                                         _015_ (net)
                      0.175576    0.000132    1.079139 ^ _067_/A1 (sky130_fd_sc_hd__o21a_1)
     2    0.012399    0.092694    0.136060    1.215199 ^ _067_/X (sky130_fd_sc_hd__o21a_1)
                                                         _019_ (net)
                      0.092694    0.000270    1.215469 ^ rebuffer2/A (sky130_fd_sc_hd__buf_2)
     2    0.006236    0.031122    0.083532    1.299000 ^ rebuffer2/X (sky130_fd_sc_hd__buf_2)
                                                         net23 (net)
                      0.031123    0.000181    1.299181 ^ _070_/A (sky130_fd_sc_hd__or2_1)
     2    0.007837    0.063714    0.083195    1.382376 ^ _070_/X (sky130_fd_sc_hd__or2_1)
                                                         _022_ (net)
                      0.063714    0.000119    1.382494 ^ _075_/B1 (sky130_fd_sc_hd__o21ai_2)
     2    0.006619    0.036328    0.029582    1.412077 v _075_/Y (sky130_fd_sc_hd__o21ai_2)
                                                         _026_ (net)
                      0.036328    0.000153    1.412230 v _076_/A2 (sky130_fd_sc_hd__o21ai_1)
     1    0.002931    0.072293    0.077948    1.490178 ^ _076_/Y (sky130_fd_sc_hd__o21ai_1)
                                                         _027_ (net)
                      0.072293    0.000084    1.490261 ^ _077_/B1 (sky130_fd_sc_hd__a21oi_1)
     1    0.002343    0.052666    0.023314    1.513576 v _077_/Y (sky130_fd_sc_hd__a21oi_1)
                                                         _028_ (net)
                      0.052666    0.000046    1.513621 v _078_/C1 (sky130_fd_sc_hd__a221o_1)
     1    0.003686    0.036503    0.103438    1.617060 v _078_/X (sky130_fd_sc_hd__a221o_1)
                                                         _003_ (net)
                      0.036503    0.000124    1.617184 v _111_/D (sky130_fd_sc_hd__dfrtp_1)
                                              1.617184   data arrival time

                                  3.000000    3.000000   clock clk (rise edge)
                                  0.000000    3.000000   clock source latency
     1    0.012213    0.046019    0.030512    3.030512 ^ clk (in)
                                                         clk (net)
                      0.046022    0.000000    3.030512 ^ clkbuf_0_clk/A (sky130_fd_sc_hd__clkbuf_16)
     2    0.019410    0.030809    0.088330    3.118842 ^ clkbuf_0_clk/X (sky130_fd_sc_hd__clkbuf_16)
                                                         clknet_0_clk (net)
                      0.030811    0.000481    3.119323 ^ clkbuf_1_1__f_clk/A (sky130_fd_sc_hd__clkbuf_16)
     4    0.011007    0.025193    0.078285    3.197608 ^ clkbuf_1_1__f_clk/X (sky130_fd_sc_hd__clkbuf_16)
                                                         clknet_1_1__leaf_clk (net)
                      0.025193    0.000197    3.197805 ^ _111_/CLK (sky130_fd_sc_hd__dfrtp_1)
                                 -0.250000    2.947805   clock uncertainty
                                  0.000000    2.947805   clock reconvergence pessimism
                                 -0.074709    2.873096   library setup time
                                              2.873096   data required time
---------------------------------------------------------------------------------------------
                                              2.873096   data required time
                                             -1.617184   data arrival time
---------------------------------------------------------------------------------------------
                                              1.255913   slack (MET)


Startpoint: up_down (input port clocked by clk)
Endpoint: _110_ (rising edge-triggered flip-flop clocked by clk)
Path Group: clk
Path Type: max

Fanout         Cap        Slew       Delay        Time   Description
---------------------------------------------------------------------------------------------
                                  0.000000    0.000000   clock clk (rise edge)
                                  0.000000    0.000000   clock network delay (propagated)
                                  0.600000    0.600000 ^ input external delay
     1    0.002841    0.014063    0.007348    0.607348 ^ up_down (in)
                                                         up_down (net)
                      0.014063    0.000000    0.607348 ^ input12/A (sky130_fd_sc_hd__buf_1)
     4    0.017644    0.157657    0.134251    0.741599 ^ input12/X (sky130_fd_sc_hd__buf_1)
                                                         net12 (net)
                      0.157658    0.000320    0.741919 ^ fanout21/A (sky130_fd_sc_hd__clkbuf_4)
    10    0.042784    0.103016    0.170155    0.912074 ^ fanout21/X (sky130_fd_sc_hd__clkbuf_4)
                                                         net21 (net)
                      0.103042    0.001620    0.913694 ^ _062_/A (sky130_fd_sc_hd__xor2_1)
     3    0.010220    0.175576    0.165313    1.079007 ^ _062_/X (sky130_fd_sc_hd__xor2_1)
                                                         _015_ (net)
                      0.175576    0.000132    1.079139 ^ _067_/A1 (sky130_fd_sc_hd__o21a_1)
     2    0.012399    0.092694    0.136060    1.215199 ^ _067_/X (sky130_fd_sc_hd__o21a_1)
                                                         _019_ (net)
                      0.092694    0.000270    1.215469 ^ rebuffer2/A (sky130_fd_sc_hd__buf_2)
     2    0.006236    0.031122    0.083532    1.299000 ^ rebuffer2/X (sky130_fd_sc_hd__buf_2)
                                                         net23 (net)
                      0.031123    0.000155    1.299155 ^ rebuffer3/A (sky130_fd_sc_hd__dlygate4sd1_1)
     1    0.002850    0.029901    0.122608    1.421763 ^ rebuffer3/X (sky130_fd_sc_hd__dlygate4sd1_1)
                                                         net24 (net)
                      0.029901    0.000081    1.421845 ^ _069_/A (sky130_fd_sc_hd__nand2_1)
     1    0.002712    0.048654    0.024149    1.445993 v _069_/Y (sky130_fd_sc_hd__nand2_1)
                                                         _021_ (net)
                      0.048654    0.000054    1.446048 v _072_/A2 (sky130_fd_sc_hd__a31o_1)
     1    0.002610    0.026782    0.132453    1.578500 v _072_/X (sky130_fd_sc_hd__a31o_1)
                                                         _002_ (net)
                      0.026782    0.000074    1.578574 v _110_/D (sky130_fd_sc_hd__dfrtp_2)
                                              1.578574   data arrival time

                                  3.000000    3.000000   clock clk (rise edge)
                                  0.000000    3.000000   clock source latency
     1    0.012213    0.046019    0.030512    3.030512 ^ clk (in)
                                                         clk (net)
                      0.046022    0.000000    3.030512 ^ clkbuf_0_clk/A (sky130_fd_sc_hd__clkbuf_16)
     2    0.019410    0.030809    0.088330    3.118842 ^ clkbuf_0_clk/X (sky130_fd_sc_hd__clkbuf_16)
                                                         clknet_0_clk (net)
                      0.030811    0.000498    3.119340 ^ clkbuf_1_0__f_clk/A (sky130_fd_sc_hd__clkbuf_16)
     5    0.014338    0.027402    0.080523    3.199864 ^ clkbuf_1_0__f_clk/X (sky130_fd_sc_hd__clkbuf_16)
                                                         clknet_1_0__leaf_clk (net)
                      0.027402    0.000442    3.200306 ^ _110_/CLK (sky130_fd_sc_hd__dfrtp_2)
                                 -0.250000    2.950306   clock uncertainty
                                  0.000000    2.950306   clock reconvergence pessimism
                                 -0.072244    2.878062   library setup time
                                              2.878062   data required time
---------------------------------------------------------------------------------------------
                                              2.878062   data required time
                                             -1.578574   data arrival time
---------------------------------------------------------------------------------------------
                                              1.299488   slack (MET)


Startpoint: up_down (input port clocked by clk)
Endpoint: _112_ (rising edge-triggered flip-flop clocked by clk)
Path Group: clk
Path Type: max

Fanout         Cap        Slew       Delay        Time   Description
---------------------------------------------------------------------------------------------
                                  0.000000    0.000000   clock clk (rise edge)
                                  0.000000    0.000000   clock network delay (propagated)
                                  0.600000    0.600000 ^ input external delay
     1    0.002841    0.014063    0.007348    0.607348 ^ up_down (in)
                                                         up_down (net)
                      0.014063    0.000000    0.607348 ^ input12/A (sky130_fd_sc_hd__buf_1)
     4    0.017644    0.157657    0.134251    0.741599 ^ input12/X (sky130_fd_sc_hd__buf_1)
                                                         net12 (net)
                      0.157658    0.000320    0.741919 ^ fanout21/A (sky130_fd_sc_hd__clkbuf_4)
    10    0.042784    0.103016    0.170155    0.912074 ^ fanout21/X (sky130_fd_sc_hd__clkbuf_4)
                                                         net21 (net)
                      0.103042    0.001620    0.913694 ^ _062_/A (sky130_fd_sc_hd__xor2_1)
     3    0.010220    0.175576    0.165313    1.079007 ^ _062_/X (sky130_fd_sc_hd__xor2_1)
                                                         _015_ (net)
                      0.175576    0.000132    1.079139 ^ _067_/A1 (sky130_fd_sc_hd__o21a_1)
     2    0.012399    0.092694    0.136060    1.215199 ^ _067_/X (sky130_fd_sc_hd__o21a_1)
                                                         _019_ (net)
                      0.092694    0.000387    1.215586 ^ _080_/A3 (sky130_fd_sc_hd__o31ai_4)
     4    0.011362    0.062517    0.044383    1.259969 v _080_/Y (sky130_fd_sc_hd__o31ai_4)
                                                         _030_ (net)
                      0.062517    0.000177    1.260145 v _084_/A (sky130_fd_sc_hd__or2_1)
     1    0.002943    0.032785    0.141188    1.401333 v _084_/X (sky130_fd_sc_hd__or2_1)
                                                         _034_ (net)
                      0.032785    0.000086    1.401420 v _087_/A2 (sky130_fd_sc_hd__a31o_1)
     1    0.002735    0.027119    0.126886    1.528306 v _087_/X (sky130_fd_sc_hd__a31o_1)
                                                         _004_ (net)
                      0.027119    0.000078    1.528384 v _112_/D (sky130_fd_sc_hd__dfrtp_1)
                                              1.528384   data arrival time

                                  3.000000    3.000000   clock clk (rise edge)
                                  0.000000    3.000000   clock source latency
     1    0.012213    0.046019    0.030512    3.030512 ^ clk (in)
                                                         clk (net)
                      0.046022    0.000000    3.030512 ^ clkbuf_0_clk/A (sky130_fd_sc_hd__clkbuf_16)
     2    0.019410    0.030809    0.088330    3.118842 ^ clkbuf_0_clk/X (sky130_fd_sc_hd__clkbuf_16)
                                                         clknet_0_clk (net)
                      0.030811    0.000498    3.119340 ^ clkbuf_1_0__f_clk/A (sky130_fd_sc_hd__clkbuf_16)
     5    0.014338    0.027402    0.080523    3.199864 ^ clkbuf_1_0__f_clk/X (sky130_fd_sc_hd__clkbuf_16)
                                                         clknet_1_0__leaf_clk (net)
                      0.027402    0.000260    3.200123 ^ _112_/CLK (sky130_fd_sc_hd__dfrtp_1)
                                 -0.250000    2.950123   clock uncertainty
                                  0.000000    2.950123   clock reconvergence pessimism
                                 -0.071144    2.878980   library setup time
                                              2.878980   data required time
---------------------------------------------------------------------------------------------
                                              2.878980   data required time
                                             -1.528384   data arrival time
---------------------------------------------------------------------------------------------
                                              1.350595   slack (MET)


Startpoint: _109_ (rising edge-triggered flip-flop clocked by clk)
Endpoint: count[1] (output port clocked by clk)
Path Group: clk
Path Type: max

Fanout         Cap        Slew       Delay        Time   Description
---------------------------------------------------------------------------------------------
                                  0.000000    0.000000   clock clk (rise edge)
                                  0.000000    0.000000   clock source latency
     1    0.012213    0.046019    0.030512    0.030512 ^ clk (in)
                                                         clk (net)
                      0.046022    0.000000    0.030512 ^ clkbuf_0_clk/A (sky130_fd_sc_hd__clkbuf_16)
     2    0.019410    0.030809    0.088330    0.118842 ^ clkbuf_0_clk/X (sky130_fd_sc_hd__clkbuf_16)
                                                         clknet_0_clk (net)
                      0.030811    0.000498    0.119341 ^ clkbuf_1_0__f_clk/A (sky130_fd_sc_hd__clkbuf_16)
     5    0.014338    0.027402    0.080523    0.199864 ^ clkbuf_1_0__f_clk/X (sky130_fd_sc_hd__clkbuf_16)
                                                         clknet_1_0__leaf_clk (net)
                      0.027402    0.000441    0.200304 ^ _109_/CLK (sky130_fd_sc_hd__dfrtp_1)
     3    0.009200    0.049012    0.243849    0.444153 v _109_/Q (sky130_fd_sc_hd__dfrtp_1)
                                                         net14 (net)
                      0.049012    0.000189    0.444342 v rebuffer4/A (sky130_fd_sc_hd__dlygate4sd1_1)
     2    0.005225    0.029138    0.158589    0.602931 v rebuffer4/X (sky130_fd_sc_hd__dlygate4sd1_1)
                                                         net25 (net)
                      0.029138    0.000133    0.603064 v output14/A (sky130_fd_sc_hd__buf_2)
     1    0.035706    0.065037    0.118445    0.721509 v output14/X (sky130_fd_sc_hd__buf_2)
                                                         count[1] (net)
                      0.065054    0.000999    0.722509 v count[1] (out)
                                              0.722509   data arrival time

                                  3.000000    3.000000   clock clk (rise edge)
                                  0.000000    3.000000   clock network delay (propagated)
                                 -0.250000    2.750000   clock uncertainty
                                  0.000000    2.750000   clock reconvergence pessimism
                                 -0.600000    2.150000   output external delay
                                              2.150000   data required time
---------------------------------------------------------------------------------------------
                                              2.150000   data required time
                                             -0.722509   data arrival time
---------------------------------------------------------------------------------------------
                                              1.427491   slack (MET)


Startpoint: _113_ (rising edge-triggered flip-flop clocked by clk)
Endpoint: count[5] (output port clocked by clk)
Path Group: clk
Path Type: max

Fanout         Cap        Slew       Delay        Time   Description
---------------------------------------------------------------------------------------------
                                  0.000000    0.000000   clock clk (rise edge)
                                  0.000000    0.000000   clock source latency
     1    0.012213    0.046019    0.030512    0.030512 ^ clk (in)
                                                         clk (net)
                      0.046022    0.000000    0.030512 ^ clkbuf_0_clk/A (sky130_fd_sc_hd__clkbuf_16)
     2    0.019410    0.030809    0.088330    0.118842 ^ clkbuf_0_clk/X (sky130_fd_sc_hd__clkbuf_16)
                                                         clknet_0_clk (net)
                      0.030811    0.000481    0.119323 ^ clkbuf_1_1__f_clk/A (sky130_fd_sc_hd__clkbuf_16)
     4    0.011007    0.025193    0.078285    0.197608 ^ clkbuf_1_1__f_clk/X (sky130_fd_sc_hd__clkbuf_16)
                                                         clknet_1_1__leaf_clk (net)
                      0.025193    0.000159    0.197767 ^ _113_/CLK (sky130_fd_sc_hd__dfrtp_1)
     4    0.016651    0.115890    0.260458    0.458226 ^ _113_/Q (sky130_fd_sc_hd__dfrtp_1)
                                                         net18 (net)
                      0.115890    0.000286    0.458511 ^ output18/A (sky130_fd_sc_hd__buf_2)
     1    0.033974    0.127103    0.157623    0.616134 ^ output18/X (sky130_fd_sc_hd__buf_2)
                                                         count[5] (net)
                      0.127104    0.000632    0.616766 ^ count[5] (out)
                                              0.616766   data arrival time

                                  3.000000    3.000000   clock clk (rise edge)
                                  0.000000    3.000000   clock network delay (propagated)
                                 -0.250000    2.750000   clock uncertainty
                                  0.000000    2.750000   clock reconvergence pessimism
                                 -0.600000    2.150000   output external delay
                                              2.150000   data required time
---------------------------------------------------------------------------------------------
                                              2.150000   data required time
                                             -0.616766   data arrival time
---------------------------------------------------------------------------------------------
                                              1.533234   slack (MET)


Startpoint: _112_ (rising edge-triggered flip-flop clocked by clk)
Endpoint: count[4] (output port clocked by clk)
Path Group: clk
Path Type: max

Fanout         Cap        Slew       Delay        Time   Description
---------------------------------------------------------------------------------------------
                                  0.000000    0.000000   clock clk (rise edge)
                                  0.000000    0.000000   clock source latency
     1    0.012213    0.046019    0.030512    0.030512 ^ clk (in)
                                                         clk (net)
                      0.046022    0.000000    0.030512 ^ clkbuf_0_clk/A (sky130_fd_sc_hd__clkbuf_16)
     2    0.019410    0.030809    0.088330    0.118842 ^ clkbuf_0_clk/X (sky130_fd_sc_hd__clkbuf_16)
                                                         clknet_0_clk (net)
                      0.030811    0.000498    0.119341 ^ clkbuf_1_0__f_clk/A (sky130_fd_sc_hd__clkbuf_16)
     5    0.014338    0.027402    0.080523    0.199864 ^ clkbuf_1_0__f_clk/X (sky130_fd_sc_hd__clkbuf_16)
                                                         clknet_1_0__leaf_clk (net)
                      0.027402    0.000260    0.200124 ^ _112_/CLK (sky130_fd_sc_hd__dfrtp_1)
     5    0.015265    0.107086    0.254915    0.455038 ^ _112_/Q (sky130_fd_sc_hd__dfrtp_1)
                                                         net17 (net)
                      0.107086    0.000342    0.455380 ^ output17/A (sky130_fd_sc_hd__buf_2)
     1    0.033893    0.126815    0.155416    0.610796 ^ output17/X (sky130_fd_sc_hd__buf_2)
                                                         count[4] (net)
                      0.126816    0.000611    0.611407 ^ count[4] (out)
                                              0.611407   data arrival time

                                  3.000000    3.000000   clock clk (rise edge)
                                  0.000000    3.000000   clock network delay (propagated)
                                 -0.250000    2.750000   clock uncertainty
                                  0.000000    2.750000   clock reconvergence pessimism
                                 -0.600000    2.150000   output external delay
                                              2.150000   data required time
---------------------------------------------------------------------------------------------
                                              2.150000   data required time
                                             -0.611407   data arrival time
---------------------------------------------------------------------------------------------
                                              1.538593   slack (MET)


Startpoint: _111_ (rising edge-triggered flip-flop clocked by clk)
Endpoint: count[3] (output port clocked by clk)
Path Group: clk
Path Type: max

Fanout         Cap        Slew       Delay        Time   Description
---------------------------------------------------------------------------------------------
                                  0.000000    0.000000   clock clk (rise edge)
                                  0.000000    0.000000   clock source latency
     1    0.012213    0.046019    0.030512    0.030512 ^ clk (in)
                                                         clk (net)
                      0.046022    0.000000    0.030512 ^ clkbuf_0_clk/A (sky130_fd_sc_hd__clkbuf_16)
     2    0.019410    0.030809    0.088330    0.118842 ^ clkbuf_0_clk/X (sky130_fd_sc_hd__clkbuf_16)
                                                         clknet_0_clk (net)
                      0.030811    0.000481    0.119323 ^ clkbuf_1_1__f_clk/A (sky130_fd_sc_hd__clkbuf_16)
     4    0.011007    0.025193    0.078285    0.197608 ^ clkbuf_1_1__f_clk/X (sky130_fd_sc_hd__clkbuf_16)
                                                         clknet_1_1__leaf_clk (net)
                      0.025193    0.000197    0.197805 ^ _111_/CLK (sky130_fd_sc_hd__dfrtp_1)
     4    0.015245    0.106928    0.254245    0.452050 ^ _111_/Q (sky130_fd_sc_hd__dfrtp_1)
                                                         net16 (net)
                      0.106928    0.000180    0.452230 ^ output16/A (sky130_fd_sc_hd__buf_2)
     1    0.034246    0.128074    0.156190    0.608420 ^ output16/X (sky130_fd_sc_hd__buf_2)
                                                         count[3] (net)
                      0.128076    0.000699    0.609119 ^ count[3] (out)
                                              0.609119   data arrival time

                                  3.000000    3.000000   clock clk (rise edge)
                                  0.000000    3.000000   clock network delay (propagated)
                                 -0.250000    2.750000   clock uncertainty
                                  0.000000    2.750000   clock reconvergence pessimism
                                 -0.600000    2.150000   output external delay
                                              2.150000   data required time
---------------------------------------------------------------------------------------------
                                              2.150000   data required time
                                             -0.609119   data arrival time
---------------------------------------------------------------------------------------------
                                              1.540881   slack (MET)


Startpoint: _110_ (rising edge-triggered flip-flop clocked by clk)
Endpoint: count[2] (output port clocked by clk)
Path Group: clk
Path Type: max

Fanout         Cap        Slew       Delay        Time   Description
---------------------------------------------------------------------------------------------
                                  0.000000    0.000000   clock clk (rise edge)
                                  0.000000    0.000000   clock source latency
     1    0.012213    0.046019    0.030512    0.030512 ^ clk (in)
                                                         clk (net)
                      0.046022    0.000000    0.030512 ^ clkbuf_0_clk/A (sky130_fd_sc_hd__clkbuf_16)
     2    0.019410    0.030809    0.088330    0.118842 ^ clkbuf_0_clk/X (sky130_fd_sc_hd__clkbuf_16)
                                                         clknet_0_clk (net)
                      0.030811    0.000498    0.119341 ^ clkbuf_1_0__f_clk/A (sky130_fd_sc_hd__clkbuf_16)
     5    0.014338    0.027402    0.080523    0.199864 ^ clkbuf_1_0__f_clk/X (sky130_fd_sc_hd__clkbuf_16)
                                                         clknet_1_0__leaf_clk (net)
                      0.027402    0.000442    0.200306 ^ _110_/CLK (sky130_fd_sc_hd__dfrtp_2)
     5    0.019217    0.077957    0.252049    0.452355 ^ _110_/Q (sky130_fd_sc_hd__dfrtp_2)
                                                         net15 (net)
                      0.077957    0.000343    0.452698 ^ output15/A (sky130_fd_sc_hd__buf_2)
     1    0.034078    0.127439    0.149126    0.601825 ^ output15/X (sky130_fd_sc_hd__buf_2)
                                                         count[2] (net)
                      0.127482    0.000705    0.602530 ^ count[2] (out)
                                              0.602530   data arrival time

                                  3.000000    3.000000   clock clk (rise edge)
                                  0.000000    3.000000   clock network delay (propagated)
                                 -0.250000    2.750000   clock uncertainty
                                  0.000000    2.750000   clock reconvergence pessimism
                                 -0.600000    2.150000   output external delay
                                              2.150000   data required time
---------------------------------------------------------------------------------------------
                                              2.150000   data required time
                                             -0.602530   data arrival time
---------------------------------------------------------------------------------------------
                                              1.547470   slack (MET)


Startpoint: _108_ (rising edge-triggered flip-flop clocked by clk)
Endpoint: count[0] (output port clocked by clk)
Path Group: clk
Path Type: max

Fanout         Cap        Slew       Delay        Time   Description
---------------------------------------------------------------------------------------------
                                  0.000000    0.000000   clock clk (rise edge)
                                  0.000000    0.000000   clock source latency
     1    0.012213    0.046019    0.030512    0.030512 ^ clk (in)
                                                         clk (net)
                      0.046022    0.000000    0.030512 ^ clkbuf_0_clk/A (sky130_fd_sc_hd__clkbuf_16)
     2    0.019410    0.030809    0.088330    0.118842 ^ clkbuf_0_clk/X (sky130_fd_sc_hd__clkbuf_16)
                                                         clknet_0_clk (net)
                      0.030811    0.000498    0.119341 ^ clkbuf_1_0__f_clk/A (sky130_fd_sc_hd__clkbuf_16)
     5    0.014338    0.027402    0.080523    0.199864 ^ clkbuf_1_0__f_clk/X (sky130_fd_sc_hd__clkbuf_16)
                                                         clknet_1_0__leaf_clk (net)
                      0.027402    0.000267    0.200130 ^ _108_/CLK (sky130_fd_sc_hd__dfrtp_1)
     3    0.010676    0.078070    0.234195    0.434325 ^ _108_/Q (sky130_fd_sc_hd__dfrtp_1)
                                                         net13 (net)
                      0.078070    0.000212    0.434537 ^ output13/A (sky130_fd_sc_hd__buf_2)
     1    0.034667    0.129518    0.150634    0.585171 ^ output13/X (sky130_fd_sc_hd__buf_2)
                                                         count[0] (net)
                      0.129561    0.000662    0.585833 ^ count[0] (out)
                                              0.585833   data arrival time

                                  3.000000    3.000000   clock clk (rise edge)
                                  0.000000    3.000000   clock network delay (propagated)
                                 -0.250000    2.750000   clock uncertainty
                                  0.000000    2.750000   clock reconvergence pessimism
                                 -0.600000    2.150000   output external delay
                                              2.150000   data required time
---------------------------------------------------------------------------------------------
                                              2.150000   data required time
                                             -0.585833   data arrival time
---------------------------------------------------------------------------------------------
                                              1.564167   slack (MET)


Startpoint: _115_ (rising edge-triggered flip-flop clocked by clk)
Endpoint: count[7] (output port clocked by clk)
Path Group: clk
Path Type: max

Fanout         Cap        Slew       Delay        Time   Description
---------------------------------------------------------------------------------------------
                                  0.000000    0.000000   clock clk (rise edge)
                                  0.000000    0.000000   clock source latency
     1    0.012213    0.046019    0.030512    0.030512 ^ clk (in)
                                                         clk (net)
                      0.046022    0.000000    0.030512 ^ clkbuf_0_clk/A (sky130_fd_sc_hd__clkbuf_16)
     2    0.019410    0.030809    0.088330    0.118842 ^ clkbuf_0_clk/X (sky130_fd_sc_hd__clkbuf_16)
                                                         clknet_0_clk (net)
                      0.030811    0.000481    0.119323 ^ clkbuf_1_1__f_clk/A (sky130_fd_sc_hd__clkbuf_16)
     4    0.011007    0.025193    0.078285    0.197608 ^ clkbuf_1_1__f_clk/X (sky130_fd_sc_hd__clkbuf_16)
                                                         clknet_1_1__leaf_clk (net)
                      0.025193    0.000149    0.197757 ^ _115_/CLK (sky130_fd_sc_hd__dfrtp_1)
     3    0.010902    0.079435    0.234566    0.432323 ^ _115_/Q (sky130_fd_sc_hd__dfrtp_1)
                                                         net20 (net)
                      0.079435    0.000283    0.432606 ^ output20/A (sky130_fd_sc_hd__buf_2)
     1    0.033992    0.127126    0.149309    0.581916 ^ output20/X (sky130_fd_sc_hd__buf_2)
                                                         count[7] (net)
                      0.127167    0.000624    0.582539 ^ count[7] (out)
                                              0.582539   data arrival time

                                  3.000000    3.000000   clock clk (rise edge)
                                  0.000000    3.000000   clock network delay (propagated)
                                 -0.250000    2.750000   clock uncertainty
                                  0.000000    2.750000   clock reconvergence pessimism
                                 -0.600000    2.150000   output external delay
                                              2.150000   data required time
---------------------------------------------------------------------------------------------
                                              2.150000   data required time
                                             -0.582539   data arrival time
---------------------------------------------------------------------------------------------
                                              1.567460   slack (MET)


Startpoint: _114_ (rising edge-triggered flip-flop clocked by clk)
Endpoint: count[6] (output port clocked by clk)
Path Group: clk
Path Type: max

Fanout         Cap        Slew       Delay        Time   Description
---------------------------------------------------------------------------------------------
                                  0.000000    0.000000   clock clk (rise edge)
                                  0.000000    0.000000   clock source latency
     1    0.012213    0.046019    0.030512    0.030512 ^ clk (in)
                                                         clk (net)
                      0.046022    0.000000    0.030512 ^ clkbuf_0_clk/A (sky130_fd_sc_hd__clkbuf_16)
     2    0.019410    0.030809    0.088330    0.118842 ^ clkbuf_0_clk/X (sky130_fd_sc_hd__clkbuf_16)
                                                         clknet_0_clk (net)
                      0.030811    0.000481    0.119323 ^ clkbuf_1_1__f_clk/A (sky130_fd_sc_hd__clkbuf_16)
     4    0.011007    0.025193    0.078285    0.197608 ^ clkbuf_1_1__f_clk/X (sky130_fd_sc_hd__clkbuf_16)
                                                         clknet_1_1__leaf_clk (net)
                      0.025193    0.000179    0.197787 ^ _114_/CLK (sky130_fd_sc_hd__dfrtp_1)
     4    0.010824    0.052561    0.249065    0.446852 v _114_/Q (sky130_fd_sc_hd__dfrtp_1)
                                                         net19 (net)
                      0.052562    0.000341    0.447194 v output19/A (sky130_fd_sc_hd__clkbuf_4)
     1    0.035191    0.057587    0.132694    0.579888 v output19/X (sky130_fd_sc_hd__clkbuf_4)
                                                         count[6] (net)
                      0.057603    0.000942    0.580829 v count[6] (out)
                                              0.580829   data arrival time

                                  3.000000    3.000000   clock clk (rise edge)
                                  0.000000    3.000000   clock network delay (propagated)
                                 -0.250000    2.750000   clock uncertainty
                                  0.000000    2.750000   clock reconvergence pessimism
                                 -0.600000    2.150000   output external delay
                                              2.150000   data required time
---------------------------------------------------------------------------------------------
                                              2.150000   data required time
                                             -0.580829   data arrival time
---------------------------------------------------------------------------------------------
                                              1.569171   slack (MET)


Startpoint: up_down (input port clocked by clk)
Endpoint: _109_ (rising edge-triggered flip-flop clocked by clk)
Path Group: clk
Path Type: max

Fanout         Cap        Slew       Delay        Time   Description
---------------------------------------------------------------------------------------------
                                  0.000000    0.000000   clock clk (rise edge)
                                  0.000000    0.000000   clock network delay (propagated)
                                  0.600000    0.600000 ^ input external delay
     1    0.002841    0.014063    0.007348    0.607348 ^ up_down (in)
                                                         up_down (net)
                      0.014063    0.000000    0.607348 ^ input12/A (sky130_fd_sc_hd__buf_1)
     4    0.017644    0.157657    0.134251    0.741599 ^ input12/X (sky130_fd_sc_hd__buf_1)
                                                         net12 (net)
                      0.157658    0.000320    0.741919 ^ fanout21/A (sky130_fd_sc_hd__clkbuf_4)
    10    0.042784    0.103016    0.170155    0.912074 ^ fanout21/X (sky130_fd_sc_hd__clkbuf_4)
                                                         net21 (net)
                      0.103042    0.001620    0.913694 ^ _062_/A (sky130_fd_sc_hd__xor2_1)
     3    0.010220    0.175576    0.165313    1.079007 ^ _062_/X (sky130_fd_sc_hd__xor2_1)
                                                         _015_ (net)
                      0.175576    0.000214    1.079220 ^ _063_/B (sky130_fd_sc_hd__nand2_1)
     1    0.003832    0.044422    0.043082    1.122302 v _063_/Y (sky130_fd_sc_hd__nand2_1)
                                                         _016_ (net)
                      0.044422    0.000122    1.122424 v _066_/A1 (sky130_fd_sc_hd__a21o_1)
     1    0.002420    0.022643    0.097894    1.220318 v _066_/X (sky130_fd_sc_hd__a21o_1)
                                                         _001_ (net)
                      0.022643    0.000068    1.220386 v _109_/D (sky130_fd_sc_hd__dfrtp_1)
                                              1.220386   data arrival time

                                  3.000000    3.000000   clock clk (rise edge)
                                  0.000000    3.000000   clock source latency
     1    0.012213    0.046019    0.030512    3.030512 ^ clk (in)
                                                         clk (net)
                      0.046022    0.000000    3.030512 ^ clkbuf_0_clk/A (sky130_fd_sc_hd__clkbuf_16)
     2    0.019410    0.030809    0.088330    3.118842 ^ clkbuf_0_clk/X (sky130_fd_sc_hd__clkbuf_16)
                                                         clknet_0_clk (net)
                      0.030811    0.000498    3.119340 ^ clkbuf_1_0__f_clk/A (sky130_fd_sc_hd__clkbuf_16)
     5    0.014338    0.027402    0.080523    3.199864 ^ clkbuf_1_0__f_clk/X (sky130_fd_sc_hd__clkbuf_16)
                                                         clknet_1_0__leaf_clk (net)
                      0.027402    0.000441    3.200304 ^ _109_/CLK (sky130_fd_sc_hd__dfrtp_1)
                                 -0.250000    2.950304   clock uncertainty
                                  0.000000    2.950304   clock reconvergence pessimism
                                 -0.069545    2.880760   library setup time
                                              2.880760   data required time
---------------------------------------------------------------------------------------------
                                              2.880760   data required time
                                             -1.220386   data arrival time
---------------------------------------------------------------------------------------------
                                              1.660374   slack (MET)


Startpoint: preload (input port clocked by clk)
Endpoint: _108_ (rising edge-triggered flip-flop clocked by clk)
Path Group: clk
Path Type: max

Fanout         Cap        Slew       Delay        Time   Description
---------------------------------------------------------------------------------------------
                                  0.000000    0.000000   clock clk (rise edge)
                                  0.000000    0.000000   clock network delay (propagated)
                                  0.600000    0.600000 v input external delay
     1    0.002698    0.004571    0.002192    0.602192 v preload (in)
                                                         preload (net)
                      0.004572    0.000000    0.602192 v input10/A (sky130_fd_sc_hd__buf_2)
    10    0.039619    0.071045    0.113582    0.715774 v input10/X (sky130_fd_sc_hd__buf_2)
                                                         net10 (net)
                      0.071230    0.002784    0.718558 v _057_/A (sky130_fd_sc_hd__nor2_2)
     8    0.036211    0.287311    0.253038    0.971596 ^ _057_/Y (sky130_fd_sc_hd__nor2_2)
                                                         _011_ (net)
                      0.287339    0.002350    0.973946 ^ _059_/B1 (sky130_fd_sc_hd__a22o_1)
     1    0.003851    0.039904    0.088885    1.062831 ^ _059_/X (sky130_fd_sc_hd__a22o_1)
                                                         _013_ (net)
                      0.039904    0.000128    1.062959 ^ _060_/B1 (sky130_fd_sc_hd__a21oi_1)
     1    0.003051    0.040069    0.023654    1.086612 v _060_/Y (sky130_fd_sc_hd__a21oi_1)
                                                         _000_ (net)
                      0.040069    0.000093    1.086705 v _108_/D (sky130_fd_sc_hd__dfrtp_1)
                                              1.086705   data arrival time

                                  3.000000    3.000000   clock clk (rise edge)
                                  0.000000    3.000000   clock source latency
     1    0.012213    0.046019    0.030512    3.030512 ^ clk (in)
                                                         clk (net)
                      0.046022    0.000000    3.030512 ^ clkbuf_0_clk/A (sky130_fd_sc_hd__clkbuf_16)
     2    0.019410    0.030809    0.088330    3.118842 ^ clkbuf_0_clk/X (sky130_fd_sc_hd__clkbuf_16)
                                                         clknet_0_clk (net)
                      0.030811    0.000498    3.119340 ^ clkbuf_1_0__f_clk/A (sky130_fd_sc_hd__clkbuf_16)
     5    0.014338    0.027402    0.080523    3.199864 ^ clkbuf_1_0__f_clk/X (sky130_fd_sc_hd__clkbuf_16)
                                                         clknet_1_0__leaf_clk (net)
                      0.027402    0.000267    3.200130 ^ _108_/CLK (sky130_fd_sc_hd__dfrtp_1)
                                 -0.250000    2.950130   clock uncertainty
                                  0.000000    2.950130   clock reconvergence pessimism
                                 -0.075769    2.874361   library setup time
                                              2.874361   data required time
---------------------------------------------------------------------------------------------
                                              2.874361   data required time
                                             -1.086705   data arrival time
---------------------------------------------------------------------------------------------
                                              1.787656   slack (MET)


Startpoint: resetn (input port clocked by clk)
Endpoint: _110_ (recovery check against rising-edge clock clk)
Path Group: asynchronous
Path Type: max

Fanout         Cap        Slew       Delay        Time   Description
---------------------------------------------------------------------------------------------
                                  0.000000    0.000000   clock clk (rise edge)
                                  0.000000    0.000000   clock network delay (propagated)
                                  0.600000    0.600000 ^ input external delay
     1    0.003199    0.015347    0.008290    0.608290 ^ resetn (in)
                                                         resetn (net)
                      0.015348    0.000000    0.608290 ^ hold12/A (sky130_fd_sc_hd__dlygate4sd3_1)
     1    0.002381    0.034813    0.364476    0.972765 ^ hold12/X (sky130_fd_sc_hd__dlygate4sd3_1)
                                                         net33 (net)
                      0.034813    0.000067    0.972833 ^ input11/A (sky130_fd_sc_hd__buf_2)
     8    0.042821    0.158291    0.158522    1.131355 ^ input11/X (sky130_fd_sc_hd__buf_2)
                                                         net11 (net)
                      0.158368    0.002884    1.134239 ^ _110_/RESET_B (sky130_fd_sc_hd__dfrtp_2)
                                              1.134239   data arrival time

                                  3.000000    3.000000   clock clk (rise edge)
                                  0.000000    3.000000   clock source latency
     1    0.012213    0.046019    0.030512    3.030512 ^ clk (in)
                                                         clk (net)
                      0.046022    0.000000    3.030512 ^ clkbuf_0_clk/A (sky130_fd_sc_hd__clkbuf_16)
     2    0.019410    0.030809    0.088330    3.118842 ^ clkbuf_0_clk/X (sky130_fd_sc_hd__clkbuf_16)
                                                         clknet_0_clk (net)
                      0.030811    0.000498    3.119340 ^ clkbuf_1_0__f_clk/A (sky130_fd_sc_hd__clkbuf_16)
     5    0.014338    0.027402    0.080523    3.199864 ^ clkbuf_1_0__f_clk/X (sky130_fd_sc_hd__clkbuf_16)
                                                         clknet_1_0__leaf_clk (net)
                      0.027402    0.000442    3.200306 ^ _110_/CLK (sky130_fd_sc_hd__dfrtp_2)
                                 -0.250000    2.950306   clock uncertainty
                                  0.000000    2.950306   clock reconvergence pessimism
                                  0.100440    3.050746   library recovery time
                                              3.050746   data required time
---------------------------------------------------------------------------------------------
                                              3.050746   data required time
                                             -1.134239   data arrival time
---------------------------------------------------------------------------------------------
                                              1.916507   slack (MET)


Startpoint: resetn (input port clocked by clk)
Endpoint: _111_ (recovery check against rising-edge clock clk)
Path Group: asynchronous
Path Type: max

Fanout         Cap        Slew       Delay        Time   Description
---------------------------------------------------------------------------------------------
                                  0.000000    0.000000   clock clk (rise edge)
                                  0.000000    0.000000   clock network delay (propagated)
                                  0.600000    0.600000 ^ input external delay
     1    0.003199    0.015347    0.008290    0.608290 ^ resetn (in)
                                                         resetn (net)
                      0.015348    0.000000    0.608290 ^ hold12/A (sky130_fd_sc_hd__dlygate4sd3_1)
     1    0.002381    0.034813    0.364476    0.972765 ^ hold12/X (sky130_fd_sc_hd__dlygate4sd3_1)
                                                         net33 (net)
                      0.034813    0.000067    0.972833 ^ input11/A (sky130_fd_sc_hd__buf_2)
     8    0.042821    0.158291    0.158522    1.131355 ^ input11/X (sky130_fd_sc_hd__buf_2)
                                                         net11 (net)
                      0.158352    0.002574    1.133929 ^ _111_/RESET_B (sky130_fd_sc_hd__dfrtp_1)
                                              1.133929   data arrival time

                                  3.000000    3.000000   clock clk (rise edge)
                                  0.000000    3.000000   clock source latency
     1    0.012213    0.046019    0.030512    3.030512 ^ clk (in)
                                                         clk (net)
                      0.046022    0.000000    3.030512 ^ clkbuf_0_clk/A (sky130_fd_sc_hd__clkbuf_16)
     2    0.019410    0.030809    0.088330    3.118842 ^ clkbuf_0_clk/X (sky130_fd_sc_hd__clkbuf_16)
                                                         clknet_0_clk (net)
                      0.030811    0.000481    3.119323 ^ clkbuf_1_1__f_clk/A (sky130_fd_sc_hd__clkbuf_16)
     4    0.011007    0.025193    0.078285    3.197608 ^ clkbuf_1_1__f_clk/X (sky130_fd_sc_hd__clkbuf_16)
                                                         clknet_1_1__leaf_clk (net)
                      0.025193    0.000197    3.197805 ^ _111_/CLK (sky130_fd_sc_hd__dfrtp_1)
                                 -0.250000    2.947805   clock uncertainty
                                  0.000000    2.947805   clock reconvergence pessimism
                                  0.118938    3.066743   library recovery time
                                              3.066743   data required time
---------------------------------------------------------------------------------------------
                                              3.066743   data required time
                                             -1.133929   data arrival time
---------------------------------------------------------------------------------------------
                                              1.932814   slack (MET)


Startpoint: resetn (input port clocked by clk)
Endpoint: _115_ (recovery check against rising-edge clock clk)
Path Group: asynchronous
Path Type: max

Fanout         Cap        Slew       Delay        Time   Description
---------------------------------------------------------------------------------------------
                                  0.000000    0.000000   clock clk (rise edge)
                                  0.000000    0.000000   clock network delay (propagated)
                                  0.600000    0.600000 ^ input external delay
     1    0.003199    0.015347    0.008290    0.608290 ^ resetn (in)
                                                         resetn (net)
                      0.015348    0.000000    0.608290 ^ hold12/A (sky130_fd_sc_hd__dlygate4sd3_1)
     1    0.002381    0.034813    0.364476    0.972765 ^ hold12/X (sky130_fd_sc_hd__dlygate4sd3_1)
                                                         net33 (net)
                      0.034813    0.000067    0.972833 ^ input11/A (sky130_fd_sc_hd__buf_2)
     8    0.042821    0.158291    0.158522    1.131355 ^ input11/X (sky130_fd_sc_hd__buf_2)
                                                         net11 (net)
                      0.158349    0.002508    1.133863 ^ _115_/RESET_B (sky130_fd_sc_hd__dfrtp_1)
                                              1.133863   data arrival time

                                  3.000000    3.000000   clock clk (rise edge)
                                  0.000000    3.000000   clock source latency
     1    0.012213    0.046019    0.030512    3.030512 ^ clk (in)
                                                         clk (net)
                      0.046022    0.000000    3.030512 ^ clkbuf_0_clk/A (sky130_fd_sc_hd__clkbuf_16)
     2    0.019410    0.030809    0.088330    3.118842 ^ clkbuf_0_clk/X (sky130_fd_sc_hd__clkbuf_16)
                                                         clknet_0_clk (net)
                      0.030811    0.000481    3.119323 ^ clkbuf_1_1__f_clk/A (sky130_fd_sc_hd__clkbuf_16)
     4    0.011007    0.025193    0.078285    3.197608 ^ clkbuf_1_1__f_clk/X (sky130_fd_sc_hd__clkbuf_16)
                                                         clknet_1_1__leaf_clk (net)
                      0.025193    0.000149    3.197757 ^ _115_/CLK (sky130_fd_sc_hd__dfrtp_1)
                                 -0.250000    2.947757   clock uncertainty
                                  0.000000    2.947757   clock reconvergence pessimism
                                  0.118939    3.066696   library recovery time
                                              3.066696   data required time
---------------------------------------------------------------------------------------------
                                              3.066696   data required time
                                             -1.133863   data arrival time
---------------------------------------------------------------------------------------------
                                              1.932833   slack (MET)


Startpoint: resetn (input port clocked by clk)
Endpoint: _114_ (recovery check against rising-edge clock clk)
Path Group: asynchronous
Path Type: max

Fanout         Cap        Slew       Delay        Time   Description
---------------------------------------------------------------------------------------------
                                  0.000000    0.000000   clock clk (rise edge)
                                  0.000000    0.000000   clock network delay (propagated)
                                  0.600000    0.600000 ^ input external delay
     1    0.003199    0.015347    0.008290    0.608290 ^ resetn (in)
                                                         resetn (net)
                      0.015348    0.000000    0.608290 ^ hold12/A (sky130_fd_sc_hd__dlygate4sd3_1)
     1    0.002381    0.034813    0.364476    0.972765 ^ hold12/X (sky130_fd_sc_hd__dlygate4sd3_1)
                                                         net33 (net)
                      0.034813    0.000067    0.972833 ^ input11/A (sky130_fd_sc_hd__buf_2)
     8    0.042821    0.158291    0.158522    1.131355 ^ input11/X (sky130_fd_sc_hd__buf_2)
                                                         net11 (net)
                      0.158335    0.002187    1.133543 ^ _114_/RESET_B (sky130_fd_sc_hd__dfrtp_1)
                                              1.133543   data arrival time

                                  3.000000    3.000000   clock clk (rise edge)
                                  0.000000    3.000000   clock source latency
     1    0.012213    0.046019    0.030512    3.030512 ^ clk (in)
                                                         clk (net)
                      0.046022    0.000000    3.030512 ^ clkbuf_0_clk/A (sky130_fd_sc_hd__clkbuf_16)
     2    0.019410    0.030809    0.088330    3.118842 ^ clkbuf_0_clk/X (sky130_fd_sc_hd__clkbuf_16)
                                                         clknet_0_clk (net)
                      0.030811    0.000481    3.119323 ^ clkbuf_1_1__f_clk/A (sky130_fd_sc_hd__clkbuf_16)
     4    0.011007    0.025193    0.078285    3.197608 ^ clkbuf_1_1__f_clk/X (sky130_fd_sc_hd__clkbuf_16)
                                                         clknet_1_1__leaf_clk (net)
                      0.025193    0.000179    3.197787 ^ _114_/CLK (sky130_fd_sc_hd__dfrtp_1)
                                 -0.250000    2.947787   clock uncertainty
                                  0.000000    2.947787   clock reconvergence pessimism
                                  0.118942    3.066729   library recovery time
                                              3.066729   data required time
---------------------------------------------------------------------------------------------
                                              3.066729   data required time
                                             -1.133543   data arrival time
---------------------------------------------------------------------------------------------
                                              1.933186   slack (MET)


Startpoint: resetn (input port clocked by clk)
Endpoint: _113_ (recovery check against rising-edge clock clk)
Path Group: asynchronous
Path Type: max

Fanout         Cap        Slew       Delay        Time   Description
---------------------------------------------------------------------------------------------
                                  0.000000    0.000000   clock clk (rise edge)
                                  0.000000    0.000000   clock network delay (propagated)
                                  0.600000    0.600000 ^ input external delay
     1    0.003199    0.015347    0.008290    0.608290 ^ resetn (in)
                                                         resetn (net)
                      0.015348    0.000000    0.608290 ^ hold12/A (sky130_fd_sc_hd__dlygate4sd3_1)
     1    0.002381    0.034813    0.364476    0.972765 ^ hold12/X (sky130_fd_sc_hd__dlygate4sd3_1)
                                                         net33 (net)
                      0.034813    0.000067    0.972833 ^ input11/A (sky130_fd_sc_hd__buf_2)
     8    0.042821    0.158291    0.158522    1.131355 ^ input11/X (sky130_fd_sc_hd__buf_2)
                                                         net11 (net)
                      0.158311    0.001491    1.132846 ^ _113_/RESET_B (sky130_fd_sc_hd__dfrtp_1)
                                              1.132846   data arrival time

                                  3.000000    3.000000   clock clk (rise edge)
                                  0.000000    3.000000   clock source latency
     1    0.012213    0.046019    0.030512    3.030512 ^ clk (in)
                                                         clk (net)
                      0.046022    0.000000    3.030512 ^ clkbuf_0_clk/A (sky130_fd_sc_hd__clkbuf_16)
     2    0.019410    0.030809    0.088330    3.118842 ^ clkbuf_0_clk/X (sky130_fd_sc_hd__clkbuf_16)
                                                         clknet_0_clk (net)
                      0.030811    0.000481    3.119323 ^ clkbuf_1_1__f_clk/A (sky130_fd_sc_hd__clkbuf_16)
     4    0.011007    0.025193    0.078285    3.197608 ^ clkbuf_1_1__f_clk/X (sky130_fd_sc_hd__clkbuf_16)
                                                         clknet_1_1__leaf_clk (net)
                      0.025193    0.000159    3.197767 ^ _113_/CLK (sky130_fd_sc_hd__dfrtp_1)
                                 -0.250000    2.947767   clock uncertainty
                                  0.000000    2.947767   clock reconvergence pessimism
                                  0.118946    3.066713   library recovery time
                                              3.066713   data required time
---------------------------------------------------------------------------------------------
                                              3.066713   data required time
                                             -1.132846   data arrival time
---------------------------------------------------------------------------------------------
                                              1.933867   slack (MET)


Startpoint: resetn (input port clocked by clk)
Endpoint: _109_ (recovery check against rising-edge clock clk)
Path Group: asynchronous
Path Type: max

Fanout         Cap        Slew       Delay        Time   Description
---------------------------------------------------------------------------------------------
                                  0.000000    0.000000   clock clk (rise edge)
                                  0.000000    0.000000   clock network delay (propagated)
                                  0.600000    0.600000 ^ input external delay
     1    0.003199    0.015347    0.008290    0.608290 ^ resetn (in)
                                                         resetn (net)
                      0.015348    0.000000    0.608290 ^ hold12/A (sky130_fd_sc_hd__dlygate4sd3_1)
     1    0.002381    0.034813    0.364476    0.972765 ^ hold12/X (sky130_fd_sc_hd__dlygate4sd3_1)
                                                         net33 (net)
                      0.034813    0.000067    0.972833 ^ input11/A (sky130_fd_sc_hd__buf_2)
     8    0.042821    0.158291    0.158522    1.131355 ^ input11/X (sky130_fd_sc_hd__buf_2)
                                                         net11 (net)
                      0.158371    0.002935    1.134290 ^ _109_/RESET_B (sky130_fd_sc_hd__dfrtp_1)
                                              1.134290   data arrival time

                                  3.000000    3.000000   clock clk (rise edge)
                                  0.000000    3.000000   clock source latency
     1    0.012213    0.046019    0.030512    3.030512 ^ clk (in)
                                                         clk (net)
                      0.046022    0.000000    3.030512 ^ clkbuf_0_clk/A (sky130_fd_sc_hd__clkbuf_16)
     2    0.019410    0.030809    0.088330    3.118842 ^ clkbuf_0_clk/X (sky130_fd_sc_hd__clkbuf_16)
                                                         clknet_0_clk (net)
                      0.030811    0.000498    3.119340 ^ clkbuf_1_0__f_clk/A (sky130_fd_sc_hd__clkbuf_16)
     5    0.014338    0.027402    0.080523    3.199864 ^ clkbuf_1_0__f_clk/X (sky130_fd_sc_hd__clkbuf_16)
                                                         clknet_1_0__leaf_clk (net)
                      0.027402    0.000441    3.200304 ^ _109_/CLK (sky130_fd_sc_hd__dfrtp_1)
                                 -0.250000    2.950304   clock uncertainty
                                  0.000000    2.950304   clock reconvergence pessimism
                                  0.119277    3.069582   library recovery time
                                              3.069582   data required time
---------------------------------------------------------------------------------------------
                                              3.069582   data required time
                                             -1.134290   data arrival time
---------------------------------------------------------------------------------------------
                                              1.935292   slack (MET)


Startpoint: resetn (input port clocked by clk)
Endpoint: _112_ (recovery check against rising-edge clock clk)
Path Group: asynchronous
Path Type: max

Fanout         Cap        Slew       Delay        Time   Description
---------------------------------------------------------------------------------------------
                                  0.000000    0.000000   clock clk (rise edge)
                                  0.000000    0.000000   clock network delay (propagated)
                                  0.600000    0.600000 ^ input external delay
     1    0.003199    0.015347    0.008290    0.608290 ^ resetn (in)
                                                         resetn (net)
                      0.015348    0.000000    0.608290 ^ hold12/A (sky130_fd_sc_hd__dlygate4sd3_1)
     1    0.002381    0.034813    0.364476    0.972765 ^ hold12/X (sky130_fd_sc_hd__dlygate4sd3_1)
                                                         net33 (net)
                      0.034813    0.000067    0.972833 ^ input11/A (sky130_fd_sc_hd__buf_2)
     8    0.042821    0.158291    0.158522    1.131355 ^ input11/X (sky130_fd_sc_hd__buf_2)
                                                         net11 (net)
                      0.158299    0.000921    1.132276 ^ _112_/RESET_B (sky130_fd_sc_hd__dfrtp_1)
                                              1.132276   data arrival time

                                  3.000000    3.000000   clock clk (rise edge)
                                  0.000000    3.000000   clock source latency
     1    0.012213    0.046019    0.030512    3.030512 ^ clk (in)
                                                         clk (net)
                      0.046022    0.000000    3.030512 ^ clkbuf_0_clk/A (sky130_fd_sc_hd__clkbuf_16)
     2    0.019410    0.030809    0.088330    3.118842 ^ clkbuf_0_clk/X (sky130_fd_sc_hd__clkbuf_16)
                                                         clknet_0_clk (net)
                      0.030811    0.000498    3.119340 ^ clkbuf_1_0__f_clk/A (sky130_fd_sc_hd__clkbuf_16)
     5    0.014338    0.027402    0.080523    3.199864 ^ clkbuf_1_0__f_clk/X (sky130_fd_sc_hd__clkbuf_16)
                                                         clknet_1_0__leaf_clk (net)
                      0.027402    0.000260    3.200123 ^ _112_/CLK (sky130_fd_sc_hd__dfrtp_1)
                                 -0.250000    2.950123   clock uncertainty
                                  0.000000    2.950123   clock reconvergence pessimism
                                  0.119291    3.069414   library recovery time
                                              3.069414   data required time
---------------------------------------------------------------------------------------------
                                              3.069414   data required time
                                             -1.132276   data arrival time
---------------------------------------------------------------------------------------------
                                              1.937139   slack (MET)


Startpoint: resetn (input port clocked by clk)
Endpoint: _108_ (recovery check against rising-edge clock clk)
Path Group: asynchronous
Path Type: max

Fanout         Cap        Slew       Delay        Time   Description
---------------------------------------------------------------------------------------------
                                  0.000000    0.000000   clock clk (rise edge)
                                  0.000000    0.000000   clock network delay (propagated)
                                  0.600000    0.600000 ^ input external delay
     1    0.003199    0.015347    0.008290    0.608290 ^ resetn (in)
                                                         resetn (net)
                      0.015348    0.000000    0.608290 ^ hold12/A (sky130_fd_sc_hd__dlygate4sd3_1)
     1    0.002381    0.034813    0.364476    0.972765 ^ hold12/X (sky130_fd_sc_hd__dlygate4sd3_1)
                                                         net33 (net)
                      0.034813    0.000067    0.972833 ^ input11/A (sky130_fd_sc_hd__buf_2)
     8    0.042821    0.158291    0.158522    1.131355 ^ input11/X (sky130_fd_sc_hd__buf_2)
                                                         net11 (net)
                      0.158297    0.000778    1.132133 ^ _108_/RESET_B (sky130_fd_sc_hd__dfrtp_1)
                                              1.132133   data arrival time

                                  3.000000    3.000000   clock clk (rise edge)
                                  0.000000    3.000000   clock source latency
     1    0.012213    0.046019    0.030512    3.030512 ^ clk (in)
                                                         clk (net)
                      0.046022    0.000000    3.030512 ^ clkbuf_0_clk/A (sky130_fd_sc_hd__clkbuf_16)
     2    0.019410    0.030809    0.088330    3.118842 ^ clkbuf_0_clk/X (sky130_fd_sc_hd__clkbuf_16)
                                                         clknet_0_clk (net)
                      0.030811    0.000498    3.119340 ^ clkbuf_1_0__f_clk/A (sky130_fd_sc_hd__clkbuf_16)
     5    0.014338    0.027402    0.080523    3.199864 ^ clkbuf_1_0__f_clk/X (sky130_fd_sc_hd__clkbuf_16)
                                                         clknet_1_0__leaf_clk (net)
                      0.027402    0.000267    3.200130 ^ _108_/CLK (sky130_fd_sc_hd__dfrtp_1)
                                 -0.250000    2.950130   clock uncertainty
                                  0.000000    2.950130   clock reconvergence pessimism
                                  0.119291    3.069422   library recovery time
                                              3.069422   data required time
---------------------------------------------------------------------------------------------
                                              3.069422   data required time
                                             -1.132133   data arrival time
---------------------------------------------------------------------------------------------
                                              1.937288   slack (MET)



