
===========================================================================
report_checks -path_delay min (Hold)
============================================================================
======================= max_ss_100C_1v60 Corner ===================================

Startpoint: _108_ (rising edge-triggered flip-flop clocked by clk)
Endpoint: _108_ (rising edge-triggered flip-flop clocked by clk)
Path Group: clk
Path Type: min

Fanout         Cap        Slew       Delay        Time   Description
---------------------------------------------------------------------------------------------
                                  0.000000    0.000000   clock clk (rise edge)
                                  0.000000    0.000000   clock source latency
     1    0.012040    0.000000    0.000000    0.000000 ^ clk (in)
                                                         clk (net)
                      0.000743    0.000372    0.000372 ^ clkbuf_0_clk/A (sky130_fd_sc_hd__clkbuf_16)
     2    0.019559    0.066748    0.190619    0.190991 ^ clkbuf_0_clk/X (sky130_fd_sc_hd__clkbuf_16)
                                                         clknet_0_clk (net)
                      0.066764    0.001184    0.192175 ^ clkbuf_1_0__f_clk/A (sky130_fd_sc_hd__clkbuf_16)
     5    0.015016    0.061252    0.212817    0.404992 ^ clkbuf_1_0__f_clk/X (sky130_fd_sc_hd__clkbuf_16)
                                                         clknet_1_0__leaf_clk (net)
                      0.061252    0.000876    0.405869 ^ _108_/CLK (sky130_fd_sc_hd__dfrtp_1)
     3    0.012655    0.199379    0.739657    1.145526 ^ _108_/Q (sky130_fd_sc_hd__dfrtp_1)
                                                         net13 (net)
                      0.199380    0.000840    1.146366 ^ _060_/A1 (sky130_fd_sc_hd__a21oi_1)
     1    0.003136    0.048872    0.176665    1.323030 v _060_/Y (sky130_fd_sc_hd__a21oi_1)
                                                         _000_ (net)
                      0.048873    0.000212    1.323243 v _108_/D (sky130_fd_sc_hd__dfrtp_1)
                                              1.323243   data arrival time

                                  0.000000    0.000000   clock clk (rise edge)
                                  0.000000    0.000000   clock source latency
     1    0.012040    0.000000    0.000000    0.000000 ^ clk (in)
                                                         clk (net)
                      0.000743    0.000372    0.000372 ^ clkbuf_0_clk/A (sky130_fd_sc_hd__clkbuf_16)
     2    0.019559    0.066748    0.190619    0.190991 ^ clkbuf_0_clk/X (sky130_fd_sc_hd__clkbuf_16)
                                                         clknet_0_clk (net)
                      0.066764    0.001184    0.192175 ^ clkbuf_1_0__f_clk/A (sky130_fd_sc_hd__clkbuf_16)
     5    0.015016    0.061252    0.212817    0.404992 ^ clkbuf_1_0__f_clk/X (sky130_fd_sc_hd__clkbuf_16)
                                                         clknet_1_0__leaf_clk (net)
                      0.061252    0.000876    0.405869 ^ _108_/CLK (sky130_fd_sc_hd__dfrtp_1)
                                  0.000000    0.405869   clock reconvergence pessimism
                                 -0.091517    0.314351   library hold time
                                              0.314351   data required time
---------------------------------------------------------------------------------------------
                                              0.314351   data required time
                                             -1.323243   data arrival time
---------------------------------------------------------------------------------------------
                                              1.008891   slack (MET)


Startpoint: _111_ (rising edge-triggered flip-flop clocked by clk)
Endpoint: _111_ (rising edge-triggered flip-flop clocked by clk)
Path Group: clk
Path Type: min

Fanout         Cap        Slew       Delay        Time   Description
---------------------------------------------------------------------------------------------
                                  0.000000    0.000000   clock clk (rise edge)
                                  0.000000    0.000000   clock source latency
     1    0.012040    0.000000    0.000000    0.000000 ^ clk (in)
                                                         clk (net)
                      0.000743    0.000372    0.000372 ^ clkbuf_0_clk/A (sky130_fd_sc_hd__clkbuf_16)
     2    0.019559    0.066748    0.190619    0.190991 ^ clkbuf_0_clk/X (sky130_fd_sc_hd__clkbuf_16)
                                                         clknet_0_clk (net)
                      0.066764    0.001193    0.192184 ^ clkbuf_1_1__f_clk/A (sky130_fd_sc_hd__clkbuf_16)
     4    0.011515    0.056849    0.208003    0.400186 ^ clkbuf_1_1__f_clk/X (sky130_fd_sc_hd__clkbuf_16)
                                                         clknet_1_1__leaf_clk (net)
                      0.056850    0.000445    0.400631 ^ _111_/CLK (sky130_fd_sc_hd__dfrtp_1)
     4    0.014860    0.223986    0.759820    1.160450 ^ _111_/Q (sky130_fd_sc_hd__dfrtp_1)
                                                         net16 (net)
                      0.223986    0.000931    1.161381 ^ _078_/B2 (sky130_fd_sc_hd__a221o_1)
     1    0.002202    0.064204    0.314305    1.475687 ^ _078_/X (sky130_fd_sc_hd__a221o_1)
                                                         _003_ (net)
                      0.064204    0.000155    1.475841 ^ _111_/D (sky130_fd_sc_hd__dfrtp_1)
                                              1.475841   data arrival time

                                  0.000000    0.000000   clock clk (rise edge)
                                  0.000000    0.000000   clock source latency
     1    0.012040    0.000000    0.000000    0.000000 ^ clk (in)
                                                         clk (net)
                      0.000743    0.000372    0.000372 ^ clkbuf_0_clk/A (sky130_fd_sc_hd__clkbuf_16)
     2    0.019559    0.066748    0.190619    0.190991 ^ clkbuf_0_clk/X (sky130_fd_sc_hd__clkbuf_16)
                                                         clknet_0_clk (net)
                      0.066764    0.001193    0.192184 ^ clkbuf_1_1__f_clk/A (sky130_fd_sc_hd__clkbuf_16)
     4    0.011515    0.056849    0.208003    0.400186 ^ clkbuf_1_1__f_clk/X (sky130_fd_sc_hd__clkbuf_16)
                                                         clknet_1_1__leaf_clk (net)
                      0.056850    0.000445    0.400631 ^ _111_/CLK (sky130_fd_sc_hd__dfrtp_1)
                                  0.000000    0.400631   clock reconvergence pessimism
                                 -0.077774    0.322856   library hold time
                                              0.322856   data required time
---------------------------------------------------------------------------------------------
                                              0.322856   data required time
                                             -1.475841   data arrival time
---------------------------------------------------------------------------------------------
                                              1.152985   slack (MET)


Startpoint: _115_ (rising edge-triggered flip-flop clocked by clk)
Endpoint: _115_ (rising edge-triggered flip-flop clocked by clk)
Path Group: clk
Path Type: min

Fanout         Cap        Slew       Delay        Time   Description
---------------------------------------------------------------------------------------------
                                  0.000000    0.000000   clock clk (rise edge)
                                  0.000000    0.000000   clock source latency
     1    0.012040    0.000000    0.000000    0.000000 ^ clk (in)
                                                         clk (net)
                      0.000743    0.000372    0.000372 ^ clkbuf_0_clk/A (sky130_fd_sc_hd__clkbuf_16)
     2    0.019559    0.066748    0.190619    0.190991 ^ clkbuf_0_clk/X (sky130_fd_sc_hd__clkbuf_16)
                                                         clknet_0_clk (net)
                      0.066764    0.001193    0.192184 ^ clkbuf_1_1__f_clk/A (sky130_fd_sc_hd__clkbuf_16)
     4    0.011515    0.056849    0.208003    0.400186 ^ clkbuf_1_1__f_clk/X (sky130_fd_sc_hd__clkbuf_16)
                                                         clknet_1_1__leaf_clk (net)
                      0.056850    0.000342    0.400528 ^ _115_/CLK (sky130_fd_sc_hd__dfrtp_1)
     3    0.010926    0.177454    0.719657    1.120184 ^ _115_/Q (sky130_fd_sc_hd__dfrtp_1)
                                                         net20 (net)
                      0.177454    0.000545    1.120729 ^ _106_/B2 (sky130_fd_sc_hd__a22o_1)
     1    0.003554    0.085545    0.289506    1.410235 ^ _106_/X (sky130_fd_sc_hd__a22o_1)
                                                         _053_ (net)
                      0.085545    0.000240    1.410474 ^ _107_/B1 (sky130_fd_sc_hd__a21o_1)
     1    0.002584    0.055414    0.142738    1.553213 ^ _107_/X (sky130_fd_sc_hd__a21o_1)
                                                         _007_ (net)
                      0.055414    0.000172    1.553385 ^ _115_/D (sky130_fd_sc_hd__dfrtp_1)
                                              1.553385   data arrival time

                                  0.000000    0.000000   clock clk (rise edge)
                                  0.000000    0.000000   clock source latency
     1    0.012040    0.000000    0.000000    0.000000 ^ clk (in)
                                                         clk (net)
                      0.000743    0.000372    0.000372 ^ clkbuf_0_clk/A (sky130_fd_sc_hd__clkbuf_16)
     2    0.019559    0.066748    0.190619    0.190991 ^ clkbuf_0_clk/X (sky130_fd_sc_hd__clkbuf_16)
                                                         clknet_0_clk (net)
                      0.066764    0.001193    0.192184 ^ clkbuf_1_1__f_clk/A (sky130_fd_sc_hd__clkbuf_16)
     4    0.011515    0.056849    0.208003    0.400186 ^ clkbuf_1_1__f_clk/X (sky130_fd_sc_hd__clkbuf_16)
                                                         clknet_1_1__leaf_clk (net)
                      0.056850    0.000342    0.400528 ^ _115_/CLK (sky130_fd_sc_hd__dfrtp_1)
                                  0.000000    0.400528   clock reconvergence pessimism
                                 -0.075767    0.324760   library hold time
                                              0.324760   data required time
---------------------------------------------------------------------------------------------
                                              0.324760   data required time
                                             -1.553385   data arrival time
---------------------------------------------------------------------------------------------
                                              1.228624   slack (MET)


Startpoint: _114_ (rising edge-triggered flip-flop clocked by clk)
Endpoint: _114_ (rising edge-triggered flip-flop clocked by clk)
Path Group: clk
Path Type: min

Fanout         Cap        Slew       Delay        Time   Description
---------------------------------------------------------------------------------------------
                                  0.000000    0.000000   clock clk (rise edge)
                                  0.000000    0.000000   clock source latency
     1    0.012040    0.000000    0.000000    0.000000 ^ clk (in)
                                                         clk (net)
                      0.000743    0.000372    0.000372 ^ clkbuf_0_clk/A (sky130_fd_sc_hd__clkbuf_16)
     2    0.019559    0.066748    0.190619    0.190991 ^ clkbuf_0_clk/X (sky130_fd_sc_hd__clkbuf_16)
                                                         clknet_0_clk (net)
                      0.066764    0.001193    0.192184 ^ clkbuf_1_1__f_clk/A (sky130_fd_sc_hd__clkbuf_16)
     4    0.011515    0.056849    0.208003    0.400186 ^ clkbuf_1_1__f_clk/X (sky130_fd_sc_hd__clkbuf_16)
                                                         clknet_1_1__leaf_clk (net)
                      0.056850    0.000500    0.400686 ^ _114_/CLK (sky130_fd_sc_hd__dfrtp_1)
     4    0.010574    0.173064    0.715859    1.116545 ^ _114_/Q (sky130_fd_sc_hd__dfrtp_1)
                                                         net19 (net)
                      0.173064    0.000672    1.117217 ^ _101_/B2 (sky130_fd_sc_hd__a22o_1)
     1    0.002682    0.074159    0.275542    1.392759 ^ _101_/X (sky130_fd_sc_hd__a22o_1)
                                                         _049_ (net)
                      0.074159    0.000126    1.392885 ^ _102_/B1 (sky130_fd_sc_hd__a31o_1)
     1    0.002798    0.070452    0.161943    1.554828 ^ _102_/X (sky130_fd_sc_hd__a31o_1)
                                                         _006_ (net)
                      0.070452    0.000184    1.555012 ^ _114_/D (sky130_fd_sc_hd__dfrtp_1)
                                              1.555012   data arrival time

                                  0.000000    0.000000   clock clk (rise edge)
                                  0.000000    0.000000   clock source latency
     1    0.012040    0.000000    0.000000    0.000000 ^ clk (in)
                                                         clk (net)
                      0.000743    0.000372    0.000372 ^ clkbuf_0_clk/A (sky130_fd_sc_hd__clkbuf_16)
     2    0.019559    0.066748    0.190619    0.190991 ^ clkbuf_0_clk/X (sky130_fd_sc_hd__clkbuf_16)
                                                         clknet_0_clk (net)
                      0.066764    0.001193    0.192184 ^ clkbuf_1_1__f_clk/A (sky130_fd_sc_hd__clkbuf_16)
     4    0.011515    0.056849    0.208003    0.400186 ^ clkbuf_1_1__f_clk/X (sky130_fd_sc_hd__clkbuf_16)
                                                         clknet_1_1__leaf_clk (net)
                      0.056850    0.000500    0.400686 ^ _114_/CLK (sky130_fd_sc_hd__dfrtp_1)
                                  0.000000    0.400686   clock reconvergence pessimism
                                 -0.079201    0.321486   library hold time
                                              0.321486   data required time
---------------------------------------------------------------------------------------------
                                              0.321486   data required time
                                             -1.555012   data arrival time
---------------------------------------------------------------------------------------------
                                              1.233527   slack (MET)


Startpoint: _108_ (rising edge-triggered flip-flop clocked by clk)
Endpoint: _109_ (rising edge-triggered flip-flop clocked by clk)
Path Group: clk
Path Type: min

Fanout         Cap        Slew       Delay        Time   Description
---------------------------------------------------------------------------------------------
                                  0.000000    0.000000   clock clk (rise edge)
                                  0.000000    0.000000   clock source latency
     1    0.012040    0.000000    0.000000    0.000000 ^ clk (in)
                                                         clk (net)
                      0.000743    0.000372    0.000372 ^ clkbuf_0_clk/A (sky130_fd_sc_hd__clkbuf_16)
     2    0.019559    0.066748    0.190619    0.190991 ^ clkbuf_0_clk/X (sky130_fd_sc_hd__clkbuf_16)
                                                         clknet_0_clk (net)
                      0.066764    0.001184    0.192175 ^ clkbuf_1_0__f_clk/A (sky130_fd_sc_hd__clkbuf_16)
     5    0.015016    0.061252    0.212817    0.404992 ^ clkbuf_1_0__f_clk/X (sky130_fd_sc_hd__clkbuf_16)
                                                         clknet_1_0__leaf_clk (net)
                      0.061252    0.000876    0.405869 ^ _108_/CLK (sky130_fd_sc_hd__dfrtp_1)
     3    0.012655    0.199379    0.739657    1.145526 ^ _108_/Q (sky130_fd_sc_hd__dfrtp_1)
                                                         net13 (net)
                      0.199383    0.001186    1.146712 ^ _054_/A (sky130_fd_sc_hd__inv_2)
     4    0.012236    0.076446    0.138322    1.285034 v _054_/Y (sky130_fd_sc_hd__inv_2)
                                                         _008_ (net)
                      0.076449    0.000600    1.285633 v _063_/A (sky130_fd_sc_hd__nand2_1)
     1    0.003566    0.070404    0.099670    1.385304 ^ _063_/Y (sky130_fd_sc_hd__nand2_1)
                                                         _016_ (net)
                      0.070404    0.000260    1.385563 ^ _066_/A1 (sky130_fd_sc_hd__a21o_1)
     1    0.002311    0.052338    0.194317    1.579880 ^ _066_/X (sky130_fd_sc_hd__a21o_1)
                                                         _001_ (net)
                      0.052339    0.000158    1.580038 ^ _109_/D (sky130_fd_sc_hd__dfrtp_1)
                                              1.580038   data arrival time

                                  0.000000    0.000000   clock clk (rise edge)
                                  0.000000    0.000000   clock source latency
     1    0.012040    0.000000    0.000000    0.000000 ^ clk (in)
                                                         clk (net)
                      0.000743    0.000372    0.000372 ^ clkbuf_0_clk/A (sky130_fd_sc_hd__clkbuf_16)
     2    0.019559    0.066748    0.190619    0.190991 ^ clkbuf_0_clk/X (sky130_fd_sc_hd__clkbuf_16)
                                                         clknet_0_clk (net)
                      0.066764    0.001184    0.192175 ^ clkbuf_1_0__f_clk/A (sky130_fd_sc_hd__clkbuf_16)
     5    0.015016    0.061252    0.212817    0.404992 ^ clkbuf_1_0__f_clk/X (sky130_fd_sc_hd__clkbuf_16)
                                                         clknet_1_0__leaf_clk (net)
                      0.061252    0.000948    0.405941 ^ _109_/CLK (sky130_fd_sc_hd__dfrtp_1)
                                  0.000000    0.405941   clock reconvergence pessimism
                                 -0.074343    0.331598   library hold time
                                              0.331598   data required time
---------------------------------------------------------------------------------------------
                                              0.331598   data required time
                                             -1.580038   data arrival time
---------------------------------------------------------------------------------------------
                                              1.248441   slack (MET)


Startpoint: _112_ (rising edge-triggered flip-flop clocked by clk)
Endpoint: _112_ (rising edge-triggered flip-flop clocked by clk)
Path Group: clk
Path Type: min

Fanout         Cap        Slew       Delay        Time   Description
---------------------------------------------------------------------------------------------
                                  0.000000    0.000000   clock clk (rise edge)
                                  0.000000    0.000000   clock source latency
     1    0.012040    0.000000    0.000000    0.000000 ^ clk (in)
                                                         clk (net)
                      0.000743    0.000372    0.000372 ^ clkbuf_0_clk/A (sky130_fd_sc_hd__clkbuf_16)
     2    0.019559    0.066748    0.190619    0.190991 ^ clkbuf_0_clk/X (sky130_fd_sc_hd__clkbuf_16)
                                                         clknet_0_clk (net)
                      0.066764    0.001184    0.192175 ^ clkbuf_1_0__f_clk/A (sky130_fd_sc_hd__clkbuf_16)
     5    0.015016    0.061252    0.212817    0.404992 ^ clkbuf_1_0__f_clk/X (sky130_fd_sc_hd__clkbuf_16)
                                                         clknet_1_0__leaf_clk (net)
                      0.061252    0.001133    0.406125 ^ _112_/CLK (sky130_fd_sc_hd__dfrtp_1)
     5    0.015951    0.238024    0.772067    1.178192 ^ _112_/Q (sky130_fd_sc_hd__dfrtp_1)
                                                         net17 (net)
                      0.238024    0.000983    1.179174 ^ _086_/B2 (sky130_fd_sc_hd__a22o_1)
     1    0.002946    0.077511    0.303225    1.482400 ^ _086_/X (sky130_fd_sc_hd__a22o_1)
                                                         _036_ (net)
                      0.077511    0.000208    1.482608 ^ _087_/B1 (sky130_fd_sc_hd__a31o_1)
     1    0.002611    0.068047    0.161079    1.643688 ^ _087_/X (sky130_fd_sc_hd__a31o_1)
                                                         _004_ (net)
                      0.068047    0.000172    1.643859 ^ _112_/D (sky130_fd_sc_hd__dfrtp_1)
                                              1.643859   data arrival time

                                  0.000000    0.000000   clock clk (rise edge)
                                  0.000000    0.000000   clock source latency
     1    0.012040    0.000000    0.000000    0.000000 ^ clk (in)
                                                         clk (net)
                      0.000743    0.000372    0.000372 ^ clkbuf_0_clk/A (sky130_fd_sc_hd__clkbuf_16)
     2    0.019559    0.066748    0.190619    0.190991 ^ clkbuf_0_clk/X (sky130_fd_sc_hd__clkbuf_16)
                                                         clknet_0_clk (net)
                      0.066764    0.001184    0.192175 ^ clkbuf_1_0__f_clk/A (sky130_fd_sc_hd__clkbuf_16)
     5    0.015016    0.061252    0.212817    0.404992 ^ clkbuf_1_0__f_clk/X (sky130_fd_sc_hd__clkbuf_16)
                                                         clknet_1_0__leaf_clk (net)
                      0.061252    0.001133    0.406125 ^ _112_/CLK (sky130_fd_sc_hd__dfrtp_1)
                                  0.000000    0.406125   clock reconvergence pessimism
                                 -0.077930    0.328195   library hold time
                                              0.328195   data required time
---------------------------------------------------------------------------------------------
                                              0.328195   data required time
                                             -1.643859   data arrival time
---------------------------------------------------------------------------------------------
                                              1.315664   slack (MET)


Startpoint: _110_ (rising edge-triggered flip-flop clocked by clk)
Endpoint: _110_ (rising edge-triggered flip-flop clocked by clk)
Path Group: clk
Path Type: min

Fanout         Cap        Slew       Delay        Time   Description
---------------------------------------------------------------------------------------------
                                  0.000000    0.000000   clock clk (rise edge)
                                  0.000000    0.000000   clock source latency
     1    0.012040    0.000000    0.000000    0.000000 ^ clk (in)
                                                         clk (net)
                      0.000743    0.000372    0.000372 ^ clkbuf_0_clk/A (sky130_fd_sc_hd__clkbuf_16)
     2    0.019559    0.066748    0.190619    0.190991 ^ clkbuf_0_clk/X (sky130_fd_sc_hd__clkbuf_16)
                                                         clknet_0_clk (net)
                      0.066764    0.001184    0.192175 ^ clkbuf_1_0__f_clk/A (sky130_fd_sc_hd__clkbuf_16)
     5    0.015016    0.061252    0.212817    0.404992 ^ clkbuf_1_0__f_clk/X (sky130_fd_sc_hd__clkbuf_16)
                                                         clknet_1_0__leaf_clk (net)
                      0.061252    0.001000    0.405992 ^ _110_/CLK (sky130_fd_sc_hd__dfrtp_2)
     5    0.020558    0.187448    0.795269    1.201262 ^ _110_/Q (sky130_fd_sc_hd__dfrtp_2)
                                                         net15 (net)
                      0.187449    0.000939    1.202200 ^ _071_/B2 (sky130_fd_sc_hd__a22o_1)
     1    0.003206    0.080922    0.288381    1.490581 ^ _071_/X (sky130_fd_sc_hd__a22o_1)
                                                         _023_ (net)
                      0.080922    0.000224    1.490805 ^ _072_/B1 (sky130_fd_sc_hd__a31o_1)
     1    0.002388    0.065254    0.159743    1.650548 ^ _072_/X (sky130_fd_sc_hd__a31o_1)
                                                         _002_ (net)
                      0.065254    0.000162    1.650709 ^ _110_/D (sky130_fd_sc_hd__dfrtp_2)
                                              1.650709   data arrival time

                                  0.000000    0.000000   clock clk (rise edge)
                                  0.000000    0.000000   clock source latency
     1    0.012040    0.000000    0.000000    0.000000 ^ clk (in)
                                                         clk (net)
                      0.000743    0.000372    0.000372 ^ clkbuf_0_clk/A (sky130_fd_sc_hd__clkbuf_16)
     2    0.019559    0.066748    0.190619    0.190991 ^ clkbuf_0_clk/X (sky130_fd_sc_hd__clkbuf_16)
                                                         clknet_0_clk (net)
                      0.066764    0.001184    0.192175 ^ clkbuf_1_0__f_clk/A (sky130_fd_sc_hd__clkbuf_16)
     5    0.015016    0.061252    0.212817    0.404992 ^ clkbuf_1_0__f_clk/X (sky130_fd_sc_hd__clkbuf_16)
                                                         clknet_1_0__leaf_clk (net)
                      0.061252    0.001000    0.405992 ^ _110_/CLK (sky130_fd_sc_hd__dfrtp_2)
                                  0.000000    0.405992   clock reconvergence pessimism
                                 -0.077252    0.328740   library hold time
                                              0.328740   data required time
---------------------------------------------------------------------------------------------
                                              0.328740   data required time
                                             -1.650709   data arrival time
---------------------------------------------------------------------------------------------
                                              1.321969   slack (MET)


Startpoint: _113_ (rising edge-triggered flip-flop clocked by clk)
Endpoint: _113_ (rising edge-triggered flip-flop clocked by clk)
Path Group: clk
Path Type: min

Fanout         Cap        Slew       Delay        Time   Description
---------------------------------------------------------------------------------------------
                                  0.000000    0.000000   clock clk (rise edge)
                                  0.000000    0.000000   clock source latency
     1    0.012040    0.000000    0.000000    0.000000 ^ clk (in)
                                                         clk (net)
                      0.000743    0.000372    0.000372 ^ clkbuf_0_clk/A (sky130_fd_sc_hd__clkbuf_16)
     2    0.019559    0.066748    0.190619    0.190991 ^ clkbuf_0_clk/X (sky130_fd_sc_hd__clkbuf_16)
                                                         clknet_0_clk (net)
                      0.066764    0.001193    0.192184 ^ clkbuf_1_1__f_clk/A (sky130_fd_sc_hd__clkbuf_16)
     4    0.011515    0.056849    0.208003    0.400186 ^ clkbuf_1_1__f_clk/X (sky130_fd_sc_hd__clkbuf_16)
                                                         clknet_1_1__leaf_clk (net)
                      0.056850    0.000560    0.400746 ^ _113_/CLK (sky130_fd_sc_hd__dfrtp_1)
     4    0.016888    0.250169    0.778893    1.179638 ^ _113_/Q (sky130_fd_sc_hd__dfrtp_1)
                                                         net18 (net)
                      0.250170    0.001034    1.180672 ^ _092_/B2 (sky130_fd_sc_hd__a22o_1)
     1    0.003299    0.082163    0.312276    1.492948 ^ _092_/X (sky130_fd_sc_hd__a22o_1)
                                                         _041_ (net)
                      0.082163    0.000225    1.493173 ^ _093_/B1 (sky130_fd_sc_hd__a31o_1)
     1    0.002340    0.064670    0.159658    1.652831 ^ _093_/X (sky130_fd_sc_hd__a31o_1)
                                                         _005_ (net)
                      0.064670    0.000159    1.652990 ^ _113_/D (sky130_fd_sc_hd__dfrtp_1)
                                              1.652990   data arrival time

                                  0.000000    0.000000   clock clk (rise edge)
                                  0.000000    0.000000   clock source latency
     1    0.012040    0.000000    0.000000    0.000000 ^ clk (in)
                                                         clk (net)
                      0.000743    0.000372    0.000372 ^ clkbuf_0_clk/A (sky130_fd_sc_hd__clkbuf_16)
     2    0.019559    0.066748    0.190619    0.190991 ^ clkbuf_0_clk/X (sky130_fd_sc_hd__clkbuf_16)
                                                         clknet_0_clk (net)
                      0.066764    0.001193    0.192184 ^ clkbuf_1_1__f_clk/A (sky130_fd_sc_hd__clkbuf_16)
     4    0.011515    0.056849    0.208003    0.400186 ^ clkbuf_1_1__f_clk/X (sky130_fd_sc_hd__clkbuf_16)
                                                         clknet_1_1__leaf_clk (net)
                      0.056850    0.000560    0.400746 ^ _113_/CLK (sky130_fd_sc_hd__dfrtp_1)
                                  0.000000    0.400746   clock reconvergence pessimism
                                 -0.077881    0.322865   library hold time
                                              0.322865   data required time
---------------------------------------------------------------------------------------------
                                              0.322865   data required time
                                             -1.652990   data arrival time
---------------------------------------------------------------------------------------------
                                              1.330125   slack (MET)



